Archive member included to satisfy reference by file (symbol)

c:/program files (x86)/atmel/studio/7.0/toolchain/avr8/avr8-gnu-toolchain/bin/../lib/gcc/avr/5.4.0/../../../../avr/lib/avrxmega6\libm.a(addsf3.o)
                              Source/lib/Tasks/task_sensor.o (__subsf3)
c:/program files (x86)/atmel/studio/7.0/toolchain/avr8/avr8-gnu-toolchain/bin/../lib/gcc/avr/5.4.0/../../../../avr/lib/avrxmega6\libm.a(addsf3x.o)
                              c:/program files (x86)/atmel/studio/7.0/toolchain/avr8/avr8-gnu-toolchain/bin/../lib/gcc/avr/5.4.0/../../../../avr/lib/avrxmega6\libm.a(addsf3.o) (__addsf3x)
c:/program files (x86)/atmel/studio/7.0/toolchain/avr8/avr8-gnu-toolchain/bin/../lib/gcc/avr/5.4.0/../../../../avr/lib/avrxmega6\libm.a(divsf3.o)
                              Source/lib/DeviceDriver/SBG01.o (__divsf3)
c:/program files (x86)/atmel/studio/7.0/toolchain/avr8/avr8-gnu-toolchain/bin/../lib/gcc/avr/5.4.0/../../../../avr/lib/avrxmega6\libm.a(divsf3x.o)
                              c:/program files (x86)/atmel/studio/7.0/toolchain/avr8/avr8-gnu-toolchain/bin/../lib/gcc/avr/5.4.0/../../../../avr/lib/avrxmega6\libm.a(divsf3.o) (__divsf3x)
c:/program files (x86)/atmel/studio/7.0/toolchain/avr8/avr8-gnu-toolchain/bin/../lib/gcc/avr/5.4.0/../../../../avr/lib/avrxmega6\libm.a(fixunssfsi.o)
                              Source/lib/DeviceDriver/MAX31855.o (__fixunssfsi)
c:/program files (x86)/atmel/studio/7.0/toolchain/avr8/avr8-gnu-toolchain/bin/../lib/gcc/avr/5.4.0/../../../../avr/lib/avrxmega6\libm.a(floatsisf.o)
                              Source/lib/DeviceDriver/MAX31855.o (__floatunsisf)
c:/program files (x86)/atmel/studio/7.0/toolchain/avr8/avr8-gnu-toolchain/bin/../lib/gcc/avr/5.4.0/../../../../avr/lib/avrxmega6\libm.a(fp_inf.o)
                              c:/program files (x86)/atmel/studio/7.0/toolchain/avr8/avr8-gnu-toolchain/bin/../lib/gcc/avr/5.4.0/../../../../avr/lib/avrxmega6\libm.a(addsf3x.o) (__fp_inf)
c:/program files (x86)/atmel/studio/7.0/toolchain/avr8/avr8-gnu-toolchain/bin/../lib/gcc/avr/5.4.0/../../../../avr/lib/avrxmega6\libm.a(fp_nan.o)
                              c:/program files (x86)/atmel/studio/7.0/toolchain/avr8/avr8-gnu-toolchain/bin/../lib/gcc/avr/5.4.0/../../../../avr/lib/avrxmega6\libm.a(addsf3x.o) (__fp_nan)
c:/program files (x86)/atmel/studio/7.0/toolchain/avr8/avr8-gnu-toolchain/bin/../lib/gcc/avr/5.4.0/../../../../avr/lib/avrxmega6\libm.a(fp_pscA.o)
                              c:/program files (x86)/atmel/studio/7.0/toolchain/avr8/avr8-gnu-toolchain/bin/../lib/gcc/avr/5.4.0/../../../../avr/lib/avrxmega6\libm.a(addsf3x.o) (__fp_pscA)
c:/program files (x86)/atmel/studio/7.0/toolchain/avr8/avr8-gnu-toolchain/bin/../lib/gcc/avr/5.4.0/../../../../avr/lib/avrxmega6\libm.a(fp_pscB.o)
                              c:/program files (x86)/atmel/studio/7.0/toolchain/avr8/avr8-gnu-toolchain/bin/../lib/gcc/avr/5.4.0/../../../../avr/lib/avrxmega6\libm.a(addsf3x.o) (__fp_pscB)
c:/program files (x86)/atmel/studio/7.0/toolchain/avr8/avr8-gnu-toolchain/bin/../lib/gcc/avr/5.4.0/../../../../avr/lib/avrxmega6\libm.a(fp_round.o)
                              c:/program files (x86)/atmel/studio/7.0/toolchain/avr8/avr8-gnu-toolchain/bin/../lib/gcc/avr/5.4.0/../../../../avr/lib/avrxmega6\libm.a(addsf3.o) (__fp_round)
c:/program files (x86)/atmel/studio/7.0/toolchain/avr8/avr8-gnu-toolchain/bin/../lib/gcc/avr/5.4.0/../../../../avr/lib/avrxmega6\libm.a(fp_split3.o)
                              c:/program files (x86)/atmel/studio/7.0/toolchain/avr8/avr8-gnu-toolchain/bin/../lib/gcc/avr/5.4.0/../../../../avr/lib/avrxmega6\libm.a(addsf3x.o) (__fp_split3)
c:/program files (x86)/atmel/studio/7.0/toolchain/avr8/avr8-gnu-toolchain/bin/../lib/gcc/avr/5.4.0/../../../../avr/lib/avrxmega6\libm.a(fp_zero.o)
                              c:/program files (x86)/atmel/studio/7.0/toolchain/avr8/avr8-gnu-toolchain/bin/../lib/gcc/avr/5.4.0/../../../../avr/lib/avrxmega6\libm.a(addsf3x.o) (__fp_zero)
c:/program files (x86)/atmel/studio/7.0/toolchain/avr8/avr8-gnu-toolchain/bin/../lib/gcc/avr/5.4.0/../../../../avr/lib/avrxmega6\libm.a(mulsf3.o)
                              Source/lib/DeviceDriver/MAX31855.o (__mulsf3)
c:/program files (x86)/atmel/studio/7.0/toolchain/avr8/avr8-gnu-toolchain/bin/../lib/gcc/avr/5.4.0/../../../../avr/lib/avrxmega6\libm.a(mulsf3x.o)
                              c:/program files (x86)/atmel/studio/7.0/toolchain/avr8/avr8-gnu-toolchain/bin/../lib/gcc/avr/5.4.0/../../../../avr/lib/avrxmega6\libm.a(mulsf3.o) (__mulsf3x)
c:/program files (x86)/atmel/studio/7.0/toolchain/avr8/avr8-gnu-toolchain/bin/../lib/gcc/avr/5.4.0/../../../../avr/lib/avrxmega6\libm.a(pow.o)
                              Source/lib/Tasks/task_sensor.o (pow)
c:/program files (x86)/atmel/studio/7.0/toolchain/avr8/avr8-gnu-toolchain/bin/../lib/gcc/avr/5.4.0/../../../../avr/lib/avrxmega6\libm.a(exp.o)
[...]
Memory Configuration

Name             Origin             Length             Attributes
text             0x00000000         0x00100000         xr
data             0x00802000         0x0000ffa0         rw !x
eeprom           0x00810000         0x00010000         rw !x
fuse             0x00820000         0x00000006         rw !x
lock             0x00830000         0x00000400         rw !x
signature        0x00840000         0x00000400         rw !x
user_signatures  0x00850000         0x00000400         rw !x
*default*        0x00000000         0xffffffff

Linker script and memory map

LOAD C:/Program Files (x86)/Atmel/Studio/7.0/Packs/atmel/XMEGAA_DFP/1.1.68/gcc/dev/atxmega256a3bu/avrxmega6/crtatxmega256a3bu.o
LOAD Source/lib/DeviceDriver/DM542T.o
LOAD Source/lib/DeviceDriver/LimitSwitch.o
LOAD Source/lib/DeviceDriver/MAX31855.o
LOAD Source/lib/DeviceDriver/SBG01.o
LOAD Source/lib/freertos/croutine.o
LOAD Source/lib/Motion/MotionControl.o
LOAD Source/lib/Motion/VelocityControl.o
LOAD Source/lib/PeripheralDriver/ADC.o
LOAD Source/lib/PeripheralDriver/EventInterrupt.o
LOAD Source/lib/PeripheralDriver/InterruptTimer.o
LOAD Source/lib/PeripheralDriver/SPI_Master.o
LOAD Source/lib/PeripheralDriver/Timer.o
LOAD Source/lib/Tasks/task_LED.o
LOAD Source/lib/Tasks/task_md.o
LOAD Source/lib/Tasks/task_sensor.o
LOAD Source/lib/Tasks/task_thermocouple.o
LOAD Source/lib/Tasks/task_user.o
LOAD Source/main.o
LOAD Source/lib/freertos/heap_2.o
LOAD Source/lib/freertos/list.o
LOAD Source/lib/freertos/port.o
LOAD Source/lib/freertos/queue.o
LOAD Source/lib/freertos/tasks.o
LOAD Source/lib/frtcpp/base_data_receiver.o
LOAD Source/lib/frtcpp/frt_task.o
LOAD Source/lib/frtcpp/frt_task_stackprt.o
LOAD Source/lib/frtcpp/frt_task_status.o
LOAD Source/lib/frtcpp/frt_text_queue.o
LOAD Source/lib/frtcpp/func_get_run_time_counter.o
LOAD Source/lib/frtcpp/time_stamp_equal.o
LOAD Source/lib/frtcpp/time_stamp_get_us.o
LOAD Source/lib/frtcpp/time_stamp_greater.o
LOAD Source/lib/frtcpp/time_stamp_greater_eq.o
LOAD Source/lib/frtcpp/time_stamp_less.o
LOAD Source/lib/frtcpp/time_stamp_less_eq.o
LOAD Source/lib/frtcpp/time_stamp_lshift.o
LOAD Source/lib/frtcpp/time_stamp_minus.o
LOAD Source/lib/frtcpp/time_stamp_minus_eq.o
LOAD Source/lib/frtcpp/time_stamp_not_equal.o
LOAD Source/lib/frtcpp/time_stamp_plus.o
LOAD Source/lib/frtcpp/time_stamp_plus_eq.o
LOAD Source/lib/frtcpp/time_stamp_tick_res_time.o
LOAD Source/lib/frtcpp/time_stamp_to_float.o
LOAD Source/lib/frtcpp/time_stamp_to_now.o
LOAD Source/lib/frtcpp/time_stamp_to_now_ISR.o
LOAD Source/lib/misc/hex_dump_memory.o
LOAD Source/lib/misc/mechutil.o
LOAD Source/lib/serial/base232.o
LOAD Source/lib/serial/emstream.o
LOAD Source/lib/serial/emstream_bool.o
LOAD Source/lib/serial/emstream_float.o
LOAD Source/lib/serial/emstream_hex_receive.o
LOAD Source/lib/serial/emstream_hex_send.o
LOAD Source/lib/serial/emstream_int16_t.o
LOAD Source/lib/serial/emstream_int32_t.o
LOAD Source/lib/serial/emstream_int8_t.o
LOAD Source/lib/serial/emstream_pointer.o
LOAD Source/lib/serial/emstream_uint16_t.o
LOAD Source/lib/serial/emstream_uint32_t.o
LOAD Source/lib/serial/emstream_uint64_t.o
LOAD Source/lib/serial/emstream_uint8_t.o
LOAD Source/lib/serial/rs232int.o
START GROUP
LOAD c:/program files (x86)/atmel/studio/7.0/toolchain/avr8/avr8-gnu-toolchain/bin/../lib/gcc/avr/5.4.0/../../../../avr/lib/avrxmega6\libm.a
END GROUP
LOAD c:/program files (x86)/atmel/studio/7.0/toolchain/avr8/avr8-gnu-toolchain/bin/../lib/gcc/avr/5.4.0/avrxmega6\libgcc.a
LOAD c:/program files (x86)/atmel/studio/7.0/toolchain/avr8/avr8-gnu-toolchain/bin/../lib/gcc/avr/5.4.0/../../../../avr/lib/avrxmega6\libm.a
START GROUP
LOAD c:/program files (x86)/atmel/studio/7.0/toolchain/avr8/avr8-gnu-toolchain/bin/../lib/gcc/avr/5.4.0/avrxmega6\libgcc.a
LOAD c:/program files (x86)/atmel/studio/7.0/toolchain/avr8/avr8-gnu-toolchain/bin/../lib/gcc/avr/5.4.0/../../../../avr/lib/avrxmega6\libm.a
LOAD c:/program files (x86)/atmel/studio/7.0/toolchain/avr8/avr8-gnu-toolchain/bin/../lib/gcc/avr/5.4.0/../../../../avr/lib/avrxmega6\libc.a
LOAD C:/Program Files (x86)/Atmel/Studio/7.0/Packs/atmel/XMEGAA_DFP/1.1.68/gcc/dev/atxmega256a3bu/avrxmega6\libatxmega256a3bu.a
END GROUP
                0x00100000                __TEXT_REGION_LENGTH__ = DEFINED (__TEXT_REGION_LENGTH__)?__TEXT_REGION_LENGTH__:0x100000
                0x0000ffa0                __DATA_REGION_LENGTH__ = DEFINED (__DATA_REGION_LENGTH__)?__DATA_REGION_LENGTH__:0xffa0
                0x00010000                __EEPROM_REGION_LENGTH__ = DEFINED (__EEPROM_REGION_LENGTH__)?__EEPROM_REGION_LENGTH__:0x10000
                [0x00000006]                __FUSE_REGION_LENGTH__ = DEFINED (__FUSE_REGION_LENGTH__)?__FUSE_REGION_LENGTH__:0x400
                0x00000400                __LOCK_REGION_LENGTH__ = DEFINED (__LOCK_REGION_LENGTH__)?__LOCK_REGION_LENGTH__:0x400
                0x00000400                __SIGNATURE_REGION_LENGTH__ = DEFINED (__SIGNATURE_REGION_LENGTH__)?__SIGNATURE_REGION_LENGTH__:0x400
                0x00000400                __USER_SIGNATURE_REGION_LENGTH__ = DEFINED (__USER_SIGNATURE_REGION_LENGTH__)?__USER_SIGNATURE_REGION_LENGTH__:0x400

.hash
 *(.hash)

.dynsym
 *(.dynsym)

.dynstr
 *(.dynstr)

.gnu.version
 *(.gnu.version)

.gnu.version_d
 *(.gnu.version_d)

.gnu.version_r
 *(.gnu.version_r)

.rel.init
 *(.rel.init)

.rela.init
 *(.rela.init)

.rel.text
 *(.rel.text)
 *(.rel.text.*)
 *(.rel.gnu.linkonce.t*)

.rela.text
 *(.rela.text)
 *(.rela.text.*)
 *(.rela.gnu.linkonce.t*)

.rel.fini
 *(.rel.fini)

.rela.fini
 *(.rela.fini)

.rel.rodata
 *(.rel.rodata)
 *(.rel.rodata.*)
 *(.rel.gnu.linkonce.r*)

.rela.rodata
 *(.rela.rodata)
 *(.rela.rodata.*)
 *(.rela.gnu.linkonce.r*)

.rel.data
 *(.rel.data)
 *(.rel.data.*)
 *(.rel.gnu.linkonce.d*)

.rela.data
 *(.rela.data)
 *(.rela.data.*)
 *(.rela.gnu.linkonce.d*)

.rel.ctors
 *(.rel.ctors)

.rela.ctors
 *(.rela.ctors)

.rel.dtors
 *(.rel.dtors)

.rela.dtors
 *(.rela.dtors)

.rel.got
 *(.rel.got)

.rela.got
 *(.rela.got)

.rel.bss
 *(.rel.bss)

.rela.bss
 *(.rela.bss)

.rel.plt
 *(.rel.plt)

.rela.plt
 *(.rela.plt)

.text           0x00000000     0x6c1c
 *(.vectors)
 .vectors       0x00000000      0x1fc C:/Program Files (x86)/Atmel/Studio/7.0/Packs/atmel/XMEGAA_DFP/1.1.68/gcc/dev/atxmega256a3bu/avrxmega6/crtatxmega256a3bu.o
                0x00000000                __vector_default
                0x00000000                __vectors
 *(.vectors)
 *(.progmem.gcc*)
 .progmem.gcc_sw_table._ZN7task_md3runEv
                0x000001fc       0x12 Source/lib/Tasks/task_md.o
 .progmem.gcc_sw_table._ZN9task_user3runEv
                0x0000020e      0x18e Source/lib/Tasks/task_user.o
 .progmem.gcc_sw_table._ZN8emstreamlsE15ser_manipulator
                0x0000039c       0x16 Source/lib/serial/emstream.o
                0x000003b2                . = ALIGN (0x2)
                0x000003b2                __trampolines_start = .
 *(.trampolines)
 .trampolines   0x000003b2      0x1e8 linker stubs
 *(.trampolines*)
                0x0000059a                __trampolines_end = .
 *libprintf_flt.a:*(.progmem.data)
 *libc.a:*(.progmem.data)
 .progmem.data  0x0000059a       0xfa c:/program files (x86)/atmel/studio/7.0/toolchain/avr8/avr8-gnu-toolchain/bin/../lib/gcc/avr/5.4.0/../../../../avr/lib/avrxmega6\libc.a(ftoa_engine.o)
 *(.progmem*)
 .progmem.something
                0x00000694       0x3e Source/lib/Tasks/task_md.o
 .progmem.something
                0x000006d2       0x46 Source/lib/Tasks/task_sensor.o
 .progmem.something
                0x00000718      0x6fe Source/lib/Tasks/task_user.o
 .progmem.something
                0x00000e16       0x4b Source/lib/frtcpp/frt_task.o
 .progmem.something
                0x00000e61       0x72 Source/lib/frtcpp/frt_task_status.o
                0x00000ed4                . = ALIGN (0x2)
 *fill*         0x00000ed3        0x1 
 *(.jumptables)
 *(.jumptables*)
 *(.lowtext)
 .lowtext       0x00000ed4        0x4 Source/lib/frtcpp/frt_task.o
                0x00000ed4                _call_static_run_method
 *(.lowtext*)
                0x00000ed8                __ctors_start = .
 *(.ctors)
 .ctors         0x00000ed8        0x2 Source/main.o
                0x00000eda                __ctors_end = .
                0x00000eda                __dtors_start = .
 *(.dtors)
                0x00000eda                __dtors_end = .
 SORT(*)(.ctors)
 SORT(*)(.dtors)
 *(.init0)
 .init0         0x00000eda        0x0 C:/Program Files (x86)/Atmel/Studio/7.0/Packs/atmel/XMEGAA_DFP/1.1.68/gcc/dev/atxmega256a3bu/avrxmega6/crtatxmega256a3bu.o
                0x00000eda                __init
 *(.init0)
 *(.init1)
 *(.init1)
 *(.init2)
 .init2         0x00000eda       0x10 C:/Program Files (x86)/Atmel/Studio/7.0/Packs/atmel/XMEGAA_DFP/1.1.68/gcc/dev/atxmega256a3bu/avrxmega6/crtatxmega256a3bu.o
 *(.init2)
 *(.init3)
 *(.init3)
 *(.init4)
 .init4         0x00000eea       0x1a c:/program files (x86)/atmel/studio/7.0/toolchain/avr8/avr8-gnu-toolchain/bin/../lib/gcc/avr/5.4.0/avrxmega6\libgcc.a(_copy_data.o)
                0x00000eea                __do_copy_data
 .init4         0x00000f04       0x10 c:/program files (x86)/atmel/studio/7.0/toolchain/avr8/avr8-gnu-toolchain/bin/../lib/gcc/avr/5.4.0/avrxmega6\libgcc.a(_clear_bss.o)
                0x00000f04                __do_clear_bss
 *(.init4)
 *(.init5)
 *(.init5)
 *(.init6)
 .init6         0x00000f14       0x20 c:/program files (x86)/atmel/studio/7.0/toolchain/avr8/avr8-gnu-toolchain/bin/../lib/gcc/avr/5.4.0/avrxmega6\libgcc.a(_ctors.o)
                0x00000f14                __do_global_ctors
 *(.init6)
 *(.init7)
 *(.init7)
 *(.init8)
 *(.init8)
 *(.init9)
 .init9         0x00000f34        0x8 C:/Program Files (x86)/Atmel/Studio/7.0/Packs/atmel/XMEGAA_DFP/1.1.68/gcc/dev/atxmega256a3bu/avrxmega6/crtatxmega256a3bu.o
 *(.init9)
 *(.text)
 .text          0x00000f3c        0x4 C:/Program Files (x86)/Atmel/Studio/7.0/Packs/atmel/XMEGAA_DFP/1.1.68/gcc/dev/atxmega256a3bu/avrxmega6/crtatxmega256a3bu.o
                0x00000f3c                __vector_38
                0x00000f3c                __vector_22
                0x00000f3c                __vector_63
                0x00000f3c                __vector_1
                0x00000f3c                __vector_32
                0x00000f3c                __vector_75
                0x00000f3c                __vector_71
                0x00000f3c                __vector_34
                0x00000f3c                __vector_62
                0x00000f3c                __vector_102
                0x00000f3c                __vector_24
                0x00000f3c                __vector_12
                0x00000f3c                __vector_69
                0x00000f3c                __vector_81
                0x00000f3c                __vector_90
                0x00000f3c                __vector_46
                0x00000f3c                __bad_interrupt
                0x00000f3c                __vector_122
                0x00000f3c                __vector_72
                0x00000f3c                __vector_114
                0x00000f3c                __vector_6
                0x00000f3c                __vector_110
                0x00000f3c                __vector_31
                0x00000f3c                __vector_92
                0x00000f3c                __vector_35
                0x00000f3c                __vector_78
                0x00000f3c                __vector_74
                0x00000f3c                __vector_117
                0x00000f3c                __vector_39
                0x00000f3c                __vector_107
                0x00000f3c                __vector_3
                0x00000f3c                __vector_98
                0x00000f3c                __vector_23
                0x00000f3c                __vector_68
                0x00000f3c                __vector_30
                0x00000f3c                __vector_73
                0x00000f3c                __vector_45
                0x00000f3c                __vector_93
                0x00000f3c                __vector_61
                0x00000f3c                __vector_11
                0x00000f3c                __vector_54
                0x00000f3c                __vector_99
                0x00000f3c                __vector_13
                0x00000f3c                __vector_17
                0x00000f3c                __vector_19
                0x00000f3c                __vector_56
                0x00000f3c                __vector_7
                0x00000f3c                __vector_125
                0x00000f3c                __vector_49
                0x00000f3c                __vector_123
                0x00000f3c                __vector_41
                0x00000f3c                __vector_86
                0x00000f3c                __vector_100
                0x00000f3c                __vector_101
                0x00000f3c                __vector_64
                0x00000f3c                __vector_109
                0x00000f3c                __vector_27
                0x00000f3c                __vector_5
                0x00000f3c                __vector_113
                0x00000f3c                __vector_33
                0x00000f3c                __vector_76
                0x00000f3c                __vector_115
                0x00000f3c                __vector_47
                0x00000f3c                __vector_52
                0x00000f3c                __vector_37
                0x00000f3c                __vector_95
                0x00000f3c                __vector_103
                0x00000f3c                __vector_96
                0x00000f3c                __vector_89
                0x00000f3c                __vector_108
                0x00000f3c                __vector_4
                0x00000f3c                __vector_106
                0x00000f3c                __vector_118
                0x00000f3c                __vector_51
                0x00000f3c                __vector_9
                0x00000f3c                __vector_2
                0x00000f3c                __vector_21
                0x00000f3c                __vector_15
                0x00000f3c                __vector_36
                0x00000f3c                __vector_79
                0x00000f3c                __vector_70
                0x00000f3c                __vector_29
                0x00000f3c                __vector_60
                0x00000f3c                __vector_121
                0x00000f3c                __vector_40
                0x00000f3c                __vector_94
                0x00000f3c                __vector_126
                0x00000f3c                __vector_8
                0x00000f3c                __vector_26
                0x00000f3c                __vector_48
                0x00000f3c                __vector_124
                0x00000f3c                __vector_116
                0x00000f3c                __vector_112
                0x00000f3c                __vector_111
                0x00000f3c                __vector_80
                0x00000f3c                __vector_84
                0x00000f3c                __vector_57
                0x00000f3c                __vector_53
                0x00000f3c                __vector_10
                0x00000f3c                __vector_50
                0x00000f3c                __vector_59
                0x00000f3c                __vector_18
                0x00000f3c                __vector_97
                0x00000f3c                __vector_20
                0x00000f3c                __vector_42
                0x00000f3c                __vector_87
                0x00000f3c                __vector_65
                0x00000f3c                __vector_120
                0x00000f40                . = ALIGN (0x2)
 *(.text.*)
 .text._ZN6DM542T27min_bound_interrupt_handlerEv
                0x00000f40       0x32 Source/lib/DeviceDriver/DM542T.o
                0x00000f40                _ZN6DM542T27min_bound_interrupt_handlerEv
 .text._ZN6DM542T27max_bound_interrupt_handlerEv
                0x00000f72       0x2a Source/lib/DeviceDriver/DM542T.o
                0x00000f72                _ZN6DM542T27max_bound_interrupt_handlerEv
 .text._ZN12DeviceDriver11LimitSwitch10get_statusEv
                0x00000f9c       0x1c Source/lib/DeviceDriver/LimitSwitch.o
                0x00000f9c                _ZN12DeviceDriver11LimitSwitch10get_statusEv
 .text._ZN5SBG018reg_readEv
                0x00000fb8       0x16 Source/lib/DeviceDriver/SBG01.o
                0x00000fb8                _ZN5SBG018reg_readEv
 .text._ZN5SBG0111get_voltageEv
                0x00000fce       0x78 Source/lib/DeviceDriver/SBG01.o
                0x00000fce                _ZN5SBG0111get_voltageEv
 .text._ZN5SBG0114get_voltage_mvEv
                0x00001046       0x44 Source/lib/DeviceDriver/SBG01.o
                0x00001046                _ZN5SBG0114get_voltage_mvEv
 .text._ZN6Motion13MotionControlC2Ej
                0x0000108a       0x50 Source/lib/Motion/MotionControl.o
                0x0000108a                _ZN6Motion13MotionControlC2Ej
                0x0000108a                _ZN6Motion13MotionControlC1Ej
 .text._ZN6Motion13MotionControl13inchesToStepsEm
                0x000010da       0x14 Source/lib/Motion/MotionControl.o
                0x000010da                _ZN6Motion13MotionControl13inchesToStepsEm
 .text._ZN6Motion13MotionControl8getStepsEv
                0x000010ee        0xc Source/lib/Motion/MotionControl.o
                0x000010ee                _ZN6Motion13MotionControl8getStepsEv
 .text._ZN6Motion15VelocityControlC2Ej
                0x000010fa       0x4a Source/lib/Motion/VelocityControl.o
                0x000010fa                _ZN6Motion15VelocityControlC2Ej
                0x000010fa                _ZN6Motion15VelocityControlC1Ej
 .text._ZN6Motion15VelocityControl7setRampEP14InterruptTimermm
                0x00001144       0x34 Source/lib/Motion/VelocityControl.o
                0x00001144                _ZN6Motion15VelocityControl7setRampEP14InterruptTimermm
 .text._ZN6Motion15VelocityControl11rampHandlerEv
                0x00001178       0x84 Source/lib/Motion/VelocityControl.o
                0x00001178                _ZN6Motion15VelocityControl11rampHandlerEv
 .text._ZN3ADC10start_convEv
                0x000011fc       0x12 Source/lib/PeripheralDriver/ADC.o
                0x000011fc                _ZN3ADC10start_convEv
 .text._ZN3ADC4readEPij
                0x0000120e       0x78 Source/lib/PeripheralDriver/ADC.o
                0x0000120e                _ZN3ADC4readEPij
 .text._ZN3ADC15get_voltage_refEv
                0x00001286        0xc Source/lib/PeripheralDriver/ADC.o
                0x00001286                _ZN3ADC15get_voltage_refEv
 .text._ZN7task_mdC2EPKchjP8emstreamP6DM542TPN12DeviceDriver11LimitSwitchES8_P9frt_queueImESB_P11shared_dataIhEPSC_IbEj
                0x00001292       0xd4 Source/lib/Tasks/task_md.o
                0x00001292                _ZN7task_mdC1EPKchjP8emstreamP6DM542TPN12DeviceDriver11LimitSwitchES8_P9frt_queueImESB_P11shared_dataIhEPSC_IbEj
                0x00001292                _ZN7task_mdC2EPKchjP8emstreamP6DM542TPN12DeviceDriver11LimitSwitchES8_P9frt_queueImESB_P11shared_dataIhEPSC_IbEj
 .text._ZN7task_md7motorOnEv
                0x00001366       0xcc Source/lib/Tasks/task_md.o
                0x00001366                _ZN7task_md7motorOnEv
 .text._ZN7task_md3runEv
                0x00001432      0x76c Source/lib/Tasks/task_md.o
                0x00001432                _ZN7task_md3runEv
 .text._ZN11task_sensor3runEv
                0x00001b9e      0x630 Source/lib/Tasks/task_sensor.o
                0x00001b9e                _ZN11task_sensor3runEv
 .text._ZN11task_sensorC2EPKchjP8emstreamP5SBG01
                0x000021ce       0x3a Source/lib/Tasks/task_sensor.o
                0x000021ce                _ZN11task_sensorC1EPKchjP8emstreamP5SBG01
                0x000021ce                _ZN11task_sensorC2EPKchjP8emstreamP5SBG01
 .text._ZN9task_userC2EPKchjP8emstream
                0x00002208       0x3a Source/lib/Tasks/task_user.o
                0x00002208                _ZN9task_userC1EPKchjP8emstream
                0x00002208                _ZN9task_userC2EPKchjP8emstream
 .text._ZN9task_user10str_to_intEv
                0x00002242       0xaa Source/lib/Tasks/task_user.o
                0x00002242                _ZN9task_user10str_to_intEv
 .text._ZN9task_user12reset_deviceEv
                0x000022ec       0x38 Source/lib/Tasks/task_user.o
                0x000022ec                _ZN9task_user12reset_deviceEv
 .text._ZN9task_user3runEv
                0x00002324      0xc6e Source/lib/Tasks/task_user.o
                0x00002324                _ZN9task_user3runEv
 .text._ZN10FakeDM542T7motorOnEv
                0x00002f92        0xc Source/main.o
                0x00002f92                _ZN10FakeDM542T7motorOnEv
 .text._ZN10FakeDM542T7motorCWEv
                0x00002f9e        0xc Source/main.o
                0x00002f9e                _ZN10FakeDM542T7motorCWEv
 .text._ZN10FakeDM542T8motorCCWEv
                0x00002faa        0xa Source/main.o
                0x00002faa                _ZN10FakeDM542T8motorCCWEv
 .text._ZN10FakeDM542T8motorOffEv
                0x00002fb4        0xa Source/main.o
                0x00002fb4                _ZN10FakeDM542T8motorOffEv
 .text._ZN10FakeDM542T9disableCWEv
                0x00002fbe        0x2 Source/main.o
                0x00002fbe                _ZN10FakeDM542T9disableCWEv
 .text._ZN10FakeDM542T10disableCCWEv
                0x00002fc0        0x2 Source/main.o
                0x00002fc0                _ZN10FakeDM542T10disableCCWEv
 .text._ZN10FakeDM542T11free_motionEv
                0x00002fc2        0x2 Source/main.o
                0x00002fc2                _ZN10FakeDM542T11free_motionEv
 .text._ZN10FakeDM542T13get_directionEv
                0x00002fc4        0xa Source/main.o
                0x00002fc4                _ZN10FakeDM542T13get_directionEv
 .text._ZN10FakeDM542T9take_stepEv
                0x00002fce        0x2 Source/main.o
                0x00002fce                _ZN10FakeDM542T9take_stepEv
 .text._ZN10FakeDM542T14set_signal_lowEv
                0x00002fd0        0x2 Source/main.o
                0x00002fd0                _ZN10FakeDM542T14set_signal_lowEv
 .text._ZN10FakeDM542T10get_statusEv
                0x00002fd2        0xa Source/main.o
                0x00002fd2                _ZN10FakeDM542T10get_statusEv
 .text._ZN9frt_queueImE16ISR_num_items_inEv
                0x00002fdc        0xe Source/main.o
                0x00002fdc                _ZN9frt_queueImE16ISR_num_items_inEv
 .text._ZN9frt_queueImE13ISR_not_emptyEv
                0x00002fea       0x16 Source/main.o
                0x00002fea                _ZN9frt_queueImE13ISR_not_emptyEv
 .text._ZN9frt_queueImE12ISR_is_emptyEv
                0x00003000       0x14 Source/main.o
                0x00003000                _ZN9frt_queueImE12ISR_is_emptyEv
 .text._ZN9frt_queueImE12num_items_inEv
                0x00003014        0xe Source/main.o
                0x00003014                _ZN9frt_queueImE12num_items_inEv
 .text._ZN9frt_queueImE9not_emptyEv
                0x00003022       0x16 Source/main.o
                0x00003022                _ZN9frt_queueImE9not_emptyEv
 .text._ZN9frt_queueImE8is_emptyEv
                0x00003038       0x14 Source/main.o
                0x00003038                _ZN9frt_queueImE8is_emptyEv
 .text._ZN9frt_queueImE10get_a_copyERm
                0x0000304c       0x18 Source/main.o
                0x0000304c                _ZN9frt_queueImE10get_a_copyERm
 .text._ZN9frt_queueImE10get_a_copyEv
                0x00003064       0x3c Source/main.o
                0x00003064                _ZN9frt_queueImE10get_a_copyEv
 .text._ZN9frt_queueImE3getEPm
                0x000030a0       0x18 Source/main.o
                0x000030a0                _ZN9frt_queueImE3getEPm
 .text._ZN9frt_queueImE3getEv
                0x000030b8       0x3c Source/main.o
                0x000030b8                _ZN9frt_queueImE3getEv
 .text._ZN9frt_queueImE7ISR_getEPm
                0x000030f4       0x22 Source/main.o
                0x000030f4                _ZN9frt_queueImE7ISR_getEPm
 .text._ZN9frt_queueImE7ISR_getEv
                0x00003116       0x38 Source/main.o
                0x00003116                _ZN9frt_queueImE7ISR_getEv
 .text._ZN9frt_queueImE11ISR_butt_inERKm
                0x0000314e       0x30 Source/main.o
                0x0000314e                _ZN9frt_queueImE11ISR_butt_inERKm
 .text._ZN9frt_queueImE7ISR_putERKm
                0x0000317e       0x30 Source/main.o
                0x0000317e                _ZN9frt_queueImE7ISR_putERKm
 .text._ZN9frt_queueImE7butt_inERKm
                0x000031ae       0x24 Source/main.o
                0x000031ae                _ZN9frt_queueImE7butt_inERKm
 .text._ZN9frt_queueImE3putERKm
                0x000031d2       0x24 Source/main.o
                0x000031d2                _ZN9frt_queueImE3putERKm
 .text._ZN10FakeDM542TC2Ej
                0x000031f6       0x84 Source/main.o
                0x000031f6                _ZN10FakeDM542TC1Ej
                0x000031f6                _ZN10FakeDM542TC2Ej
 .text._Z8CCPWritePVhh
                0x0000327a       0x2a Source/main.o
                0x0000327a                _Z8CCPWritePVhh
 .text.main     0x000032a4      0x376 Source/main.o
                0x000032a4                main
 .text.__vector_66
                0x0000361a       0x7e Source/main.o
                0x0000361a                __vector_66
 .text.__vector_67
                0x00003698       0x80 Source/main.o
                0x00003698                __vector_67
 .text.__vector_43
                0x00003718       0x7e Source/main.o
                0x00003718                __vector_43
 .text.__vector_44
                0x00003796       0x80 Source/main.o
                0x00003796                __vector_44
 .text.__vector_104
                0x00003816       0x7e Source/main.o
                0x00003816                __vector_104
 .text.__vector_105
                0x00003894       0x80 Source/main.o
                0x00003894                __vector_105
 .text.__vector_85
                0x00003914       0x62 Source/main.o
                0x00003914                __vector_85
 .text.__vector_83
                0x00003976       0x62 Source/main.o
                0x00003976                __vector_83
 .text.__vector_82
                0x000039d8       0x62 Source/main.o
                0x000039d8                __vector_82
 .text.__vector_77
                0x00003a3a       0x62 Source/main.o
                0x00003a3a                __vector_77
 .text.__vector_16
                0x00003a9c       0x62 Source/main.o
                0x00003a9c                __vector_16
 .text.__vector_14
                0x00003afe       0x62 Source/main.o
                0x00003afe                __vector_14
 .text._ZN9frt_queueImEC2EhP8emstreamm
                0x00003b60       0x4a Source/main.o
                0x00003b60                _ZN9frt_queueImEC2EhP8emstreamm
                0x00003b60                _ZN9frt_queueImEC1EhP8emstreamm
 .text._GLOBAL__sub_I_counter
                0x00003baa       0xa6 Source/main.o
 .text.pvPortMalloc
                0x00003c50      0x134 Source/lib/freertos/heap_2.o
                0x00003c50                pvPortMalloc
 .text.vPortFree
                0x00003d84       0x66 Source/lib/freertos/heap_2.o
                0x00003d84                vPortFree
 .text.vListInitialise
                0x00003dea       0x22 Source/lib/freertos/list.o
                0x00003dea                vListInitialise
 .text.vListInitialiseItem
                0x00003e0c        0x8 Source/lib/freertos/list.o
                0x00003e0c                vListInitialiseItem
 .text.vListInsertEnd
                0x00003e14       0x4e Source/lib/freertos/list.o
                0x00003e14                vListInsertEnd
 .text.vListInsert
                0x00003e62       0x96 Source/lib/freertos/list.o
                0x00003e62                vListInsert
 .text.vListRemove
                0x00003ef8       0x4c Source/lib/freertos/list.o
                0x00003ef8                vListRemove
 .text.pxPortInitialiseStack
                0x00003f44       0xec Source/lib/freertos/port.o
                0x00003f44                pxPortInitialiseStack
 .text.xPortStartScheduler
                0x00004030       0x80 Source/lib/freertos/port.o
                0x00004030                xPortStartScheduler
 .text.vPortYield
                0x000040b0       0xc2 Source/lib/freertos/port.o
                0x000040b0                vPortYield
 .text.vPortYieldFromTick
                0x00004172       0xc6 Source/lib/freertos/port.o
                0x00004172                vPortYieldFromTick
 .text.__vector_55
                0x00004238        0x6 Source/lib/freertos/port.o
                0x00004238                __vector_55
 .text.prvCopyDataToQueue
                0x0000423e       0x98 Source/lib/freertos/queue.o
 .text.prvCopyDataFromQueue
                0x000042d6       0x34 Source/lib/freertos/queue.o
 .text.prvUnlockQueue
                0x0000430a       0x94 Source/lib/freertos/queue.o
 .text.xQueueGenericReset
                0x0000439e       0x78 Source/lib/freertos/queue.o
                0x0000439e                xQueueGenericReset
 .text.xQueueGenericCreate
                0x00004416       0x5c Source/lib/freertos/queue.o
                0x00004416                xQueueGenericCreate
 .text.xQueueGenericSend
                0x00004472      0x136 Source/lib/freertos/queue.o
                0x00004472                xQueueGenericSend
 .text.xQueueGenericSendFromISR
                0x000045a8       0x58 Source/lib/freertos/queue.o
                0x000045a8                xQueueGenericSendFromISR
 .text.xQueueGenericReceive
                0x00004600      0x188 Source/lib/freertos/queue.o
                0x00004600                xQueueGenericReceive
 .text.xQueueReceiveFromISR
                0x00004788       0x5a Source/lib/freertos/queue.o
                0x00004788                xQueueReceiveFromISR
 .text.uxQueueMessagesWaiting
                0x000047e2       0x10 Source/lib/freertos/queue.o
                0x000047e2                uxQueueMessagesWaiting
 .text.uxQueueMessagesWaitingFromISR
                0x000047f2        0x6 Source/lib/freertos/queue.o
                0x000047f2                uxQueueMessagesWaitingFromISR
 .text.prvIdleTask
                0x000047f8       0x10 Source/lib/freertos/tasks.o
 .text.prvAddCurrentTaskToDelayedList
                0x00004808       0x9c Source/lib/freertos/tasks.o
 .text.xTaskGenericCreate
                0x000048a4      0x204 Source/lib/freertos/tasks.o
                0x000048a4                xTaskGenericCreate
 .text.uxTaskPriorityGet
                0x00004aa8       0x1c Source/lib/freertos/tasks.o
                0x00004aa8                uxTaskPriorityGet
 .text.vTaskStartScheduler
                0x00004ac4       0x66 Source/lib/freertos/tasks.o
                0x00004ac4                vTaskStartScheduler
 .text.vTaskSuspendAll
                0x00004b2a        0xc Source/lib/freertos/tasks.o
                0x00004b2a                vTaskSuspendAll
 .text.xTaskGetTickCount
                0x00004b36       0x1c Source/lib/freertos/tasks.o
                0x00004b36                xTaskGetTickCount
 .text.pcTaskGetTaskName
                0x00004b52       0x10 Source/lib/freertos/tasks.o
                0x00004b52                pcTaskGetTaskName
 .text.vTaskIncrementTick
                0x00004b62      0x202 Source/lib/freertos/tasks.o
                0x00004b62                vTaskIncrementTick
 .text.xTaskResumeAll
                0x00004d64      0x104 Source/lib/freertos/tasks.o
                0x00004d64                xTaskResumeAll
 .text.vTaskDelayUntil
                0x00004e68       0xda Source/lib/freertos/tasks.o
                0x00004e68                vTaskDelayUntil
 .text.vTaskDelay
                0x00004f42       0x5c Source/lib/freertos/tasks.o
                0x00004f42                vTaskDelay
 .text.vTaskSwitchContext
                0x00004f9e       0xba Source/lib/freertos/tasks.o
                0x00004f9e                vTaskSwitchContext
 .text.vTaskPlaceOnEventList
                0x00005058       0x54 Source/lib/freertos/tasks.o
                0x00005058                vTaskPlaceOnEventList
 .text.xTaskRemoveFromEventList
                0x000050ac       0x7e Source/lib/freertos/tasks.o
                0x000050ac                xTaskRemoveFromEventList
 .text.vTaskSetTimeOutState
                0x0000512a       0x22 Source/lib/freertos/tasks.o
                0x0000512a                vTaskSetTimeOutState
 .text.xTaskCheckForTimeOut
                0x0000514c       0xda Source/lib/freertos/tasks.o
                0x0000514c                xTaskCheckForTimeOut
 .text.vTaskMissedYield
                0x00005226        0x8 Source/lib/freertos/tasks.o
                0x00005226                vTaskMissedYield
 .text.uxTaskGetStackHighWaterMark
                0x0000522e       0x32 Source/lib/freertos/tasks.o
                0x0000522e                uxTaskGetStackHighWaterMark
 .text.xTaskGetCurrentTaskHandle
                0x00005260        0xa Source/lib/freertos/tasks.o
                0x00005260                xTaskGetCurrentTaskHandle
 .text.vTaskPriorityInherit
                0x0000526a       0xaa Source/lib/freertos/tasks.o
                0x0000526a                vTaskPriorityInherit
 .text.vTaskPriorityDisinherit
                0x00005314       0x68 Source/lib/freertos/tasks.o
                0x00005314                vTaskPriorityDisinherit
 .text._ZN8frt_task22_call_users_run_methodEPS_
                0x0000537c       0x1e Source/lib/frtcpp/frt_task.o
                0x0000537c                _ZN8frt_task22_call_users_run_methodEPS_
 .text._ZN8frt_task13transition_toEh
                0x0000539a        0x8 Source/lib/frtcpp/frt_task.o
                0x0000539a                _ZN8frt_task13transition_toEh
 .text._ZN8frt_taskC2EPKchjP8emstream
                0x000053a2      0x18e Source/lib/frtcpp/frt_task.o
                0x000053a2                _ZN8frt_taskC1EPKchjP8emstream
                0x000053a2                _ZN8frt_taskC2EPKchjP8emstream
 .text._ZN8frt_task12print_statusER8emstream
                0x00005530      0x120 Source/lib/frtcpp/frt_task_status.o
                0x00005530                _ZN8frt_task12print_statusER8emstream
 .text._ZN14frt_text_queue7getcharEv
                0x00005650       0x3c Source/lib/frtcpp/frt_text_queue.o
                0x00005650                _ZN14frt_text_queue7getcharEv
 .text._ZN14frt_text_queue14check_for_charEv
                0x0000568c       0x16 Source/lib/frtcpp/frt_text_queue.o
                0x0000568c                _ZN14frt_text_queue14check_for_charEv
 .text._ZN14frt_text_queue7putcharEc
                0x000056a2       0x3c Source/lib/frtcpp/frt_text_queue.o
                0x000056a2                _ZN14frt_text_queue7putcharEc
 .text._ZN14frt_text_queueC2EjP8emstreamm
                0x000056de       0x5e Source/lib/frtcpp/frt_text_queue.o
                0x000056de                _ZN14frt_text_queueC2EjP8emstreamm
                0x000056de                _ZN14frt_text_queueC1EjP8emstreamm
 .text._Znwj    0x0000573c        0x6 Source/lib/misc/mechutil.o
                0x0000573c                _Znwj
 .text._Znaj    0x00005742        0x6 Source/lib/misc/mechutil.o
                0x00005742                _Znaj
 .text.__cxa_pure_virtual
                0x00005748        0x2 Source/lib/misc/mechutil.o
                0x00005748                __cxa_pure_virtual
 .text._ZN7base232C2EjP12USART_struct
                0x0000574a      0x146 Source/lib/serial/base232.o
                0x0000574a                _ZN7base232C1EjP12USART_struct
                0x0000574a                _ZN7base232C2EjP12USART_struct
 .text._ZN8emstream13ready_to_sendEv
                0x00005890        0x4 Source/lib/serial/emstream.o
                0x00005890                _ZN8emstream13ready_to_sendEv
 .text._ZN8emstream7getcharEv
                0x00005894        0x6 Source/lib/serial/emstream.o
                0x00005894                _ZN8emstream7getcharEv
 .text._ZN8emstream14check_for_charEv
                0x0000589a        0x4 Source/lib/serial/emstream.o
                0x0000589a                _ZN8emstream14check_for_charEv
 .text._ZN8emstream12transmit_nowEv
                0x0000589e        0x2 Source/lib/serial/emstream.o
                0x0000589e                _ZN8emstream12transmit_nowEv
 .text._ZN8emstream12clear_screenEv
                0x000058a0        0x2 Source/lib/serial/emstream.o
                0x000058a0                _ZN8emstream12clear_screenEv
 .text._ZN8emstreamC2Ev
                0x000058a2       0x1c Source/lib/serial/emstream.o
                0x000058a2                _ZN8emstreamC2Ev
                0x000058a2                _ZN8emstreamC1Ev
 .text._ZN8emstream4putsEPKc
                0x000058be       0x6e Source/lib/serial/emstream.o
                0x000058be                _ZN8emstream4putsEPKc
 .text._ZN8emstreamlsE15ser_manipulator
                0x0000592c       0x8e Source/lib/serial/emstream.o
                0x0000592c                _ZN8emstreamlsE15ser_manipulator
 .text._ZN8emstreamlsEf
                0x000059ba      0x114 Source/lib/serial/emstream_float.o
                0x000059ba                _ZN8emstreamlsEf
 .text._ZN8emstreamlsEd
                0x00005ace      0x108 Source/lib/serial/emstream_float.o
                0x00005ace                _ZN8emstreamlsEd
 .text._ZN8emstreamlsEi
                0x00005bd6       0x52 Source/lib/serial/emstream_int16_t.o
                0x00005bd6                _ZN8emstreamlsEi
 .text._ZN8emstreamlsEl
                0x00005c28       0x56 Source/lib/serial/emstream_int32_t.o
                0x00005c28                _ZN8emstreamlsEl
 .text._ZN8emstreamlsEj
                0x00005c7e       0x68 Source/lib/serial/emstream_uint16_t.o
                0x00005c7e                _ZN8emstreamlsEj
 .text._ZN8emstreamlsEm
                0x00005ce6       0x84 Source/lib/serial/emstream_uint32_t.o
                0x00005ce6                _ZN8emstreamlsEm
 .text._ZN8emstreamlsEh
                0x00005d6a      0x100 Source/lib/serial/emstream_uint8_t.o
                0x00005d6a                _ZN8emstreamlsEh
 .text._ZN5rs2327putcharEc
                0x00005e6a       0x48 Source/lib/serial/rs232int.o
                0x00005e6a                _ZN5rs2327putcharEc
 .text._ZN5rs2327getcharEv
                0x00005eb2       0x4c Source/lib/serial/rs232int.o
                0x00005eb2                _ZN5rs2327getcharEv
 .text._ZN5rs23214check_for_charEv
                0x00005efe       0x26 Source/lib/serial/rs232int.o
                0x00005efe                _ZN5rs23214check_for_charEv
 .text._ZN5rs23212clear_screenEv
                0x00005f24       0x12 Source/lib/serial/rs232int.o
                0x00005f24                _ZN5rs23212clear_screenEv
 .text._ZN5rs232C2EjP12USART_struct
                0x00005f36      0x122 Source/lib/serial/rs232int.o
                0x00005f36                _ZN5rs232C2EjP12USART_struct
                0x00005f36                _ZN5rs232C1EjP12USART_struct
 .text.__vector_25
                0x00006058       0xb0 Source/lib/serial/rs232int.o
                0x00006058                __vector_25
 .text.__vector_28
                0x00006108       0xb0 Source/lib/serial/rs232int.o
                0x00006108                __vector_28
 .text.__vector_88
                0x000061b8       0xb0 Source/lib/serial/rs232int.o
                0x000061b8                __vector_88
 .text.__vector_91
                0x00006268       0xb0 Source/lib/serial/rs232int.o
                0x00006268                __vector_91
 .text.__vector_58
                0x00006318       0xb0 Source/lib/serial/rs232int.o
                0x00006318                __vector_58
 .text.__vector_119
                0x000063c8       0xb0 Source/lib/serial/rs232int.o
                0x000063c8                __vector_119
 .text.avr-libc.fplib
                0x00006478        0xe c:/program files (x86)/atmel/studio/7.0/toolchain/avr8/avr8-gnu-toolchain/bin/../lib/gcc/avr/5.4.0/../../../../avr/lib/avrxmega6\libm.a(addsf3.o)
                0x00006478                __subsf3
                0x0000647a                __addsf3
 .text.avr-libc.fplib
                0x00006486       0xcc c:/program files (x86)/atmel/studio/7.0/toolchain/avr8/avr8-gnu-toolchain/bin/../lib/gcc/avr/5.4.0/../../../../avr/lib/avrxmega6\libm.a(addsf3x.o)
                0x000064a8                __addsf3x
 .text.avr-libc.fplib
                0x00006552        0x8 c:/program files (x86)/atmel/studio/7.0/toolchain/avr8/avr8-gnu-toolchain/bin/../lib/gcc/avr/5.4.0/../../../../avr/lib/avrxmega6\libm.a(divsf3.o)
                0x00006552                __divsf3
 .text.avr-libc.fplib
                0x0000655a       0xdc c:/program files (x86)/atmel/studio/7.0/toolchain/avr8/avr8-gnu-toolchain/bin/../lib/gcc/avr/5.4.0/../../../../avr/lib/avrxmega6\libm.a(divsf3x.o)
                0x0000657a                __divsf3x
                0x00006580                __divsf3_pse
 .text.avr-libc.fplib
                0x00006636       0x5e c:/program files (x86)/atmel/studio/7.0/toolchain/avr8/avr8-gnu-toolchain/bin/../lib/gcc/avr/5.4.0/../../../../avr/lib/avrxmega6\libm.a(fixunssfsi.o)
                0x00006636                __fixunssfsi
 .text.avr-libc.fplib
                0x00006694       0x7a c:/program files (x86)/atmel/studio/7.0/toolchain/avr8/avr8-gnu-toolchain/bin/../lib/gcc/avr/5.4.0/../../../../avr/lib/avrxmega6\libm.a(floatsisf.o)
                0x00006694                __floatunsisf
                0x00006698                __floatsisf
 .text.avr-libc.fplib
                0x0000670e        0xc c:/program files (x86)/atmel/studio/7.0/toolchain/avr8/avr8-gnu-toolchain/bin/../lib/gcc/avr/5.4.0/../../../../avr/lib/avrxmega6\libm.a(fp_inf.o)
                0x0000670e                __fp_inf
 .text.avr-libc.fplib
                0x0000671a        0x6 c:/program files (x86)/atmel/studio/7.0/toolchain/avr8/avr8-gnu-toolchain/bin/../lib/gcc/avr/5.4.0/../../../../avr/lib/avrxmega6\libm.a(fp_nan.o)
                0x0000671a                __fp_nan
 .text.avr-libc.fplib
                0x00006720        0xe c:/program files (x86)/atmel/studio/7.0/toolchain/avr8/avr8-gnu-toolchain/bin/../lib/gcc/avr/5.4.0/../../../../avr/lib/avrxmega6\libm.a(fp_pscA.o)
                0x00006720                __fp_pscA
 .text.avr-libc.fplib
                0x0000672e        0xe c:/program files (x86)/atmel/studio/7.0/toolchain/avr8/avr8-gnu-toolchain/bin/../lib/gcc/avr/5.4.0/../../../../avr/lib/avrxmega6\libm.a(fp_pscB.o)
                0x0000672e                __fp_pscB
 .text.avr-libc.fplib
                0x0000673c       0x22 c:/program files (x86)/atmel/studio/7.0/toolchain/avr8/avr8-gnu-toolchain/bin/../lib/gcc/avr/5.4.0/../../../../avr/lib/avrxmega6\libm.a(fp_round.o)
                0x0000673c                __fp_round
 .text.avr-libc.fplib
                0x0000675e       0x44 c:/program files (x86)/atmel/studio/7.0/toolchain/avr8/avr8-gnu-toolchain/bin/../lib/gcc/avr/5.4.0/../../../../avr/lib/avrxmega6\libm.a(fp_split3.o)
                0x0000675e                __fp_split3
                0x0000676e                __fp_splitA
 .text.avr-libc.fplib
                0x000067a2        0xe c:/program files (x86)/atmel/studio/7.0/toolchain/avr8/avr8-gnu-toolchain/bin/../lib/gcc/avr/5.4.0/../../../../avr/lib/avrxmega6\libm.a(fp_zero.o)
                0x000067a2                __fp_zero
                0x000067a4                __fp_szero
 .text.avr-libc.fplib
                0x000067b0        0x8 c:/program files (x86)/atmel/studio/7.0/toolchain/avr8/avr8-gnu-toolchain/bin/../lib/gcc/avr/5.4.0/../../../../avr/lib/avrxmega6\libm.a(mulsf3.o)
                0x000067b0                __mulsf3
 .text.avr-libc.fplib
                0x000067b8       0xd2 c:/program files (x86)/atmel/studio/7.0/toolchain/avr8/avr8-gnu-toolchain/bin/../lib/gcc/avr/5.4.0/../../../../avr/lib/avrxmega6\libm.a(mulsf3x.o)
                0x000067d6                __mulsf3x
                0x000067dc                __mulsf3_pse
 .text.libgcc.mul
                0x0000688a       0x20 c:/program files (x86)/atmel/studio/7.0/toolchain/avr8/avr8-gnu-toolchain/bin/../lib/gcc/avr/5.4.0/avrxmega6\libgcc.a(_mulsi3.o)
                0x0000688a                __mulsi3
 .text.libgcc.div
                0x000068aa       0x44 c:/program files (x86)/atmel/studio/7.0/toolchain/avr8/avr8-gnu-toolchain/bin/../lib/gcc/avr/5.4.0/avrxmega6\libgcc.a(_udivmodsi4.o)
                0x000068aa                __udivmodsi4
 .text.libgcc   0x000068ee       0x10 c:/program files (x86)/atmel/studio/7.0/toolchain/avr8/avr8-gnu-toolchain/bin/../lib/gcc/avr/5.4.0/avrxmega6\libgcc.a(_tablejump2.o)
                0x000068ee                __tablejump2__
 .text.libgcc.mul
                0x000068fe       0x1e c:/program files (x86)/atmel/studio/7.0/toolchain/avr8/avr8-gnu-toolchain/bin/../lib/gcc/avr/5.4.0/avrxmega6\libgcc.a(_umulhisi3.o)
                0x000068fe                __umulhisi3
 .text.libgcc.mul
                0x0000691c       0x16 c:/program files (x86)/atmel/studio/7.0/toolchain/avr8/avr8-gnu-toolchain/bin/../lib/gcc/avr/5.4.0/avrxmega6\libgcc.a(_muluhisi3.o)
                0x0000691c                __muluhisi3
 .text.avr-libc
                0x00006932      0x1b0 c:/program files (x86)/atmel/studio/7.0/toolchain/avr8/avr8-gnu-toolchain/bin/../lib/gcc/avr/5.4.0/../../../../avr/lib/avrxmega6\libc.a(ftoa_engine.o)
                0x00006932                __ftoa_engine
 .text.avr-libc
                0x00006ae2       0x12 c:/program files (x86)/atmel/studio/7.0/toolchain/avr8/avr8-gnu-toolchain/bin/../lib/gcc/avr/5.4.0/../../../../avr/lib/avrxmega6\libc.a(memcpy.o)
                0x00006ae2                memcpy
 .text.avr-libc
                0x00006af4        0xe c:/program files (x86)/atmel/studio/7.0/toolchain/avr8/avr8-gnu-toolchain/bin/../lib/gcc/avr/5.4.0/../../../../avr/lib/avrxmega6\libc.a(memset.o)
                0x00006af4                memset
 .text.avr-libc
                0x00006b02       0x1e c:/program files (x86)/atmel/studio/7.0/toolchain/avr8/avr8-gnu-toolchain/bin/../lib/gcc/avr/5.4.0/../../../../avr/lib/avrxmega6\libc.a(strncpy.o)
                0x00006b02                strncpy
 .text.avr-libc
                0x00006b20       0x16 c:/program files (x86)/atmel/studio/7.0/toolchain/avr8/avr8-gnu-toolchain/bin/../lib/gcc/avr/5.4.0/../../../../avr/lib/avrxmega6\libc.a(itoa_ncheck.o)
                0x00006b20                __itoa_ncheck
 .text.avr-libc
                0x00006b36       0x1e c:/program files (x86)/atmel/studio/7.0/toolchain/avr8/avr8-gnu-toolchain/bin/../lib/gcc/avr/5.4.0/../../../../avr/lib/avrxmega6\libc.a(ltoa_ncheck.o)
                0x00006b36                __ltoa_ncheck
 .text.avr-libc
                0x00006b54       0x16 c:/program files (x86)/atmel/studio/7.0/toolchain/avr8/avr8-gnu-toolchain/bin/../lib/gcc/avr/5.4.0/../../../../avr/lib/avrxmega6\libc.a(ultoa.o)
                0x00006b54                ultoa
                0x00006b54                __ultoa
 .text.avr-libc
                0x00006b6a       0x44 c:/program files (x86)/atmel/studio/7.0/toolchain/avr8/avr8-gnu-toolchain/bin/../lib/gcc/avr/5.4.0/../../../../avr/lib/avrxmega6\libc.a(ultoa_ncheck.o)
                0x00006b6a                __ultoa_ncheck
                0x00006b6c                __ultoa_common
 .text.avr-libc
                0x00006bae       0x16 c:/program files (x86)/atmel/studio/7.0/toolchain/avr8/avr8-gnu-toolchain/bin/../lib/gcc/avr/5.4.0/../../../../avr/lib/avrxmega6\libc.a(utoa.o)
                0x00006bae                __utoa
                0x00006bae                utoa
 .text.avr-libc
                0x00006bc4       0x34 c:/program files (x86)/atmel/studio/7.0/toolchain/avr8/avr8-gnu-toolchain/bin/../lib/gcc/avr/5.4.0/../../../../avr/lib/avrxmega6\libc.a(utoa_ncheck.o)
                0x00006bc4                __utoa_ncheck
                0x00006bc6                __utoa_common
 .text.avr-libc
                0x00006bf8       0x20 c:/program files (x86)/atmel/studio/7.0/toolchain/avr8/avr8-gnu-toolchain/bin/../lib/gcc/avr/5.4.0/../../../../avr/lib/avrxmega6\libc.a(strrev.o)
                0x00006bf8                strrev
                0x00006c18                . = ALIGN (0x2)
 *(.fini9)
 .fini9         0x00006c18        0x0 c:/program files (x86)/atmel/studio/7.0/toolchain/avr8/avr8-gnu-toolchain/bin/../lib/gcc/avr/5.4.0/avrxmega6\libgcc.a(_exit.o)
                0x00006c18                _exit
                0x00006c18                exit
 *(.fini9)
 *(.fini8)
 *(.fini8)
 *(.fini7)
 *(.fini7)
 *(.fini6)
 *(.fini6)
 *(.fini5)
 *(.fini5)
 *(.fini4)
 *(.fini4)
 *(.fini3)
 *(.fini3)
 *(.fini2)
 *(.fini2)
 *(.fini1)
 *(.fini1)
 *(.fini0)
 .fini0         0x00006c18        0x4 c:/program files (x86)/atmel/studio/7.0/toolchain/avr8/avr8-gnu-toolchain/bin/../lib/gcc/avr/5.4.0/avrxmega6\libgcc.a(_exit.o)
 *(.fini0)
                0x00006c1c                _etext = .

.data           0x00802000       0xf0 load address 0x00006c1c
                0x00802000                PROVIDE (__data_start, .)
 *(.data)
 *(.data*)
 .data.xFreeBytesRemaining
                0x00802000        0x2 Source/lib/freertos/heap_2.o
 .data.xNextTaskUnblockTime
                0x00802002        0x4 Source/lib/freertos/tasks.o
 .data.bts_glob_prec
                0x00802006        0x1 Source/lib/serial/emstream.o
                0x00802006                bts_glob_prec
 *(.rodata)
 *(.rodata*)
 .rodata._ZTV7task_md
                0x00802007        0x8 Source/lib/Tasks/task_md.o
                0x00802007                _ZTV7task_md
 .rodata.str1.1
                0x0080200f       0x10 Source/lib/Tasks/task_sensor.o
 .rodata._ZTV11task_sensor
                0x0080201f        0x8 Source/lib/Tasks/task_sensor.o
                0x0080201f                _ZTV11task_sensor
 .rodata._ZTV9task_user
                0x00802027        0x8 Source/lib/Tasks/task_user.o
                0x00802027                _ZTV9task_user
 .rodata.str1.1
                0x0080202f       0x40 Source/main.o
 .rodata._ZTV10FakeDM542T
                0x0080206f       0x1a Source/main.o
                0x0080206f                _ZTV10FakeDM542T
 .rodata._ZTV9frt_queueImE
                0x00802089       0x24 Source/main.o
                0x00802089                _ZTV9frt_queueImE
 .rodata.str1.1
                0x008020ad        0x5 Source/lib/freertos/tasks.o
 .rodata._ZTV8frt_task
                0x008020b2        0x8 Source/lib/frtcpp/frt_task_status.o
                0x008020b2                _ZTV8frt_task
 .rodata._ZTV14frt_text_queue
                0x008020ba       0x10 Source/lib/frtcpp/frt_text_queue.o
                0x008020ba                _ZTV14frt_text_queue
 .rodata._ZTV8emstream
                0x008020ca       0x10 Source/lib/serial/emstream.o
                0x008020ca                _ZTV8emstream
 .rodata.str1.1
                0x008020da        0x6 Source/lib/serial/emstream_float.o
                                  0xa (size before relaxing)
 .rodata._ZTV5rs232
                0x008020e0       0x10 Source/lib/serial/rs232int.o
                0x008020e0                _ZTV5rs232
 *(.gnu.linkonce.d*)
                0x008020f0                . = ALIGN (0x2)
                0x008020f0                _edata = .
                0x008020f0                PROVIDE (__data_end, .)

.bss            0x008020f0     0x211d
                0x008020f0                PROVIDE (__bss_start, .)
 *(.bss)
 *(.bss*)
 .bss.zmotor_on
                0x008020f0        0x1 Source/main.o
                0x008020f0                zmotor_on
 .bss.ymotor_on
                0x008020f1        0x1 Source/main.o
                0x008020f1                ymotor_on
 .bss.xmotor_on
                0x008020f2        0x1 Source/main.o
                0x008020f2                xmotor_on
 .bss.incremental_mode
                0x008020f3        0x1 Source/main.o
                0x008020f3                incremental_mode
 .bss.direct_mode
                0x008020f4        0x1 Source/main.o
                0x008020f4                direct_mode
 .bss.coordinate_mode
                0x008020f5        0x1 Source/main.o
                0x008020f5                coordinate_mode
 .bss.configuration_mode
                0x008020f6        0x1 Source/main.o
                0x008020f6                configuration_mode
 .bss.zlocations
                0x008020f7        0xa Source/main.o
                0x008020f7                zlocations
 .bss.ylocations
                0x00802101        0xa Source/main.o
                0x00802101                ylocations
 .bss.xlocations
                0x0080210b        0xa Source/main.o
                0x0080210b                xlocations
 .bss.print_ser_queue
                0x00802115       0x10 Source/main.o
                0x00802115                print_ser_queue
 .bss.md_z      0x00802125        0x2 Source/main.o
                0x00802125                md_z
 .bss.md_y      0x00802127        0x2 Source/main.o
                0x00802127                md_y
 .bss.md_x      0x00802129        0x2 Source/main.o
                0x00802129                md_x
 .bss.lim_z2    0x0080212b        0x2 Source/main.o
                0x0080212b                lim_z2
 .bss.lim_z1    0x0080212d        0x2 Source/main.o
                0x0080212d                lim_z1
 .bss.lim_y2    0x0080212f        0x2 Source/main.o
                0x0080212f                lim_y2
 .bss.lim_y1    0x00802131        0x2 Source/main.o
                0x00802131                lim_y1
 .bss.lim_x2    0x00802133        0x2 Source/main.o
                0x00802133                lim_x2
 .bss.lim_x1    0x00802135        0x2 Source/main.o
                0x00802135                lim_x1
 .bss.sbg01     0x00802137        0x2 Source/main.o
                0x00802137                sbg01
 .bss.gen_max_v
                0x00802139        0x4 Source/main.o
                0x00802139                gen_max_v
 .bss.drawing_mode
                0x0080213d        0x1 Source/main.o
                0x0080213d                drawing_mode
 .bss.reset     0x0080213e        0x1 Source/main.o
                0x0080213e                reset
 .bss.ramp_run_span
                0x0080213f        0x4 Source/main.o
                0x0080213f                ramp_run_span
 .bss.z_max_velocity
                0x00802143        0xa Source/main.o
                0x00802143                z_max_velocity
 .bss.y_max_velocity
                0x0080214d        0xa Source/main.o
                0x0080214d                y_max_velocity
 .bss.x_max_velocity
                0x00802157        0xa Source/main.o
                0x00802157                x_max_velocity
 .bss.pause     0x00802161        0x1 Source/main.o
                0x00802161                pause
 .bss.total_nodes
                0x00802162        0x2 Source/main.o
                0x00802162                total_nodes
 .bss.next_node
                0x00802164        0x1 Source/main.o
                0x00802164                next_node
 .bss.microstep_scaler
                0x00802165        0x4 Source/main.o
                0x00802165                microstep_scaler
 .bss.sensor_delay
                0x00802169        0x4 Source/main.o
                0x00802169                sensor_delay
 .bss.initialization_complete
                0x0080216d        0x1 Source/main.o
                0x0080216d                initialization_complete
 .bss.sensor_sample_number
                0x0080216e        0x4 Source/main.o
                0x0080216e                sensor_sample_number
 .bss.sensor_reading
                0x00802172        0x1 Source/main.o
                0x00802172                sensor_reading
 .bss.heat_flux
                0x00802173        0x4 Source/main.o
                0x00802173                heat_flux
 .bss.sensor_complete
                0x00802177        0x1 Source/main.o
                0x00802177                sensor_complete
 .bss.zmotor_complete
                0x00802178        0x1 Source/main.o
                0x00802178                zmotor_complete
 .bss.ymotor_complete
                0x00802179        0x1 Source/main.o
                0x00802179                ymotor_complete
 .bss.xmotor_complete
                0x0080217a        0x1 Source/main.o
                0x0080217a                xmotor_complete
 .bss.xHeapHasBeenInitialised.4146
                0x0080217b        0x1 Source/lib/freertos/heap_2.o
 .bss.xEnd      0x0080217c        0x4 Source/lib/freertos/heap_2.o
 .bss.xStart    0x00802180        0x4 Source/lib/freertos/heap_2.o
 .bss.xHeap     0x00802184     0x1fff Source/lib/freertos/heap_2.o
 .bss.uxTaskNumber
                0x00804183        0x1 Source/lib/freertos/tasks.o
 .bss.xNumOfOverflows
                0x00804184        0x1 Source/lib/freertos/tasks.o
 .bss.xMissedYield
                0x00804185        0x1 Source/lib/freertos/tasks.o
 .bss.uxMissedTicks
                0x00804186        0x1 Source/lib/freertos/tasks.o
 .bss.uxSchedulerSuspended
                0x00804187        0x1 Source/lib/freertos/tasks.o
 .bss.xSchedulerRunning
                0x00804188        0x1 Source/lib/freertos/tasks.o
 .bss.uxTopReadyPriority
                0x00804189        0x1 Source/lib/freertos/tasks.o
 .bss.uxTopUsedPriority
                0x0080418a        0x1 Source/lib/freertos/tasks.o
 .bss.xTickCount
                0x0080418b        0x4 Source/lib/freertos/tasks.o
 .bss.uxCurrentNumberOfTasks
                0x0080418f        0x1 Source/lib/freertos/tasks.o
 .bss.xIdleTaskHandle
                0x00804190        0x2 Source/lib/freertos/tasks.o
 .bss.xPendingReadyList
                0x00804192        0xb Source/lib/freertos/tasks.o
 .bss.pxOverflowDelayedTaskList
                0x0080419d        0x2 Source/lib/freertos/tasks.o
 .bss.pxDelayedTaskList
                0x0080419f        0x2 Source/lib/freertos/tasks.o
 .bss.xDelayedTaskList2
                0x008041a1        0xb Source/lib/freertos/tasks.o
 .bss.xDelayedTaskList1
                0x008041ac        0xb Source/lib/freertos/tasks.o
 .bss.pxReadyTasksLists
                0x008041b7       0x2c Source/lib/freertos/tasks.o
 .bss.pxCurrentTCB
                0x008041e3        0x2 Source/lib/freertos/tasks.o
                0x008041e3                pxCurrentTCB
 .bss.last_created_task_pointer
                0x008041e5        0x2 Source/lib/frtcpp/frt_task.o
                0x008041e5                last_created_task_pointer
 .bss.rcvF0_write_index
                0x008041e7        0x2 Source/lib/serial/rs232int.o
                0x008041e7                rcvF0_write_index
 .bss.rcvE0_write_index
                0x008041e9        0x2 Source/lib/serial/rs232int.o
                0x008041e9                rcvE0_write_index
 .bss.rcvD1_write_index
                0x008041eb        0x2 Source/lib/serial/rs232int.o
                0x008041eb                rcvD1_write_index
 .bss.rcvD0_write_index
                0x008041ed        0x2 Source/lib/serial/rs232int.o
                0x008041ed                rcvD0_write_index
 .bss.rcvC1_write_index
                0x008041ef        0x2 Source/lib/serial/rs232int.o
                0x008041ef                rcvC1_write_index
 .bss.rcvC0_write_index
                0x008041f1        0x2 Source/lib/serial/rs232int.o
                0x008041f1                rcvC0_write_index
 .bss.rcvF0_read_index
                0x008041f3        0x2 Source/lib/serial/rs232int.o
                0x008041f3                rcvF0_read_index
 .bss.rcvE0_read_index
                0x008041f5        0x2 Source/lib/serial/rs232int.o
                0x008041f5                rcvE0_read_index
 .bss.rcvD1_read_index
                0x008041f7        0x2 Source/lib/serial/rs232int.o
                0x008041f7                rcvD1_read_index
 .bss.rcvD0_read_index
                0x008041f9        0x2 Source/lib/serial/rs232int.o
                0x008041f9                rcvD0_read_index
 .bss.rcvC1_read_index
                0x008041fb        0x2 Source/lib/serial/rs232int.o
                0x008041fb                rcvC1_read_index
 .bss.rcvC0_read_index
                0x008041fd        0x2 Source/lib/serial/rs232int.o
                0x008041fd                rcvC0_read_index
 .bss.rcvF0_buffer
                0x008041ff        0x2 Source/lib/serial/rs232int.o
                0x008041ff                rcvF0_buffer
 .bss.rcvE0_buffer
                0x00804201        0x2 Source/lib/serial/rs232int.o
                0x00804201                rcvE0_buffer
 .bss.rcvD1_buffer
                0x00804203        0x2 Source/lib/serial/rs232int.o
                0x00804203                rcvD1_buffer
 .bss.rcvD0_buffer
                0x00804205        0x2 Source/lib/serial/rs232int.o
                0x00804205                rcvD0_buffer
 .bss.rcvC1_buffer
                0x00804207        0x2 Source/lib/serial/rs232int.o
                0x00804207                rcvC1_buffer
 .bss.rcvC0_buffer
                0x00804209        0x2 Source/lib/serial/rs232int.o
                0x00804209                rcvC0_buffer
 *(COMMON)
 COMMON         0x0080420b        0x2 Source/lib/freertos/port.o
                0x0080420b                portStackTopForTask
                0x0080420d                PROVIDE (__bss_end, .)
                0x00006c1c                __data_load_start = LOADADDR (.data)
                0x00006d0c                __data_load_end = (__data_load_start + SIZEOF (.data))

.noinit         0x0080420d        0x0
                [!provide]                PROVIDE (__noinit_start, .)
 *(.noinit*)
                [!provide]                PROVIDE (__noinit_end, .)
                0x0080420d                _end = .
                [!provide]                PROVIDE (__heap_start, .)

.eeprom         0x00810000        0x0
 *(.eeprom*)
                0x00810000                __eeprom_end = .

.fuse
 *(.fuse)
 *(.lfuse)
 *(.hfuse)
 *(.efuse)

.lock
 *(.lock*)

.signature
 *(.signature*)

.user_signatures
 *(.user_signatures*)

.stab
 *(.stab)

.stabstr
 *(.stabstr)

.stab.excl
 *(.stab.excl)

.stab.exclstr
 *(.stab.exclstr)

.stab.index
 *(.stab.index)

.stab.indexstr
 *(.stab.indexstr)

.comment        0x00000000       0x60
 *(.comment)
 .comment       0x00000000       0x30 Source/lib/DeviceDriver/DM542T.o
                                 0x31 (size before relaxing)
 .comment       0x00000030       0x31 Source/lib/DeviceDriver/LimitSwitch.o
 .comment       0x00000030       0x31 Source/lib/DeviceDriver/SBG01.o
 .comment       0x00000030       0x31 Source/lib/Motion/MotionControl.o
 .comment       0x00000030       0x31 Source/lib/Motion/VelocityControl.o
 .comment       0x00000030       0x30 Source/lib/PeripheralDriver/ADC.o
                                 0x31 (size before relaxing)
 .comment       0x00000060       0x31 Source/lib/Tasks/task_md.o
 .comment       0x00000060       0x31 Source/lib/Tasks/task_sensor.o
 .comment       0x00000060       0x31 Source/lib/Tasks/task_user.o
 .comment       0x00000060       0x31 Source/main.o
 .comment       0x00000060       0x31 Source/lib/freertos/heap_2.o
 .comment       0x00000060       0x31 Source/lib/freertos/list.o
 .comment       0x00000060       0x31 Source/lib/freertos/port.o
 .comment       0x00000060       0x31 Source/lib/freertos/queue.o
 .comment       0x00000060       0x31 Source/lib/freertos/tasks.o
 .comment       0x00000060       0x31 Source/lib/frtcpp/frt_task.o
 .comment       0x00000060       0x31 Source/lib/frtcpp/frt_task_status.o
 .comment       0x00000060       0x31 Source/lib/frtcpp/frt_text_queue.o
 .comment       0x00000060       0x31 Source/lib/misc/mechutil.o
 .comment       0x00000060       0x31 Source/lib/serial/base232.o
 .comment       0x00000060       0x31 Source/lib/serial/emstream.o
 .comment       0x00000060       0x31 Source/lib/serial/emstream_float.o
 .comment       0x00000060       0x31 Source/lib/serial/emstream_int16_t.o
 .comment       0x00000060       0x31 Source/lib/serial/emstream_int32_t.o
 .comment       0x00000060       0x31 Source/lib/serial/emstream_uint16_t.o
 .comment       0x00000060       0x31 Source/lib/serial/emstream_uint32_t.o
 .comment       0x00000060       0x31 Source/lib/serial/emstream_uint8_t.o
 .comment       0x00000060       0x31 Source/lib/serial/rs232int.o

.note.gnu.avr.deviceinfo
                0x00000000       0x44
 .note.gnu.avr.deviceinfo
                0x00000000       0x44 C:/Program Files (x86)/Atmel/Studio/7.0/Packs/atmel/XMEGAA_DFP/1.1.68/gcc/dev/atxmega256a3bu/avrxmega6/crtatxmega256a3bu.o

.note.gnu.build-id
 *(.note.gnu.build-id)

.debug
 *(.debug)

.line
 *(.line)

.debug_srcinfo
 *(.debug_srcinfo)

.debug_sfnames
 *(.debug_sfnames)

.debug_aranges  0x00000000      0x978
 *(.debug_aranges)
 .debug_aranges
                0x00000000       0x90 Source/lib/DeviceDriver/DM542T.o
 .debug_aranges
                0x00000090       0x38 Source/lib/DeviceDriver/LimitSwitch.o
 .debug_aranges
                0x000000c8       0x48 Source/lib/DeviceDriver/SBG01.o
 .debug_aranges
                0x00000110       0x50 Source/lib/Motion/MotionControl.o
 .debug_aranges
                0x00000160       0x40 Source/lib/Motion/VelocityControl.o
 .debug_aranges
                0x000001a0       0x38 Source/lib/PeripheralDriver/ADC.o
 .debug_aranges
                0x000001d8       0x50 Source/lib/Tasks/task_md.o
 .debug_aranges
                0x00000228       0x38 Source/lib/Tasks/task_sensor.o
 .debug_aranges
                0x00000260       0x70 Source/lib/Tasks/task_user.o
 .debug_aranges
                0x000002d0      0x188 Source/main.o
 .debug_aranges
                0x00000458       0x38 Source/lib/freertos/heap_2.o
 .debug_aranges
                0x00000490       0x40 Source/lib/freertos/list.o
 .debug_aranges
                0x000004d0       0x48 Source/lib/freertos/port.o
 .debug_aranges
                0x00000518       0x98 Source/lib/freertos/queue.o
 .debug_aranges
                0x000005b0       0xf0 Source/lib/freertos/tasks.o
 .debug_aranges
                0x000006a0       0x40 Source/lib/frtcpp/frt_task.o
 .debug_aranges
                0x000006e0       0x38 Source/lib/frtcpp/frt_task_status.o
 .debug_aranges
                0x00000718       0x38 Source/lib/frtcpp/frt_text_queue.o
 .debug_aranges
                0x00000750       0x60 Source/lib/misc/mechutil.o
 .debug_aranges
                0x000007b0       0x30 Source/lib/serial/base232.o
 .debug_aranges
                0x000007e0       0x60 Source/lib/serial/emstream.o
 .debug_aranges
                0x00000840       0x28 Source/lib/serial/emstream_float.o
 .debug_aranges
                0x00000868       0x20 Source/lib/serial/emstream_int16_t.o
 .debug_aranges
                0x00000888       0x20 Source/lib/serial/emstream_int32_t.o
 .debug_aranges
                0x000008a8       0x20 Source/lib/serial/emstream_uint16_t.o
 .debug_aranges
                0x000008c8       0x20 Source/lib/serial/emstream_uint32_t.o
 .debug_aranges
                0x000008e8       0x20 Source/lib/serial/emstream_uint8_t.o
 .debug_aranges
                0x00000908       0x70 Source/lib/serial/rs232int.o

.debug_pubnames
 *(.debug_pubnames)

.debug_info     0x00000000    0x1d33a
 *(.debug_info .gnu.linkonce.wi.*)
 .debug_info    0x00000000     0x3379 C:/Program Files (x86)/Atmel/Studio/7.0/Packs/atmel/XMEGAA_DFP/1.1.68/gcc/dev/atxmega256a3bu/avrxmega6/crtatxmega256a3bu.o
 .debug_info    0x00003379     0x1d81 Source/lib/DeviceDriver/DM542T.o
 .debug_info    0x000050fa      0x58e Source/lib/DeviceDriver/LimitSwitch.o
 .debug_info    0x00005688      0x8eb Source/lib/DeviceDriver/SBG01.o
 .debug_info    0x00005f73      0x40b Source/lib/Motion/MotionControl.o
 .debug_info    0x0000637e     0x141b Source/lib/Motion/VelocityControl.o
 .debug_info    0x00007799      0x6c7 Source/lib/PeripheralDriver/ADC.o
 .debug_info    0x00007e60     0x35ce Source/lib/Tasks/task_md.o
 .debug_info    0x0000b42e     0x224d Source/lib/Tasks/task_sensor.o
 .debug_info    0x0000d67b     0x4096 Source/lib/Tasks/task_user.o
 .debug_info    0x00011711     0x4760 Source/main.o
 .debug_info    0x00015e71      0x30f Source/lib/freertos/heap_2.o
 .debug_info    0x00016180      0x2c5 Source/lib/freertos/list.o
 .debug_info    0x00016445      0x275 Source/lib/freertos/port.o
 .debug_info    0x000166ba      0xdde Source/lib/freertos/queue.o
 .debug_info    0x00017498     0x1301 Source/lib/freertos/tasks.o
 .debug_info    0x00018799      0x9eb Source/lib/frtcpp/frt_task.o
 .debug_info    0x00019184     0x10e6 Source/lib/frtcpp/frt_task_status.o
 .debug_info    0x0001a26a      0x410 Source/lib/frtcpp/frt_text_queue.o
 .debug_info    0x0001a67a      0x29c Source/lib/misc/mechutil.o
 .debug_info    0x0001a916      0x482 Source/lib/serial/base232.o
 .debug_info    0x0001ad98      0xa2f Source/lib/serial/emstream.o
 .debug_info    0x0001b7c7      0x50c Source/lib/serial/emstream_float.o
 .debug_info    0x0001bcd3      0x27d Source/lib/serial/emstream_int16_t.o
 .debug_info    0x0001bf50      0x289 Source/lib/serial/emstream_int32_t.o
 .debug_info    0x0001c1d9      0x2b8 Source/lib/serial/emstream_uint16_t.o
 .debug_info    0x0001c491      0x2e0 Source/lib/serial/emstream_uint32_t.o
 .debug_info    0x0001c771      0x2d8 Source/lib/serial/emstream_uint8_t.o
 .debug_info    0x0001ca49      0x8f1 Source/lib/serial/rs232int.o

.debug_abbrev   0x00000000     0x77a5
 *(.debug_abbrev)
 .debug_abbrev  0x00000000     0x30c4 C:/Program Files (x86)/Atmel/Studio/7.0/Packs/atmel/XMEGAA_DFP/1.1.68/gcc/dev/atxmega256a3bu/avrxmega6/crtatxmega256a3bu.o
 .debug_abbrev  0x000030c4      0x321 Source/lib/DeviceDriver/DM542T.o
 .debug_abbrev  0x000033e5      0x1f5 Source/lib/DeviceDriver/LimitSwitch.o
 .debug_abbrev  0x000035da      0x2c8 Source/lib/DeviceDriver/SBG01.o
 .debug_abbrev  0x000038a2      0x18c Source/lib/Motion/MotionControl.o
 .debug_abbrev  0x00003a2e      0x2ad Source/lib/Motion/VelocityControl.o
 .debug_abbrev  0x00003cdb      0x284 Source/lib/PeripheralDriver/ADC.o
 .debug_abbrev  0x00003f5f      0x4af Source/lib/Tasks/task_md.o
 .debug_abbrev  0x0000440e      0x4c1 Source/lib/Tasks/task_sensor.o
 .debug_abbrev  0x000048cf      0x4a3 Source/lib/Tasks/task_user.o
 .debug_abbrev  0x00004d72      0x6d4 Source/main.o
 .debug_abbrev  0x00005446      0x1a9 Source/lib/freertos/heap_2.o
 .debug_abbrev  0x000055ef       0xf6 Source/lib/freertos/list.o
 .debug_abbrev  0x000056e5      0x16b Source/lib/freertos/port.o
 .debug_abbrev  0x00005850      0x1f2 Source/lib/freertos/queue.o
 .debug_abbrev  0x00005a42      0x2c2 Source/lib/freertos/tasks.o
 .debug_abbrev  0x00005d04      0x301 Source/lib/frtcpp/frt_task.o
 .debug_abbrev  0x00006005      0x354 Source/lib/frtcpp/frt_task_status.o
 .debug_abbrev  0x00006359      0x1ec Source/lib/frtcpp/frt_text_queue.o
 .debug_abbrev  0x00006545      0x12e Source/lib/misc/mechutil.o
 .debug_abbrev  0x00006673      0x182 Source/lib/serial/base232.o
 .debug_abbrev  0x000067f5      0x344 Source/lib/serial/emstream.o
 .debug_abbrev  0x00006b39      0x1b3 Source/lib/serial/emstream_float.o
 .debug_abbrev  0x00006cec      0x183 Source/lib/serial/emstream_int16_t.o
 .debug_abbrev  0x00006e6f      0x183 Source/lib/serial/emstream_int32_t.o
 .debug_abbrev  0x00006ff2      0x1b7 Source/lib/serial/emstream_uint16_t.o
 .debug_abbrev  0x000071a9      0x1b7 Source/lib/serial/emstream_uint32_t.o
 .debug_abbrev  0x00007360      0x1a6 Source/lib/serial/emstream_uint8_t.o
 .debug_abbrev  0x00007506      0x29f Source/lib/serial/rs232int.o

.debug_line     0x00000000     0x71c9
 *(.debug_line .debug_line.* .debug_line_end)
 .debug_line    0x00000000      0x39d C:/Program Files (x86)/Atmel/Studio/7.0/Packs/atmel/XMEGAA_DFP/1.1.68/gcc/dev/atxmega256a3bu/avrxmega6/crtatxmega256a3bu.o
 .debug_line    0x0000039d      0x3c7 Source/lib/DeviceDriver/DM542T.o
 .debug_line    0x00000764      0x208 Source/lib/DeviceDriver/LimitSwitch.o
 .debug_line    0x0000096c      0x20a Source/lib/DeviceDriver/SBG01.o
 .debug_line    0x00000b76      0x185 Source/lib/Motion/MotionControl.o
 .debug_line    0x00000cfb      0x21f Source/lib/Motion/VelocityControl.o
 .debug_line    0x00000f1a      0x1d0 Source/lib/PeripheralDriver/ADC.o
 .debug_line    0x000010ea      0xa20 Source/lib/Tasks/task_md.o
 .debug_line    0x00001b0a      0x848 Source/lib/Tasks/task_sensor.o
 .debug_line    0x00002352     0x1099 Source/lib/Tasks/task_user.o
 .debug_line    0x000033eb      0xace Source/main.o
 .debug_line    0x00003eb9      0x25f Source/lib/freertos/heap_2.o
 .debug_line    0x00004118      0x17b Source/lib/freertos/list.o
 .debug_line    0x00004293      0x31d Source/lib/freertos/port.o
 .debug_line    0x000045b0      0x725 Source/lib/freertos/queue.o
 .debug_line    0x00004cd5      0x9dc Source/lib/freertos/tasks.o
 .debug_line    0x000056b1      0x368 Source/lib/frtcpp/frt_task.o
 .debug_line    0x00005a19      0x39f Source/lib/frtcpp/frt_task_status.o
 .debug_line    0x00005db8      0x17d Source/lib/frtcpp/frt_text_queue.o
 .debug_line    0x00005f35      0x1c9 Source/lib/misc/mechutil.o
 .debug_line    0x000060fe      0x249 Source/lib/serial/base232.o
 .debug_line    0x00006347      0x2b4 Source/lib/serial/emstream.o
 .debug_line    0x000065fb      0x1e4 Source/lib/serial/emstream_float.o
 .debug_line    0x000067df       0xf7 Source/lib/serial/emstream_int16_t.o
 .debug_line    0x000068d6       0xf7 Source/lib/serial/emstream_int32_t.o
 .debug_line    0x000069cd      0x10e Source/lib/serial/emstream_uint16_t.o
 .debug_line    0x00006adb      0x10e Source/lib/serial/emstream_uint32_t.o
 .debug_line    0x00006be9      0x185 Source/lib/serial/emstream_uint8_t.o
 .debug_line    0x00006d6e      0x45b Source/lib/serial/rs232int.o

.debug_frame    0x00000000     0x1ee8
 *(.debug_frame)
 .debug_frame   0x00000000      0x1f4 Source/lib/DeviceDriver/DM542T.o
 .debug_frame   0x000001f4       0x60 Source/lib/DeviceDriver/LimitSwitch.o
 .debug_frame   0x00000254       0xc0 Source/lib/DeviceDriver/SBG01.o
 .debug_frame   0x00000314       0x90 Source/lib/Motion/MotionControl.o
 .debug_frame   0x000003a4       0xa4 Source/lib/Motion/VelocityControl.o
 .debug_frame   0x00000448       0x78 Source/lib/PeripheralDriver/ADC.o
 .debug_frame   0x000004c0      0x104 Source/lib/Tasks/task_md.o
 .debug_frame   0x000005c4       0xdc Source/lib/Tasks/task_sensor.o
 .debug_frame   0x000006a0      0x1d4 Source/lib/Tasks/task_user.o
 .debug_frame   0x00000874      0x788 Source/main.o
 .debug_frame   0x00000ffc       0x7c Source/lib/freertos/heap_2.o
 .debug_frame   0x00001078       0x84 Source/lib/freertos/list.o
 .debug_frame   0x000010fc       0x74 Source/lib/freertos/port.o
 .debug_frame   0x00001170      0x20c Source/lib/freertos/queue.o
 .debug_frame   0x0000137c      0x380 Source/lib/freertos/tasks.o
 .debug_frame   0x000016fc       0xbc Source/lib/frtcpp/frt_task.o
 .debug_frame   0x000017b8       0xc4 Source/lib/frtcpp/frt_task_status.o
 .debug_frame   0x0000187c       0xbc Source/lib/frtcpp/frt_text_queue.o
 .debug_frame   0x00001938       0xa4 Source/lib/misc/mechutil.o
 .debug_frame   0x000019dc       0x50 Source/lib/serial/base232.o
 .debug_frame   0x00001a2c       0xc4 Source/lib/serial/emstream.o
 .debug_frame   0x00001af0       0xa4 Source/lib/serial/emstream_float.o
 .debug_frame   0x00001b94       0x40 Source/lib/serial/emstream_int16_t.o
 .debug_frame   0x00001bd4       0x40 Source/lib/serial/emstream_int32_t.o
 .debug_frame   0x00001c14       0x44 Source/lib/serial/emstream_uint16_t.o
 .debug_frame   0x00001c58       0x50 Source/lib/serial/emstream_uint32_t.o
 .debug_frame   0x00001ca8       0x54 Source/lib/serial/emstream_uint8_t.o
 .debug_frame   0x00001cfc      0x1ec Source/lib/serial/rs232int.o

.debug_str      0x00000000     0x7744
 *(.debug_str)
 .debug_str     0x00000000     0x21e4 C:/Program Files (x86)/Atmel/Studio/7.0/Packs/atmel/XMEGAA_DFP/1.1.68/gcc/dev/atxmega256a3bu/avrxmega6/crtatxmega256a3bu.o
 .debug_str     0x000021e4     0x1028 Source/lib/DeviceDriver/DM542T.o
                               0x10eb (size before relaxing)
 .debug_str     0x0000320c      0x23f Source/lib/DeviceDriver/LimitSwitch.o
                                0x4ef (size before relaxing)
 .debug_str     0x0000344b      0x2f9 Source/lib/DeviceDriver/SBG01.o
                                0x5d1 (size before relaxing)
 .debug_str     0x00003744       0x5b Source/lib/Motion/MotionControl.o
                                0x452 (size before relaxing)
 .debug_str     0x0000379f       0x72 Source/lib/Motion/VelocityControl.o
                                0xc6b (size before relaxing)
 .debug_str     0x00003811       0xb9 Source/lib/PeripheralDriver/ADC.o
                                0x4c5 (size before relaxing)
 .debug_str     0x000038ca      0xa3e Source/lib/Tasks/task_md.o
                               0x19d0 (size before relaxing)
 .debug_str     0x00004308      0x456 Source/lib/Tasks/task_sensor.o
                               0x112a (size before relaxing)
 .debug_str     0x0000475e      0x4f1 Source/lib/Tasks/task_user.o
                               0x130a (size before relaxing)
 .debug_str     0x00004c4f      0xd12 Source/main.o
                               0x253d (size before relaxing)
 .debug_str     0x00005961      0x270 Source/lib/freertos/heap_2.o
                                0x31d (size before relaxing)
 .debug_str     0x00005bd1      0x131 Source/lib/freertos/list.o
                                0x2ce (size before relaxing)
 .debug_str     0x00005d02      0x11f Source/lib/freertos/port.o
                                0x2db (size before relaxing)
 .debug_str     0x00005e21      0x372 Source/lib/freertos/queue.o
                                0x6cd (size before relaxing)
 .debug_str     0x00006193      0x4ed Source/lib/freertos/tasks.o
                                0x9a4 (size before relaxing)
 .debug_str     0x00006680      0x130 Source/lib/frtcpp/frt_task.o
                                0x511 (size before relaxing)
 .debug_str     0x000067b0      0x454 Source/lib/frtcpp/frt_task_status.o
                                0x9b1 (size before relaxing)
 .debug_str     0x00006c04      0x12f Source/lib/frtcpp/frt_text_queue.o
                                0x423 (size before relaxing)
 .debug_str     0x00006d33       0xcf Source/lib/misc/mechutil.o
                                0x2ba (size before relaxing)
 .debug_str     0x00006e02      0x10e Source/lib/serial/base232.o
                                0x3f6 (size before relaxing)
 .debug_str     0x00006f10      0x3ed Source/lib/serial/emstream.o
                                0x7aa (size before relaxing)
 .debug_str     0x000072fd       0x51 Source/lib/serial/emstream_float.o
                                0x2ac (size before relaxing)
 .debug_str     0x0000734e       0x55 Source/lib/serial/emstream_int16_t.o
                                0x276 (size before relaxing)
 .debug_str     0x000073a3       0x3f Source/lib/serial/emstream_int32_t.o
                                0x276 (size before relaxing)
 .debug_str     0x000073e2       0x4c Source/lib/serial/emstream_uint16_t.o
                                0x288 (size before relaxing)
 .debug_str     0x0000742e       0x42 Source/lib/serial/emstream_uint32_t.o
                                0x28b (size before relaxing)
 .debug_str     0x00007470       0x3a Source/lib/serial/emstream_uint8_t.o
                                0x275 (size before relaxing)
 .debug_str     0x000074aa      0x29a Source/lib/serial/rs232int.o
                                0x6c7 (size before relaxing)

.debug_loc      0x00000000     0x96d7
 *(.debug_loc)
 .debug_loc     0x00000000      0x80e Source/lib/DeviceDriver/DM542T.o
 .debug_loc     0x0000080e      0x157 Source/lib/DeviceDriver/LimitSwitch.o
 .debug_loc     0x00000965      0x276 Source/lib/DeviceDriver/SBG01.o
 .debug_loc     0x00000bdb       0xdb Source/lib/Motion/MotionControl.o
 .debug_loc     0x00000cb6      0x1b9 Source/lib/Motion/VelocityControl.o
 .debug_loc     0x00000e6f      0x1b4 Source/lib/PeripheralDriver/ADC.o
 .debug_loc     0x00001023      0x9fb Source/lib/Tasks/task_md.o
 .debug_loc     0x00001a1e      0x8aa Source/lib/Tasks/task_sensor.o
 .debug_loc     0x000022c8     0x157a Source/lib/Tasks/task_user.o
 .debug_loc     0x00003842     0x170b Source/main.o
 .debug_loc     0x00004f4d      0x2b1 Source/lib/freertos/heap_2.o
 .debug_loc     0x000051fe      0x136 Source/lib/freertos/list.o
 .debug_loc     0x00005334      0x29b Source/lib/freertos/port.o
 .debug_loc     0x000055cf      0xd6d Source/lib/freertos/queue.o
 .debug_loc     0x0000633c     0x1159 Source/lib/freertos/tasks.o
 .debug_loc     0x00007495      0x434 Source/lib/frtcpp/frt_task.o
 .debug_loc     0x000078c9      0x56e Source/lib/frtcpp/frt_task_status.o
 .debug_loc     0x00007e37      0x2fe Source/lib/frtcpp/frt_text_queue.o
 .debug_loc     0x00008135       0xe6 Source/lib/misc/mechutil.o
 .debug_loc     0x0000821b      0x143 Source/lib/serial/base232.o
 .debug_loc     0x0000835e      0x305 Source/lib/serial/emstream.o
 .debug_loc     0x00008663      0x400 Source/lib/serial/emstream_float.o
 .debug_loc     0x00008a63      0x12c Source/lib/serial/emstream_int16_t.o
 .debug_loc     0x00008b8f      0x16a Source/lib/serial/emstream_int32_t.o
 .debug_loc     0x00008cf9      0x12f Source/lib/serial/emstream_uint16_t.o
 .debug_loc     0x00008e28      0x171 Source/lib/serial/emstream_uint32_t.o
 .debug_loc     0x00008f99      0x1cf Source/lib/serial/emstream_uint8_t.o
 .debug_loc     0x00009168      0x56f Source/lib/serial/rs232int.o

.debug_macinfo
 *(.debug_macinfo)

.debug_weaknames
 *(.debug_weaknames)

.debug_funcnames
 *(.debug_funcnames)

.debug_typenames
 *(.debug_typenames)

.debug_varnames
 *(.debug_varnames)

.debug_pubtypes
 *(.debug_pubtypes)

.debug_ranges   0x00000000      0x830
 *(.debug_ranges)
 .debug_ranges  0x00000000       0x80 Source/lib/DeviceDriver/DM542T.o
 .debug_ranges  0x00000080       0x28 Source/lib/DeviceDriver/LimitSwitch.o
 .debug_ranges  0x000000a8       0x38 Source/lib/DeviceDriver/SBG01.o
 .debug_ranges  0x000000e0       0x40 Source/lib/Motion/MotionControl.o
 .debug_ranges  0x00000120       0x30 Source/lib/Motion/VelocityControl.o
 .debug_ranges  0x00000150       0x28 Source/lib/PeripheralDriver/ADC.o
 .debug_ranges  0x00000178       0x40 Source/lib/Tasks/task_md.o
 .debug_ranges  0x000001b8       0x40 Source/lib/Tasks/task_sensor.o
 .debug_ranges  0x000001f8       0x60 Source/lib/Tasks/task_user.o
 .debug_ranges  0x00000258      0x178 Source/main.o
 .debug_ranges  0x000003d0       0x28 Source/lib/freertos/heap_2.o
 .debug_ranges  0x000003f8       0x30 Source/lib/freertos/list.o
 .debug_ranges  0x00000428       0x38 Source/lib/freertos/port.o
 .debug_ranges  0x00000460       0x88 Source/lib/freertos/queue.o
 .debug_ranges  0x000004e8      0x110 Source/lib/freertos/tasks.o
 .debug_ranges  0x000005f8       0x30 Source/lib/frtcpp/frt_task.o
 .debug_ranges  0x00000628       0x28 Source/lib/frtcpp/frt_task_status.o
 .debug_ranges  0x00000650       0x28 Source/lib/frtcpp/frt_text_queue.o
 .debug_ranges  0x00000678       0x50 Source/lib/misc/mechutil.o
 .debug_ranges  0x000006c8       0x20 Source/lib/serial/base232.o
 .debug_ranges  0x000006e8       0x68 Source/lib/serial/emstream.o
 .debug_ranges  0x00000750       0x18 Source/lib/serial/emstream_float.o
 .debug_ranges  0x00000768       0x10 Source/lib/serial/emstream_int16_t.o
 .debug_ranges  0x00000778       0x10 Source/lib/serial/emstream_int32_t.o
 .debug_ranges  0x00000788       0x10 Source/lib/serial/emstream_uint16_t.o
 .debug_ranges  0x00000798       0x10 Source/lib/serial/emstream_uint32_t.o
 .debug_ranges  0x000007a8       0x10 Source/lib/serial/emstream_uint8_t.o
 .debug_ranges  0x000007b8       0x78 Source/lib/serial/rs232int.o

.debug_macro
 *(.debug_macro)
OUTPUT(FREERTOS_SHELL.elf elf32-avr)
LOAD linker stubs
