Archive member included to satisfy reference by file (symbol)

c:/program files (x86)/atmel/studio/7.0/toolchain/avr8/avr8-gnu-toolchain/bin/../lib/gcc/avr/5.4.0/../../../../avr/lib/avrxmega6\libm.a(addsf3.o)
                              Source/lib/Tasks/task_sensor.o (__subsf3)
c:/program files (x86)/atmel/studio/7.0/toolchain/avr8/avr8-gnu-toolchain/bin/../lib/gcc/avr/5.4.0/../../../../avr/lib/avrxmega6\libm.a(addsf3x.o)
                              c:/program files (x86)/atmel/studio/7.0/toolchain/avr8/avr8-gnu-toolchain/bin/../lib/gcc/avr/5.4.0/../../../../avr/lib/avrxmega6\libm.a(addsf3.o) (__addsf3x)
c:/program files (x86)/atmel/studio/7.0/toolchain/avr8/avr8-gnu-toolchain/bin/../lib/gcc/avr/5.4.0/../../../../avr/lib/avrxmega6\libm.a(divsf3.o)
                              Source/lib/DeviceDriver/SBG01.o (__divsf3)
c:/program files (x86)/atmel/studio/7.0/toolchain/avr8/avr8-gnu-toolchain/bin/../lib/gcc/avr/5.4.0/../../../../avr/lib/avrxmega6\libm.a(divsf3x.o)
                              c:/program files (x86)/atmel/studio/7.0/toolchain/avr8/avr8-gnu-toolchain/bin/../lib/gcc/avr/5.4.0/../../../../avr/lib/avrxmega6\libm.a(divsf3.o) (__divsf3x)
c:/program files (x86)/atmel/studio/7.0/toolchain/avr8/avr8-gnu-toolchain/bin/../lib/gcc/avr/5.4.0/../../../../avr/lib/avrxmega6\libm.a(fixunssfsi.o)
                              Source/lib/DeviceDriver/MAX31855.o (__fixunssfsi)
c:/program files (x86)/atmel/studio/7.0/toolchain/avr8/avr8-gnu-toolchain/bin/../lib/gcc/avr/5.4.0/../../../../avr/lib/avrxmega6\libm.a(floatsisf.o)
                              Source/lib/DeviceDriver/MAX31855.o (__floatunsisf)
c:/program files (x86)/atmel/studio/7.0/toolchain/avr8/avr8-gnu-toolchain/bin/../lib/gcc/avr/5.4.0/../../../../avr/lib/avrxmega6\libm.a(fp_inf.o)
                              c:/program files (x86)/atmel/studio/7.0/toolchain/avr8/avr8-gnu-toolchain/bin/../lib/gcc/avr/5.4.0/../../../../avr/lib/avrxmega6\libm.a(addsf3x.o) (__fp_inf)
c:/program files (x86)/atmel/studio/7.0/toolchain/avr8/avr8-gnu-toolchain/bin/../lib/gcc/avr/5.4.0/../../../../avr/lib/avrxmega6\libm.a(fp_nan.o)
                              c:/program files (x86)/atmel/studio/7.0/toolchain/avr8/avr8-gnu-toolchain/bin/../lib/gcc/avr/5.4.0/../../../../avr/lib/avrxmega6\libm.a(addsf3x.o) (__fp_nan)
c:/program files (x86)/atmel/studio/7.0/toolchain/avr8/avr8-gnu-toolchain/bin/../lib/gcc/avr/5.4.0/../../../../avr/lib/avrxmega6\libm.a(fp_pscA.o)
                              c:/program files (x86)/atmel/studio/7.0/toolchain/avr8/avr8-gnu-toolchain/bin/../lib/gcc/avr/5.4.0/../../../../avr/lib/avrxmega6\libm.a(addsf3x.o) (__fp_pscA)
c:/program files (x86)/atmel/studio/7.0/toolchain/avr8/avr8-gnu-toolchain/bin/../lib/gcc/avr/5.4.0/../../../../avr/lib/avrxmega6\libm.a(fp_pscB.o)
                              c:/program files (x86)/atmel/studio/7.0/toolchain/avr8/avr8-gnu-toolchain/bin/../lib/gcc/avr/5.4.0/../../../../avr/lib/avrxmega6\libm.a(addsf3x.o) (__fp_pscB)
c:/program files (x86)/atmel/studio/7.0/toolchain/avr8/avr8-gnu-toolchain/bin/../lib/gcc/avr/5.4.0/../../../../avr/lib/avrxmega6\libm.a(fp_round.o)
                              c:/program files (x86)/atmel/studio/7.0/toolchain/avr8/avr8-gnu-toolchain/bin/../lib/gcc/avr/5.4.0/../../../../avr/lib/avrxmega6\libm.a(addsf3.o) (__fp_round)
c:/program files (x86)/atmel/studio/7.0/toolchain/avr8/avr8-gnu-toolchain/bin/../lib/gcc/avr/5.4.0/../../../../avr/lib/avrxmega6\libm.a(fp_split3.o)
                              c:/program files (x86)/atmel/studio/7.0/toolchain/avr8/avr8-gnu-toolchain/bin/../lib/gcc/avr/5.4.0/../../../../avr/lib/avrxmega6\libm.a(addsf3x.o) (__fp_split3)
c:/program files (x86)/atmel/studio/7.0/toolchain/avr8/avr8-gnu-toolchain/bin/../lib/gcc/avr/5.4.0/../../../../avr/lib/avrxmega6\libm.a(fp_zero.o)
                              c:/program files (x86)/atmel/studio/7.0/toolchain/avr8/avr8-gnu-toolchain/bin/../lib/gcc/avr/5.4.0/../../../../avr/lib/avrxmega6\libm.a(addsf3x.o) (__fp_zero)
c:/program files (x86)/atmel/studio/7.0/toolchain/avr8/avr8-gnu-toolchain/bin/../lib/gcc/avr/5.4.0/../../../../avr/lib/avrxmega6\libm.a(mulsf3.o)
                              Source/lib/DeviceDriver/MAX31855.o (__mulsf3)
c:/program files (x86)/atmel/studio/7.0/toolchain/avr8/avr8-gnu-toolchain/bin/../lib/gcc/avr/5.4.0/../../../../avr/lib/avrxmega6\libm.a(mulsf3x.o)
                              c:/program files (x86)/atmel/studio/7.0/toolchain/avr8/avr8-gnu-toolchain/bin/../lib/gcc/avr/5.4.0/../../../../avr/lib/avrxmega6\libm.a(mulsf3.o) (__mulsf3x)
c:/program files (x86)/atmel/studio/7.0/toolchain/avr8/avr8-gnu-toolchain/bin/../lib/gcc/avr/5.4.0/../../../../avr/lib/avrxmega6\libm.a(pow.o)
                              Source/lib/Tasks/task_sensor.o (pow)
c:/program files (x86)/atmel/studio/7.0/toolchain/avr8/avr8-gnu-toolchain/bin/../lib/gcc/avr/5.4.0/../../../../avr/lib/avrxmega6\libm.a(exp.o)
[...]
Memory Configuration

Name             Origin             Length             Attributes
text             0x00000000         0x00100000         xr
data             0x00802000         0x0000ffa0         rw !x
eeprom           0x00810000         0x00010000         rw !x
fuse             0x00820000         0x00000006         rw !x
lock             0x00830000         0x00000400         rw !x
signature        0x00840000         0x00000400         rw !x
user_signatures  0x00850000         0x00000400         rw !x
*default*        0x00000000         0xffffffff

Linker script and memory map

LOAD C:/Program Files (x86)/Atmel/Studio/7.0/Packs/atmel/XMEGAA_DFP/1.1.68/gcc/dev/atxmega256a3bu/avrxmega6/crtatxmega256a3bu.o
LOAD Source/lib/DeviceDriver/DM542T.o
LOAD Source/lib/DeviceDriver/LimitSwitch.o
LOAD Source/lib/DeviceDriver/MAX31855.o
LOAD Source/lib/DeviceDriver/SBG01.o
LOAD Source/lib/freertos/croutine.o
LOAD Source/lib/Motion/MotionControl.o
LOAD Source/lib/Motion/VelocityControl.o
LOAD Source/lib/PeripheralDriver/ADC.o
LOAD Source/lib/PeripheralDriver/EventInterrupt.o
LOAD Source/lib/PeripheralDriver/InterruptTimer.o
LOAD Source/lib/PeripheralDriver/SPI_Master.o
LOAD Source/lib/PeripheralDriver/Timer.o
LOAD Source/lib/Tasks/task_LED.o
LOAD Source/lib/Tasks/task_md.o
LOAD Source/lib/Tasks/task_sensor.o
LOAD Source/lib/Tasks/task_thermocouple.o
LOAD Source/lib/Tasks/task_user.o
LOAD Source/main.o
LOAD Source/lib/freertos/heap_2.o
LOAD Source/lib/freertos/list.o
LOAD Source/lib/freertos/port.o
LOAD Source/lib/freertos/queue.o
LOAD Source/lib/freertos/tasks.o
LOAD Source/lib/frtcpp/base_data_receiver.o
LOAD Source/lib/frtcpp/frt_task.o
LOAD Source/lib/frtcpp/frt_task_stackprt.o
LOAD Source/lib/frtcpp/frt_task_status.o
LOAD Source/lib/frtcpp/frt_text_queue.o
LOAD Source/lib/frtcpp/func_get_run_time_counter.o
LOAD Source/lib/frtcpp/time_stamp_equal.o
LOAD Source/lib/frtcpp/time_stamp_get_us.o
LOAD Source/lib/frtcpp/time_stamp_greater.o
LOAD Source/lib/frtcpp/time_stamp_greater_eq.o
LOAD Source/lib/frtcpp/time_stamp_less.o
LOAD Source/lib/frtcpp/time_stamp_less_eq.o
LOAD Source/lib/frtcpp/time_stamp_lshift.o
LOAD Source/lib/frtcpp/time_stamp_minus.o
LOAD Source/lib/frtcpp/time_stamp_minus_eq.o
LOAD Source/lib/frtcpp/time_stamp_not_equal.o
LOAD Source/lib/frtcpp/time_stamp_plus.o
LOAD Source/lib/frtcpp/time_stamp_plus_eq.o
LOAD Source/lib/frtcpp/time_stamp_tick_res_time.o
LOAD Source/lib/frtcpp/time_stamp_to_float.o
LOAD Source/lib/frtcpp/time_stamp_to_now.o
LOAD Source/lib/frtcpp/time_stamp_to_now_ISR.o
LOAD Source/lib/misc/hex_dump_memory.o
LOAD Source/lib/misc/mechutil.o
LOAD Source/lib/serial/base232.o
LOAD Source/lib/serial/emstream.o
LOAD Source/lib/serial/emstream_bool.o
LOAD Source/lib/serial/emstream_float.o
LOAD Source/lib/serial/emstream_hex_receive.o
LOAD Source/lib/serial/emstream_hex_send.o
LOAD Source/lib/serial/emstream_int16_t.o
LOAD Source/lib/serial/emstream_int32_t.o
LOAD Source/lib/serial/emstream_int8_t.o
LOAD Source/lib/serial/emstream_pointer.o
LOAD Source/lib/serial/emstream_uint16_t.o
LOAD Source/lib/serial/emstream_uint32_t.o
LOAD Source/lib/serial/emstream_uint64_t.o
LOAD Source/lib/serial/emstream_uint8_t.o
LOAD Source/lib/serial/rs232int.o
START GROUP
LOAD c:/program files (x86)/atmel/studio/7.0/toolchain/avr8/avr8-gnu-toolchain/bin/../lib/gcc/avr/5.4.0/../../../../avr/lib/avrxmega6\libm.a
END GROUP
LOAD c:/program files (x86)/atmel/studio/7.0/toolchain/avr8/avr8-gnu-toolchain/bin/../lib/gcc/avr/5.4.0/avrxmega6\libgcc.a
LOAD c:/program files (x86)/atmel/studio/7.0/toolchain/avr8/avr8-gnu-toolchain/bin/../lib/gcc/avr/5.4.0/../../../../avr/lib/avrxmega6\libm.a
START GROUP
LOAD c:/program files (x86)/atmel/studio/7.0/toolchain/avr8/avr8-gnu-toolchain/bin/../lib/gcc/avr/5.4.0/avrxmega6\libgcc.a
LOAD c:/program files (x86)/atmel/studio/7.0/toolchain/avr8/avr8-gnu-toolchain/bin/../lib/gcc/avr/5.4.0/../../../../avr/lib/avrxmega6\libm.a
LOAD c:/program files (x86)/atmel/studio/7.0/toolchain/avr8/avr8-gnu-toolchain/bin/../lib/gcc/avr/5.4.0/../../../../avr/lib/avrxmega6\libc.a
LOAD C:/Program Files (x86)/Atmel/Studio/7.0/Packs/atmel/XMEGAA_DFP/1.1.68/gcc/dev/atxmega256a3bu/avrxmega6\libatxmega256a3bu.a
END GROUP
                0x00100000                __TEXT_REGION_LENGTH__ = DEFINED (__TEXT_REGION_LENGTH__)?__TEXT_REGION_LENGTH__:0x100000
                0x0000ffa0                __DATA_REGION_LENGTH__ = DEFINED (__DATA_REGION_LENGTH__)?__DATA_REGION_LENGTH__:0xffa0
                0x00010000                __EEPROM_REGION_LENGTH__ = DEFINED (__EEPROM_REGION_LENGTH__)?__EEPROM_REGION_LENGTH__:0x10000
                [0x00000006]                __FUSE_REGION_LENGTH__ = DEFINED (__FUSE_REGION_LENGTH__)?__FUSE_REGION_LENGTH__:0x400
                0x00000400                __LOCK_REGION_LENGTH__ = DEFINED (__LOCK_REGION_LENGTH__)?__LOCK_REGION_LENGTH__:0x400
                0x00000400                __SIGNATURE_REGION_LENGTH__ = DEFINED (__SIGNATURE_REGION_LENGTH__)?__SIGNATURE_REGION_LENGTH__:0x400
                0x00000400                __USER_SIGNATURE_REGION_LENGTH__ = DEFINED (__USER_SIGNATURE_REGION_LENGTH__)?__USER_SIGNATURE_REGION_LENGTH__:0x400

.hash
 *(.hash)

.dynsym
 *(.dynsym)

.dynstr
 *(.dynstr)

.gnu.version
 *(.gnu.version)

.gnu.version_d
 *(.gnu.version_d)

.gnu.version_r
 *(.gnu.version_r)

.rel.init
 *(.rel.init)

.rela.init
 *(.rela.init)

.rel.text
 *(.rel.text)
 *(.rel.text.*)
 *(.rel.gnu.linkonce.t*)

.rela.text
 *(.rela.text)
 *(.rela.text.*)
 *(.rela.gnu.linkonce.t*)

.rel.fini
 *(.rel.fini)

.rela.fini
 *(.rela.fini)

.rel.rodata
 *(.rel.rodata)
 *(.rel.rodata.*)
 *(.rel.gnu.linkonce.r*)

.rela.rodata
 *(.rela.rodata)
 *(.rela.rodata.*)
 *(.rela.gnu.linkonce.r*)

.rel.data
 *(.rel.data)
 *(.rel.data.*)
 *(.rel.gnu.linkonce.d*)

.rela.data
 *(.rela.data)
 *(.rela.data.*)
 *(.rela.gnu.linkonce.d*)

.rel.ctors
 *(.rel.ctors)

.rela.ctors
 *(.rela.ctors)

.rel.dtors
 *(.rel.dtors)

.rela.dtors
 *(.rela.dtors)

.rel.got
 *(.rel.got)

.rela.got
 *(.rela.got)

.rel.bss
 *(.rel.bss)

.rela.bss
 *(.rela.bss)

.rel.plt
 *(.rel.plt)

.rela.plt
 *(.rela.plt)

.text           0x00000000     0x73c0
 *(.vectors)
 .vectors       0x00000000      0x1fc C:/Program Files (x86)/Atmel/Studio/7.0/Packs/atmel/XMEGAA_DFP/1.1.68/gcc/dev/atxmega256a3bu/avrxmega6/crtatxmega256a3bu.o
                0x00000000                __vector_default
                0x00000000                __vectors
 *(.vectors)
 *(.progmem.gcc*)
 .progmem.gcc_sw_table._ZN7task_md3runEv
                0x000001fc       0x12 Source/lib/Tasks/task_md.o
 .progmem.gcc_sw_table._ZN9task_user3runEv
                0x0000020e      0x18e Source/lib/Tasks/task_user.o
 .progmem.gcc_sw_table._ZN8emstreamlsE15ser_manipulator
                0x0000039c       0x16 Source/lib/serial/emstream.o
                0x000003b2                . = ALIGN (0x2)
                0x000003b2                __trampolines_start = .
 *(.trampolines)
 .trampolines   0x000003b2      0x1b8 linker stubs
 *(.trampolines*)
                0x0000056a                __trampolines_end = .
 *libprintf_flt.a:*(.progmem.data)
 *libc.a:*(.progmem.data)
 .progmem.data  0x0000056a       0xfa c:/program files (x86)/atmel/studio/7.0/toolchain/avr8/avr8-gnu-toolchain/bin/../lib/gcc/avr/5.4.0/../../../../avr/lib/avrxmega6\libc.a(ftoa_engine.o)
 *(.progmem*)
 .progmem.something
                0x00000664       0x3e Source/lib/Tasks/task_md.o
 .progmem.something
                0x000006a2       0x46 Source/lib/Tasks/task_sensor.o
 .progmem.something
                0x000006e8      0x6fe Source/lib/Tasks/task_user.o
 .progmem.something
                0x00000de6       0x4b Source/lib/frtcpp/frt_task.o
 .progmem.something
                0x00000e31       0x72 Source/lib/frtcpp/frt_task_status.o
                0x00000ea4                . = ALIGN (0x2)
 *fill*         0x00000ea3        0x1 
 *(.jumptables)
 *(.jumptables*)
 *(.lowtext)
 .lowtext       0x00000ea4        0x4 Source/lib/frtcpp/frt_task.o
                0x00000ea4                _call_static_run_method
 *(.lowtext*)
                0x00000ea8                __ctors_start = .
 *(.ctors)
 .ctors         0x00000ea8        0x2 Source/main.o
                0x00000eaa                __ctors_end = .
                0x00000eaa                __dtors_start = .
 *(.dtors)
                0x00000eaa                __dtors_end = .
 SORT(*)(.ctors)
 SORT(*)(.dtors)
 *(.init0)
 .init0         0x00000eaa        0x0 C:/Program Files (x86)/Atmel/Studio/7.0/Packs/atmel/XMEGAA_DFP/1.1.68/gcc/dev/atxmega256a3bu/avrxmega6/crtatxmega256a3bu.o
                0x00000eaa                __init
 *(.init0)
 *(.init1)
 *(.init1)
 *(.init2)
 .init2         0x00000eaa       0x10 C:/Program Files (x86)/Atmel/Studio/7.0/Packs/atmel/XMEGAA_DFP/1.1.68/gcc/dev/atxmega256a3bu/avrxmega6/crtatxmega256a3bu.o
 *(.init2)
 *(.init3)
 *(.init3)
 *(.init4)
 .init4         0x00000eba       0x1a c:/program files (x86)/atmel/studio/7.0/toolchain/avr8/avr8-gnu-toolchain/bin/../lib/gcc/avr/5.4.0/avrxmega6\libgcc.a(_copy_data.o)
                0x00000eba                __do_copy_data
 .init4         0x00000ed4       0x10 c:/program files (x86)/atmel/studio/7.0/toolchain/avr8/avr8-gnu-toolchain/bin/../lib/gcc/avr/5.4.0/avrxmega6\libgcc.a(_clear_bss.o)
                0x00000ed4                __do_clear_bss
 *(.init4)
 *(.init5)
 *(.init5)
 *(.init6)
 .init6         0x00000ee4       0x20 c:/program files (x86)/atmel/studio/7.0/toolchain/avr8/avr8-gnu-toolchain/bin/../lib/gcc/avr/5.4.0/avrxmega6\libgcc.a(_ctors.o)
                0x00000ee4                __do_global_ctors
 *(.init6)
 *(.init7)
 *(.init7)
 *(.init8)
 *(.init8)
 *(.init9)
 .init9         0x00000f04        0x8 C:/Program Files (x86)/Atmel/Studio/7.0/Packs/atmel/XMEGAA_DFP/1.1.68/gcc/dev/atxmega256a3bu/avrxmega6/crtatxmega256a3bu.o
 *(.init9)
 *(.text)
 .text          0x00000f0c        0x4 C:/Program Files (x86)/Atmel/Studio/7.0/Packs/atmel/XMEGAA_DFP/1.1.68/gcc/dev/atxmega256a3bu/avrxmega6/crtatxmega256a3bu.o
                0x00000f0c                __vector_38
                0x00000f0c                __vector_22
                0x00000f0c                __vector_63
                0x00000f0c                __vector_1
                0x00000f0c                __vector_32
                0x00000f0c                __vector_75
                0x00000f0c                __vector_71
                0x00000f0c                __vector_34
                0x00000f0c                __vector_62
                0x00000f0c                __vector_102
                0x00000f0c                __vector_24
                0x00000f0c                __vector_12
                0x00000f0c                __vector_69
                0x00000f0c                __vector_81
                0x00000f0c                __vector_90
                0x00000f0c                __vector_46
                0x00000f0c                __bad_interrupt
                0x00000f0c                __vector_122
                0x00000f0c                __vector_72
                0x00000f0c                __vector_114
                0x00000f0c                __vector_6
                0x00000f0c                __vector_110
                0x00000f0c                __vector_31
                0x00000f0c                __vector_92
                0x00000f0c                __vector_35
                0x00000f0c                __vector_78
                0x00000f0c                __vector_74
                0x00000f0c                __vector_117
                0x00000f0c                __vector_39
                0x00000f0c                __vector_107
                0x00000f0c                __vector_3
                0x00000f0c                __vector_98
                0x00000f0c                __vector_23
                0x00000f0c                __vector_68
                0x00000f0c                __vector_30
                0x00000f0c                __vector_73
                0x00000f0c                __vector_45
                0x00000f0c                __vector_93
                0x00000f0c                __vector_61
                0x00000f0c                __vector_11
                0x00000f0c                __vector_54
                0x00000f0c                __vector_99
                0x00000f0c                __vector_13
                0x00000f0c                __vector_17
                0x00000f0c                __vector_19
                0x00000f0c                __vector_56
                0x00000f0c                __vector_7
                0x00000f0c                __vector_125
                0x00000f0c                __vector_49
                0x00000f0c                __vector_123
                0x00000f0c                __vector_41
                0x00000f0c                __vector_86
                0x00000f0c                __vector_100
                0x00000f0c                __vector_101
                0x00000f0c                __vector_64
                0x00000f0c                __vector_109
                0x00000f0c                __vector_27
                0x00000f0c                __vector_5
                0x00000f0c                __vector_113
                0x00000f0c                __vector_33
                0x00000f0c                __vector_76
                0x00000f0c                __vector_115
                0x00000f0c                __vector_47
                0x00000f0c                __vector_52
                0x00000f0c                __vector_37
                0x00000f0c                __vector_95
                0x00000f0c                __vector_103
                0x00000f0c                __vector_96
                0x00000f0c                __vector_89
                0x00000f0c                __vector_108
                0x00000f0c                __vector_4
                0x00000f0c                __vector_106
                0x00000f0c                __vector_118
                0x00000f0c                __vector_51
                0x00000f0c                __vector_9
                0x00000f0c                __vector_2
                0x00000f0c                __vector_21
                0x00000f0c                __vector_15
                0x00000f0c                __vector_36
                0x00000f0c                __vector_79
                0x00000f0c                __vector_70
                0x00000f0c                __vector_29
                0x00000f0c                __vector_60
                0x00000f0c                __vector_121
                0x00000f0c                __vector_40
                0x00000f0c                __vector_94
                0x00000f0c                __vector_126
                0x00000f0c                __vector_8
                0x00000f0c                __vector_26
                0x00000f0c                __vector_48
                0x00000f0c                __vector_124
                0x00000f0c                __vector_116
                0x00000f0c                __vector_112
                0x00000f0c                __vector_111
                0x00000f0c                __vector_80
                0x00000f0c                __vector_84
                0x00000f0c                __vector_57
                0x00000f0c                __vector_53
                0x00000f0c                __vector_10
                0x00000f0c                __vector_50
                0x00000f0c                __vector_59
                0x00000f0c                __vector_18
                0x00000f0c                __vector_97
                0x00000f0c                __vector_20
                0x00000f0c                __vector_42
                0x00000f0c                __vector_87
                0x00000f0c                __vector_65
                0x00000f0c                __vector_120
                0x00000f10                . = ALIGN (0x2)
 *(.text.*)
 .text._ZN6DM542TC2EP11PORT_structhhjS1_P10TC0_structhh
                0x00000f10       0xda Source/lib/DeviceDriver/DM542T.o
                0x00000f10                _ZN6DM542TC2EP11PORT_structhhjS1_P10TC0_structhh
                0x00000f10                _ZN6DM542TC1EP11PORT_structhhjS1_P10TC0_structhh
 .text._ZN6DM542TC2EP11PORT_structhhjS1_P10TC1_structhh
                0x00000fea       0xda Source/lib/DeviceDriver/DM542T.o
                0x00000fea                _ZN6DM542TC1EP11PORT_structhhjS1_P10TC1_structhh
                0x00000fea                _ZN6DM542TC2EP11PORT_structhhjS1_P10TC1_structhh
 .text._ZN6DM542T7motorOnEv
                0x000010c4       0x4e Source/lib/DeviceDriver/DM542T.o
                0x000010c4                _ZN6DM542T7motorOnEv
 .text._ZN6DM542T7motorCWEv
                0x00001112       0x22 Source/lib/DeviceDriver/DM542T.o
                0x00001112                _ZN6DM542T7motorCWEv
 .text._ZN6DM542T8motorCCWEv
                0x00001134       0x20 Source/lib/DeviceDriver/DM542T.o
                0x00001134                _ZN6DM542T8motorCCWEv
 .text._ZN6DM542T8motorOffEv
                0x00001154        0xa Source/lib/DeviceDriver/DM542T.o
                0x00001154                _ZN6DM542T8motorOffEv
 .text._ZN6DM542T13get_directionEv
                0x0000115e        0xa Source/lib/DeviceDriver/DM542T.o
                0x0000115e                _ZN6DM542T13get_directionEv
 .text._ZN6DM542T9take_stepEv
                0x00001168       0x18 Source/lib/DeviceDriver/DM542T.o
                0x00001168                _ZN6DM542T9take_stepEv
 .text._ZN6DM542T14set_signal_lowEv
                0x00001180        0xc Source/lib/DeviceDriver/DM542T.o
                0x00001180                _ZN6DM542T14set_signal_lowEv
 .text._ZN6DM542T10get_statusEv
                0x0000118c        0xa Source/lib/DeviceDriver/DM542T.o
                0x0000118c                _ZN6DM542T10get_statusEv
 .text._ZN12DeviceDriver11LimitSwitchC2EP11PORT_structhhhh
                0x00001196        0xe Source/lib/DeviceDriver/LimitSwitch.o
                0x00001196                _ZN12DeviceDriver11LimitSwitchC2EP11PORT_structhhhh
                0x00001196                _ZN12DeviceDriver11LimitSwitchC1EP11PORT_structhhhh
 .text._ZN12DeviceDriver11LimitSwitch10get_statusEv
                0x000011a4       0x1c Source/lib/DeviceDriver/LimitSwitch.o
                0x000011a4                _ZN12DeviceDriver11LimitSwitch10get_statusEv
 .text._ZN5SBG01C2EP3ADCf
                0x000011c0       0x20 Source/lib/DeviceDriver/SBG01.o
                0x000011c0                _ZN5SBG01C2EP3ADCf
                0x000011c0                _ZN5SBG01C1EP3ADCf
 .text._ZN5SBG018reg_readEv
                0x000011e0       0x16 Source/lib/DeviceDriver/SBG01.o
                0x000011e0                _ZN5SBG018reg_readEv
 .text._ZN5SBG0111get_voltageEv
                0x000011f6       0x78 Source/lib/DeviceDriver/SBG01.o
                0x000011f6                _ZN5SBG0111get_voltageEv
 .text._ZN5SBG0114get_voltage_mvEv
                0x0000126e       0x44 Source/lib/DeviceDriver/SBG01.o
                0x0000126e                _ZN5SBG0114get_voltage_mvEv
 .text._ZN6Motion13MotionControlC2Ej
                0x000012b2       0x50 Source/lib/Motion/MotionControl.o
                0x000012b2                _ZN6Motion13MotionControlC2Ej
                0x000012b2                _ZN6Motion13MotionControlC1Ej
 .text._ZN6Motion13MotionControl13inchesToStepsEm
                0x00001302       0x14 Source/lib/Motion/MotionControl.o
                0x00001302                _ZN6Motion13MotionControl13inchesToStepsEm
 .text._ZN6Motion13MotionControl8getStepsEv
                0x00001316        0xc Source/lib/Motion/MotionControl.o
                0x00001316                _ZN6Motion13MotionControl8getStepsEv
 .text._ZN6Motion15VelocityControlC2Ej
                0x00001322       0x4a Source/lib/Motion/VelocityControl.o
                0x00001322                _ZN6Motion15VelocityControlC2Ej
                0x00001322                _ZN6Motion15VelocityControlC1Ej
 .text._ZN6Motion15VelocityControl7setRampEP14InterruptTimermm
                0x0000136c       0x34 Source/lib/Motion/VelocityControl.o
                0x0000136c                _ZN6Motion15VelocityControl7setRampEP14InterruptTimermm
 .text._ZN6Motion15VelocityControl11rampHandlerEv
                0x000013a0       0x84 Source/lib/Motion/VelocityControl.o
                0x000013a0                _ZN6Motion15VelocityControl11rampHandlerEv
 .text._ZN3ADCC2EP10ADC_structP13ADC_CH_struct
                0x00001424       0x3a Source/lib/PeripheralDriver/ADC.o
                0x00001424                _ZN3ADCC2EP10ADC_structP13ADC_CH_struct
                0x00001424                _ZN3ADCC1EP10ADC_structP13ADC_CH_struct
 .text._ZN3ADC10start_convEv
                0x0000145e       0x12 Source/lib/PeripheralDriver/ADC.o
                0x0000145e                _ZN3ADC10start_convEv
 .text._ZN3ADC4readEPij
                0x00001470       0x78 Source/lib/PeripheralDriver/ADC.o
                0x00001470                _ZN3ADC4readEPij
 .text._ZN3ADC15get_voltage_refEv
                0x000014e8        0xc Source/lib/PeripheralDriver/ADC.o
                0x000014e8                _ZN3ADC15get_voltage_refEv
 .text._ZN16PeripheralDriver14EventInterruptC2EP11PORT_structhhhh
                0x000014f4      0x11e Source/lib/PeripheralDriver/EventInterrupt.o
                0x000014f4                _ZN16PeripheralDriver14EventInterruptC2EP11PORT_structhhhh
                0x000014f4                _ZN16PeripheralDriver14EventInterruptC1EP11PORT_structhhhh
 .text._ZN14InterruptTimer12set_freq_khzEj
                0x00001612       0x54 Source/lib/PeripheralDriver/InterruptTimer.o
                0x00001612                _ZN14InterruptTimer12set_freq_khzEj
 .text._ZN14InterruptTimer11set_freq_hzEm
                0x00001666       0x64 Source/lib/PeripheralDriver/InterruptTimer.o
                0x00001666                _ZN14InterruptTimer11set_freq_hzEm
 .text._ZN14InterruptTimer14set_duty_cycleEh
                0x000016ca       0xaa Source/lib/PeripheralDriver/InterruptTimer.o
                0x000016ca                _ZN14InterruptTimer14set_duty_cycleEh
 .text._ZN14InterruptTimerC2EP11PORT_structP10TC0_structhh
                0x00001774       0x9e Source/lib/PeripheralDriver/InterruptTimer.o
                0x00001774                _ZN14InterruptTimerC1EP11PORT_structP10TC0_structhh
                0x00001774                _ZN14InterruptTimerC2EP11PORT_structP10TC0_structhh
 .text._ZN14InterruptTimerC2EP11PORT_structP10TC1_structhh
                0x00001812       0x76 Source/lib/PeripheralDriver/InterruptTimer.o
                0x00001812                _ZN14InterruptTimerC1EP11PORT_structP10TC1_structhh
                0x00001812                _ZN14InterruptTimerC2EP11PORT_structP10TC1_structhh
 .text._ZN14InterruptTimer4highEv
                0x00001888       0x10 Source/lib/PeripheralDriver/InterruptTimer.o
                0x00001888                _ZN14InterruptTimer4highEv
 .text._ZN14InterruptTimer3lowEv
                0x00001898       0x10 Source/lib/PeripheralDriver/InterruptTimer.o
                0x00001898                _ZN14InterruptTimer3lowEv
 .text._ZN7task_mdC2EPKchjP8emstreamP11PORT_structhhjS5_P10TC0_structhhP9frt_queueImESA_P11shared_dataIhEPSB_IbEPN12DeviceDriver11LimitSwitchESI_
                0x000018a8      0x118 Source/lib/Tasks/task_md.o
                0x000018a8                _ZN7task_mdC2EPKchjP8emstreamP11PORT_structhhjS5_P10TC0_structhhP9frt_queueImESA_P11shared_dataIhEPSB_IbEPN12DeviceDriver11LimitSwitchESI_
                0x000018a8                _ZN7task_mdC1EPKchjP8emstreamP11PORT_structhhjS5_P10TC0_structhhP9frt_queueImESA_P11shared_dataIhEPSB_IbEPN12DeviceDriver11LimitSwitchESI_
 .text._ZN7task_mdC2EPKchjP8emstreamP11PORT_structhhjS5_P10TC1_structhhP9frt_queueImESA_P11shared_dataIhEPSB_IbEPN12DeviceDriver11LimitSwitchESI_
                0x000019c0       0xd4 Source/lib/Tasks/task_md.o
                0x000019c0                _ZN7task_mdC2EPKchjP8emstreamP11PORT_structhhjS5_P10TC1_structhhP9frt_queueImESA_P11shared_dataIhEPSB_IbEPN12DeviceDriver11LimitSwitchESI_
                0x000019c0                _ZN7task_mdC1EPKchjP8emstreamP11PORT_structhhjS5_P10TC1_structhhP9frt_queueImESA_P11shared_dataIhEPSB_IbEPN12DeviceDriver11LimitSwitchESI_
 .text._ZN7task_md7motorOnEv
                0x00001a94       0xcc Source/lib/Tasks/task_md.o
                0x00001a94                _ZN7task_md7motorOnEv
 .text._ZN7task_md3runEv
                0x00001b60      0x886 Source/lib/Tasks/task_md.o
                0x00001b60                _ZN7task_md3runEv
 .text._ZN11task_sensor3runEv
                0x000023e6      0x630 Source/lib/Tasks/task_sensor.o
                0x000023e6                _ZN11task_sensor3runEv
 .text._ZN11task_sensorC2EPKchjP8emstreamP5SBG01
                0x00002a16       0x3a Source/lib/Tasks/task_sensor.o
                0x00002a16                _ZN11task_sensorC1EPKchjP8emstreamP5SBG01
                0x00002a16                _ZN11task_sensorC2EPKchjP8emstreamP5SBG01
 .text._ZN9task_userC2EPKchjP8emstream
                0x00002a50       0x3a Source/lib/Tasks/task_user.o
                0x00002a50                _ZN9task_userC1EPKchjP8emstream
                0x00002a50                _ZN9task_userC2EPKchjP8emstream
 .text._ZN9task_user10str_to_intEv
                0x00002a8a       0xaa Source/lib/Tasks/task_user.o
                0x00002a8a                _ZN9task_user10str_to_intEv
 .text._ZN9task_user12reset_deviceEv
                0x00002b34       0x38 Source/lib/Tasks/task_user.o
                0x00002b34                _ZN9task_user12reset_deviceEv
 .text._ZN9task_user3runEv
                0x00002b6c      0xc40 Source/lib/Tasks/task_user.o
                0x00002b6c                _ZN9task_user3runEv
 .text._ZN9frt_queueImE16ISR_num_items_inEv
                0x000037ac        0xe Source/main.o
                0x000037ac                _ZN9frt_queueImE16ISR_num_items_inEv
 .text._ZN9frt_queueImE13ISR_not_emptyEv
                0x000037ba       0x16 Source/main.o
                0x000037ba                _ZN9frt_queueImE13ISR_not_emptyEv
 .text._ZN9frt_queueImE12ISR_is_emptyEv
                0x000037d0       0x14 Source/main.o
                0x000037d0                _ZN9frt_queueImE12ISR_is_emptyEv
 .text._ZN9frt_queueImE12num_items_inEv
                0x000037e4        0xe Source/main.o
                0x000037e4                _ZN9frt_queueImE12num_items_inEv
 .text._ZN9frt_queueImE9not_emptyEv
                0x000037f2       0x16 Source/main.o
                0x000037f2                _ZN9frt_queueImE9not_emptyEv
 .text._ZN9frt_queueImE8is_emptyEv
                0x00003808       0x14 Source/main.o
                0x00003808                _ZN9frt_queueImE8is_emptyEv
 .text._ZN9frt_queueImE10get_a_copyERm
                0x0000381c       0x18 Source/main.o
                0x0000381c                _ZN9frt_queueImE10get_a_copyERm
 .text._ZN9frt_queueImE10get_a_copyEv
                0x00003834       0x3c Source/main.o
                0x00003834                _ZN9frt_queueImE10get_a_copyEv
 .text._ZN9frt_queueImE3getEPm
                0x00003870       0x18 Source/main.o
                0x00003870                _ZN9frt_queueImE3getEPm
 .text._ZN9frt_queueImE3getEv
                0x00003888       0x3c Source/main.o
                0x00003888                _ZN9frt_queueImE3getEv
 .text._ZN9frt_queueImE7ISR_getEPm
                0x000038c4       0x22 Source/main.o
                0x000038c4                _ZN9frt_queueImE7ISR_getEPm
 .text._ZN9frt_queueImE7ISR_getEv
                0x000038e6       0x38 Source/main.o
                0x000038e6                _ZN9frt_queueImE7ISR_getEv
 .text._ZN9frt_queueImE11ISR_butt_inERKm
                0x0000391e       0x30 Source/main.o
                0x0000391e                _ZN9frt_queueImE11ISR_butt_inERKm
 .text._ZN9frt_queueImE7ISR_putERKm
                0x0000394e       0x30 Source/main.o
                0x0000394e                _ZN9frt_queueImE7ISR_putERKm
 .text._ZN9frt_queueImE7butt_inERKm
                0x0000397e       0x24 Source/main.o
                0x0000397e                _ZN9frt_queueImE7butt_inERKm
 .text._ZN9frt_queueImE3putERKm
                0x000039a2       0x24 Source/main.o
                0x000039a2                _ZN9frt_queueImE3putERKm
 .text._Z8CCPWritePVhh
                0x000039c6       0x2a Source/main.o
                0x000039c6                _Z8CCPWritePVhh
 .text.main     0x000039f0      0x466 Source/main.o
                0x000039f0                main
 .text.__vector_66
                0x00003e56       0x68 Source/main.o
                0x00003e56                __vector_66
 .text.__vector_67
                0x00003ebe       0x6a Source/main.o
                0x00003ebe                __vector_67
 .text.__vector_43
                0x00003f28       0x68 Source/main.o
                0x00003f28                __vector_43
 .text.__vector_44
                0x00003f90       0x6a Source/main.o
                0x00003f90                __vector_44
 .text.__vector_104
                0x00003ffa       0x68 Source/main.o
                0x00003ffa                __vector_104
 .text.__vector_105
                0x00004062       0x6a Source/main.o
                0x00004062                __vector_105
 .text.__vector_85
                0x000040cc       0x58 Source/main.o
                0x000040cc                __vector_85
 .text.__vector_83
                0x00004124       0x58 Source/main.o
                0x00004124                __vector_83
 .text.__vector_82
                0x0000417c       0x58 Source/main.o
                0x0000417c                __vector_82
 .text.__vector_77
                0x000041d4       0x58 Source/main.o
                0x000041d4                __vector_77
 .text.__vector_16
                0x0000422c       0x58 Source/main.o
                0x0000422c                __vector_16
 .text.__vector_14
                0x00004284       0x58 Source/main.o
                0x00004284                __vector_14
 .text._ZN9frt_queueImEC2EhP8emstreamm
                0x000042dc       0x4a Source/main.o
                0x000042dc                _ZN9frt_queueImEC2EhP8emstreamm
                0x000042dc                _ZN9frt_queueImEC1EhP8emstreamm
 .text._GLOBAL__sub_I_counter
                0x00004326       0xa6 Source/main.o
 .text.pvPortMalloc
                0x000043cc      0x134 Source/lib/freertos/heap_2.o
                0x000043cc                pvPortMalloc
 .text.vPortFree
                0x00004500       0x66 Source/lib/freertos/heap_2.o
                0x00004500                vPortFree
 .text.vListInitialise
                0x00004566       0x22 Source/lib/freertos/list.o
                0x00004566                vListInitialise
 .text.vListInitialiseItem
                0x00004588        0x8 Source/lib/freertos/list.o
                0x00004588                vListInitialiseItem
 .text.vListInsertEnd
                0x00004590       0x4e Source/lib/freertos/list.o
                0x00004590                vListInsertEnd
 .text.vListInsert
                0x000045de       0x96 Source/lib/freertos/list.o
                0x000045de                vListInsert
 .text.vListRemove
                0x00004674       0x4c Source/lib/freertos/list.o
                0x00004674                vListRemove
 .text.pxPortInitialiseStack
                0x000046c0       0xec Source/lib/freertos/port.o
                0x000046c0                pxPortInitialiseStack
 .text.xPortStartScheduler
                0x000047ac       0x80 Source/lib/freertos/port.o
                0x000047ac                xPortStartScheduler
 .text.vPortYield
                0x0000482c       0xc2 Source/lib/freertos/port.o
                0x0000482c                vPortYield
 .text.vPortYieldFromTick
                0x000048ee       0xc6 Source/lib/freertos/port.o
                0x000048ee                vPortYieldFromTick
 .text.__vector_55
                0x000049b4        0x6 Source/lib/freertos/port.o
                0x000049b4                __vector_55
 .text.prvCopyDataToQueue
                0x000049ba       0x98 Source/lib/freertos/queue.o
 .text.prvCopyDataFromQueue
                0x00004a52       0x34 Source/lib/freertos/queue.o
 .text.prvUnlockQueue
                0x00004a86       0x94 Source/lib/freertos/queue.o
 .text.xQueueGenericReset
                0x00004b1a       0x78 Source/lib/freertos/queue.o
                0x00004b1a                xQueueGenericReset
 .text.xQueueGenericCreate
                0x00004b92       0x5c Source/lib/freertos/queue.o
                0x00004b92                xQueueGenericCreate
 .text.xQueueGenericSend
                0x00004bee      0x136 Source/lib/freertos/queue.o
                0x00004bee                xQueueGenericSend
 .text.xQueueGenericSendFromISR
                0x00004d24       0x58 Source/lib/freertos/queue.o
                0x00004d24                xQueueGenericSendFromISR
 .text.xQueueGenericReceive
                0x00004d7c      0x188 Source/lib/freertos/queue.o
                0x00004d7c                xQueueGenericReceive
 .text.xQueueReceiveFromISR
                0x00004f04       0x5a Source/lib/freertos/queue.o
                0x00004f04                xQueueReceiveFromISR
 .text.uxQueueMessagesWaiting
                0x00004f5e       0x10 Source/lib/freertos/queue.o
                0x00004f5e                uxQueueMessagesWaiting
 .text.uxQueueMessagesWaitingFromISR
                0x00004f6e        0x6 Source/lib/freertos/queue.o
                0x00004f6e                uxQueueMessagesWaitingFromISR
 .text.prvIdleTask
                0x00004f74       0x10 Source/lib/freertos/tasks.o
 .text.prvAddCurrentTaskToDelayedList
                0x00004f84       0x9c Source/lib/freertos/tasks.o
 .text.xTaskGenericCreate
                0x00005020      0x204 Source/lib/freertos/tasks.o
                0x00005020                xTaskGenericCreate
 .text.uxTaskPriorityGet
                0x00005224       0x1c Source/lib/freertos/tasks.o
                0x00005224                uxTaskPriorityGet
 .text.vTaskStartScheduler
                0x00005240       0x66 Source/lib/freertos/tasks.o
                0x00005240                vTaskStartScheduler
 .text.vTaskSuspendAll
                0x000052a6        0xc Source/lib/freertos/tasks.o
                0x000052a6                vTaskSuspendAll
 .text.xTaskGetTickCount
                0x000052b2       0x1c Source/lib/freertos/tasks.o
                0x000052b2                xTaskGetTickCount
 .text.pcTaskGetTaskName
                0x000052ce       0x10 Source/lib/freertos/tasks.o
                0x000052ce                pcTaskGetTaskName
 .text.vTaskIncrementTick
                0x000052de      0x202 Source/lib/freertos/tasks.o
                0x000052de                vTaskIncrementTick
 .text.xTaskResumeAll
                0x000054e0      0x104 Source/lib/freertos/tasks.o
                0x000054e0                xTaskResumeAll
 .text.vTaskDelayUntil
                0x000055e4       0xda Source/lib/freertos/tasks.o
                0x000055e4                vTaskDelayUntil
 .text.vTaskDelay
                0x000056be       0x5c Source/lib/freertos/tasks.o
                0x000056be                vTaskDelay
 .text.vTaskSwitchContext
                0x0000571a       0xba Source/lib/freertos/tasks.o
                0x0000571a                vTaskSwitchContext
 .text.vTaskPlaceOnEventList
                0x000057d4       0x54 Source/lib/freertos/tasks.o
                0x000057d4                vTaskPlaceOnEventList
 .text.xTaskRemoveFromEventList
                0x00005828       0x7e Source/lib/freertos/tasks.o
                0x00005828                xTaskRemoveFromEventList
 .text.vTaskSetTimeOutState
                0x000058a6       0x22 Source/lib/freertos/tasks.o
                0x000058a6                vTaskSetTimeOutState
 .text.xTaskCheckForTimeOut
                0x000058c8       0xda Source/lib/freertos/tasks.o
                0x000058c8                xTaskCheckForTimeOut
 .text.vTaskMissedYield
                0x000059a2        0x8 Source/lib/freertos/tasks.o
                0x000059a2                vTaskMissedYield
 .text.uxTaskGetStackHighWaterMark
                0x000059aa       0x32 Source/lib/freertos/tasks.o
                0x000059aa                uxTaskGetStackHighWaterMark
 .text.xTaskGetCurrentTaskHandle
                0x000059dc        0xa Source/lib/freertos/tasks.o
                0x000059dc                xTaskGetCurrentTaskHandle
 .text.vTaskPriorityInherit
                0x000059e6       0xaa Source/lib/freertos/tasks.o
                0x000059e6                vTaskPriorityInherit
 .text.vTaskPriorityDisinherit
                0x00005a90       0x68 Source/lib/freertos/tasks.o
                0x00005a90                vTaskPriorityDisinherit
 .text._ZN8frt_task22_call_users_run_methodEPS_
                0x00005af8       0x1e Source/lib/frtcpp/frt_task.o
                0x00005af8                _ZN8frt_task22_call_users_run_methodEPS_
 .text._ZN8frt_task13transition_toEh
                0x00005b16        0x8 Source/lib/frtcpp/frt_task.o
                0x00005b16                _ZN8frt_task13transition_toEh
 .text._ZN8frt_taskC2EPKchjP8emstream
                0x00005b1e      0x18e Source/lib/frtcpp/frt_task.o
                0x00005b1e                _ZN8frt_taskC1EPKchjP8emstream
                0x00005b1e                _ZN8frt_taskC2EPKchjP8emstream
 .text._ZN8frt_task12print_statusER8emstream
                0x00005cac      0x120 Source/lib/frtcpp/frt_task_status.o
                0x00005cac                _ZN8frt_task12print_statusER8emstream
 .text._ZN14frt_text_queue7getcharEv
                0x00005dcc       0x3c Source/lib/frtcpp/frt_text_queue.o
                0x00005dcc                _ZN14frt_text_queue7getcharEv
 .text._ZN14frt_text_queue14check_for_charEv
                0x00005e08       0x16 Source/lib/frtcpp/frt_text_queue.o
                0x00005e08                _ZN14frt_text_queue14check_for_charEv
 .text._ZN14frt_text_queue7putcharEc
                0x00005e1e       0x3c Source/lib/frtcpp/frt_text_queue.o
                0x00005e1e                _ZN14frt_text_queue7putcharEc
 .text._ZN14frt_text_queueC2EjP8emstreamm
                0x00005e5a       0x5e Source/lib/frtcpp/frt_text_queue.o
                0x00005e5a                _ZN14frt_text_queueC2EjP8emstreamm
                0x00005e5a                _ZN14frt_text_queueC1EjP8emstreamm
 .text._Znwj    0x00005eb8        0x6 Source/lib/misc/mechutil.o
                0x00005eb8                _Znwj
 .text._Znaj    0x00005ebe        0x6 Source/lib/misc/mechutil.o
                0x00005ebe                _Znaj
 .text.__cxa_pure_virtual
                0x00005ec4        0x2 Source/lib/misc/mechutil.o
                0x00005ec4                __cxa_pure_virtual
 .text._ZN7base232C2EjP12USART_struct
                0x00005ec6      0x146 Source/lib/serial/base232.o
                0x00005ec6                _ZN7base232C1EjP12USART_struct
                0x00005ec6                _ZN7base232C2EjP12USART_struct
 .text._ZN8emstream13ready_to_sendEv
                0x0000600c        0x4 Source/lib/serial/emstream.o
                0x0000600c                _ZN8emstream13ready_to_sendEv
 .text._ZN8emstream7getcharEv
                0x00006010        0x6 Source/lib/serial/emstream.o
                0x00006010                _ZN8emstream7getcharEv
 .text._ZN8emstream14check_for_charEv
                0x00006016        0x4 Source/lib/serial/emstream.o
                0x00006016                _ZN8emstream14check_for_charEv
 .text._ZN8emstream12transmit_nowEv
                0x0000601a        0x2 Source/lib/serial/emstream.o
                0x0000601a                _ZN8emstream12transmit_nowEv
 .text._ZN8emstream12clear_screenEv
                0x0000601c        0x2 Source/lib/serial/emstream.o
                0x0000601c                _ZN8emstream12clear_screenEv
 .text._ZN8emstreamC2Ev
                0x0000601e       0x1c Source/lib/serial/emstream.o
                0x0000601e                _ZN8emstreamC2Ev
                0x0000601e                _ZN8emstreamC1Ev
 .text._ZN8emstream4putsEPKc
                0x0000603a       0x6e Source/lib/serial/emstream.o
                0x0000603a                _ZN8emstream4putsEPKc
 .text._ZN8emstreamlsE15ser_manipulator
                0x000060a8       0x8e Source/lib/serial/emstream.o
                0x000060a8                _ZN8emstreamlsE15ser_manipulator
 .text._ZN8emstreamlsEf
                0x00006136      0x114 Source/lib/serial/emstream_float.o
                0x00006136                _ZN8emstreamlsEf
 .text._ZN8emstreamlsEd
                0x0000624a      0x108 Source/lib/serial/emstream_float.o
                0x0000624a                _ZN8emstreamlsEd
 .text._ZN8emstreamlsEi
                0x00006352       0x52 Source/lib/serial/emstream_int16_t.o
                0x00006352                _ZN8emstreamlsEi
 .text._ZN8emstreamlsEl
                0x000063a4       0x56 Source/lib/serial/emstream_int32_t.o
                0x000063a4                _ZN8emstreamlsEl
 .text._ZN8emstreamlsEj
                0x000063fa       0x68 Source/lib/serial/emstream_uint16_t.o
                0x000063fa                _ZN8emstreamlsEj
 .text._ZN8emstreamlsEm
                0x00006462       0x84 Source/lib/serial/emstream_uint32_t.o
                0x00006462                _ZN8emstreamlsEm
 .text._ZN8emstreamlsEh
                0x000064e6      0x100 Source/lib/serial/emstream_uint8_t.o
                0x000064e6                _ZN8emstreamlsEh
 .text._ZN5rs2327putcharEc
                0x000065e6       0x48 Source/lib/serial/rs232int.o
                0x000065e6                _ZN5rs2327putcharEc
 .text._ZN5rs2327getcharEv
                0x0000662e       0x4c Source/lib/serial/rs232int.o
                0x0000662e                _ZN5rs2327getcharEv
 .text._ZN5rs23214check_for_charEv
                0x0000667a       0x26 Source/lib/serial/rs232int.o
                0x0000667a                _ZN5rs23214check_for_charEv
 .text._ZN5rs23212clear_screenEv
                0x000066a0       0x12 Source/lib/serial/rs232int.o
                0x000066a0                _ZN5rs23212clear_screenEv
 .text._ZN5rs232C2EjP12USART_struct
                0x000066b2      0x122 Source/lib/serial/rs232int.o
                0x000066b2                _ZN5rs232C2EjP12USART_struct
                0x000066b2                _ZN5rs232C1EjP12USART_struct
 .text.__vector_25
                0x000067d4       0xb0 Source/lib/serial/rs232int.o
                0x000067d4                __vector_25
 .text.__vector_28
                0x00006884       0xb0 Source/lib/serial/rs232int.o
                0x00006884                __vector_28
 .text.__vector_88
                0x00006934       0xb0 Source/lib/serial/rs232int.o
                0x00006934                __vector_88
 .text.__vector_91
                0x000069e4       0xb0 Source/lib/serial/rs232int.o
                0x000069e4                __vector_91
 .text.__vector_58
                0x00006a94       0xb0 Source/lib/serial/rs232int.o
                0x00006a94                __vector_58
 .text.__vector_119
                0x00006b44       0xb0 Source/lib/serial/rs232int.o
                0x00006b44                __vector_119
 .text.avr-libc.fplib
                0x00006bf4        0xe c:/program files (x86)/atmel/studio/7.0/toolchain/avr8/avr8-gnu-toolchain/bin/../lib/gcc/avr/5.4.0/../../../../avr/lib/avrxmega6\libm.a(addsf3.o)
                0x00006bf4                __subsf3
                0x00006bf6                __addsf3
 .text.avr-libc.fplib
                0x00006c02       0xcc c:/program files (x86)/atmel/studio/7.0/toolchain/avr8/avr8-gnu-toolchain/bin/../lib/gcc/avr/5.4.0/../../../../avr/lib/avrxmega6\libm.a(addsf3x.o)
                0x00006c24                __addsf3x
 .text.avr-libc.fplib
                0x00006cce        0x8 c:/program files (x86)/atmel/studio/7.0/toolchain/avr8/avr8-gnu-toolchain/bin/../lib/gcc/avr/5.4.0/../../../../avr/lib/avrxmega6\libm.a(divsf3.o)
                0x00006cce                __divsf3
 .text.avr-libc.fplib
                0x00006cd6       0xdc c:/program files (x86)/atmel/studio/7.0/toolchain/avr8/avr8-gnu-toolchain/bin/../lib/gcc/avr/5.4.0/../../../../avr/lib/avrxmega6\libm.a(divsf3x.o)
                0x00006cf6                __divsf3x
                0x00006cfc                __divsf3_pse
 .text.avr-libc.fplib
                0x00006db2       0x5e c:/program files (x86)/atmel/studio/7.0/toolchain/avr8/avr8-gnu-toolchain/bin/../lib/gcc/avr/5.4.0/../../../../avr/lib/avrxmega6\libm.a(fixunssfsi.o)
                0x00006db2                __fixunssfsi
 .text.avr-libc.fplib
                0x00006e10       0x7a c:/program files (x86)/atmel/studio/7.0/toolchain/avr8/avr8-gnu-toolchain/bin/../lib/gcc/avr/5.4.0/../../../../avr/lib/avrxmega6\libm.a(floatsisf.o)
                0x00006e10                __floatunsisf
                0x00006e14                __floatsisf
 .text.avr-libc.fplib
                0x00006e8a        0xc c:/program files (x86)/atmel/studio/7.0/toolchain/avr8/avr8-gnu-toolchain/bin/../lib/gcc/avr/5.4.0/../../../../avr/lib/avrxmega6\libm.a(fp_inf.o)
                0x00006e8a                __fp_inf
 .text.avr-libc.fplib
                0x00006e96        0x6 c:/program files (x86)/atmel/studio/7.0/toolchain/avr8/avr8-gnu-toolchain/bin/../lib/gcc/avr/5.4.0/../../../../avr/lib/avrxmega6\libm.a(fp_nan.o)
                0x00006e96                __fp_nan
 .text.avr-libc.fplib
                0x00006e9c        0xe c:/program files (x86)/atmel/studio/7.0/toolchain/avr8/avr8-gnu-toolchain/bin/../lib/gcc/avr/5.4.0/../../../../avr/lib/avrxmega6\libm.a(fp_pscA.o)
                0x00006e9c                __fp_pscA
 .text.avr-libc.fplib
                0x00006eaa        0xe c:/program files (x86)/atmel/studio/7.0/toolchain/avr8/avr8-gnu-toolchain/bin/../lib/gcc/avr/5.4.0/../../../../avr/lib/avrxmega6\libm.a(fp_pscB.o)
                0x00006eaa                __fp_pscB
 .text.avr-libc.fplib
                0x00006eb8       0x22 c:/program files (x86)/atmel/studio/7.0/toolchain/avr8/avr8-gnu-toolchain/bin/../lib/gcc/avr/5.4.0/../../../../avr/lib/avrxmega6\libm.a(fp_round.o)
                0x00006eb8                __fp_round
 .text.avr-libc.fplib
                0x00006eda       0x44 c:/program files (x86)/atmel/studio/7.0/toolchain/avr8/avr8-gnu-toolchain/bin/../lib/gcc/avr/5.4.0/../../../../avr/lib/avrxmega6\libm.a(fp_split3.o)
                0x00006eda                __fp_split3
                0x00006eea                __fp_splitA
 .text.avr-libc.fplib
                0x00006f1e        0xe c:/program files (x86)/atmel/studio/7.0/toolchain/avr8/avr8-gnu-toolchain/bin/../lib/gcc/avr/5.4.0/../../../../avr/lib/avrxmega6\libm.a(fp_zero.o)
                0x00006f1e                __fp_zero
                0x00006f20                __fp_szero
 .text.avr-libc.fplib
                0x00006f2c        0x8 c:/program files (x86)/atmel/studio/7.0/toolchain/avr8/avr8-gnu-toolchain/bin/../lib/gcc/avr/5.4.0/../../../../avr/lib/avrxmega6\libm.a(mulsf3.o)
                0x00006f2c                __mulsf3
 .text.avr-libc.fplib
                0x00006f34       0xd2 c:/program files (x86)/atmel/studio/7.0/toolchain/avr8/avr8-gnu-toolchain/bin/../lib/gcc/avr/5.4.0/../../../../avr/lib/avrxmega6\libm.a(mulsf3x.o)
                0x00006f52                __mulsf3x
                0x00006f58                __mulsf3_pse
 .text.libgcc.mul
                0x00007006       0x20 c:/program files (x86)/atmel/studio/7.0/toolchain/avr8/avr8-gnu-toolchain/bin/../lib/gcc/avr/5.4.0/avrxmega6\libgcc.a(_mulsi3.o)
                0x00007006                __mulsi3
 .text.libgcc.div
                0x00007026       0x28 c:/program files (x86)/atmel/studio/7.0/toolchain/avr8/avr8-gnu-toolchain/bin/../lib/gcc/avr/5.4.0/avrxmega6\libgcc.a(_udivmodhi4.o)
                0x00007026                __udivmodhi4
 .text.libgcc.div
                0x0000704e       0x44 c:/program files (x86)/atmel/studio/7.0/toolchain/avr8/avr8-gnu-toolchain/bin/../lib/gcc/avr/5.4.0/avrxmega6\libgcc.a(_udivmodsi4.o)
                0x0000704e                __udivmodsi4
 .text.libgcc   0x00007092       0x10 c:/program files (x86)/atmel/studio/7.0/toolchain/avr8/avr8-gnu-toolchain/bin/../lib/gcc/avr/5.4.0/avrxmega6\libgcc.a(_tablejump2.o)
                0x00007092                __tablejump2__
 .text.libgcc.mul
                0x000070a2       0x1e c:/program files (x86)/atmel/studio/7.0/toolchain/avr8/avr8-gnu-toolchain/bin/../lib/gcc/avr/5.4.0/avrxmega6\libgcc.a(_umulhisi3.o)
                0x000070a2                __umulhisi3
 .text.libgcc.mul
                0x000070c0       0x16 c:/program files (x86)/atmel/studio/7.0/toolchain/avr8/avr8-gnu-toolchain/bin/../lib/gcc/avr/5.4.0/avrxmega6\libgcc.a(_muluhisi3.o)
                0x000070c0                __muluhisi3
 .text.avr-libc
                0x000070d6      0x1b0 c:/program files (x86)/atmel/studio/7.0/toolchain/avr8/avr8-gnu-toolchain/bin/../lib/gcc/avr/5.4.0/../../../../avr/lib/avrxmega6\libc.a(ftoa_engine.o)
                0x000070d6                __ftoa_engine
 .text.avr-libc
                0x00007286       0x12 c:/program files (x86)/atmel/studio/7.0/toolchain/avr8/avr8-gnu-toolchain/bin/../lib/gcc/avr/5.4.0/../../../../avr/lib/avrxmega6\libc.a(memcpy.o)
                0x00007286                memcpy
 .text.avr-libc
                0x00007298        0xe c:/program files (x86)/atmel/studio/7.0/toolchain/avr8/avr8-gnu-toolchain/bin/../lib/gcc/avr/5.4.0/../../../../avr/lib/avrxmega6\libc.a(memset.o)
                0x00007298                memset
 .text.avr-libc
                0x000072a6       0x1e c:/program files (x86)/atmel/studio/7.0/toolchain/avr8/avr8-gnu-toolchain/bin/../lib/gcc/avr/5.4.0/../../../../avr/lib/avrxmega6\libc.a(strncpy.o)
                0x000072a6                strncpy
 .text.avr-libc
                0x000072c4       0x16 c:/program files (x86)/atmel/studio/7.0/toolchain/avr8/avr8-gnu-toolchain/bin/../lib/gcc/avr/5.4.0/../../../../avr/lib/avrxmega6\libc.a(itoa_ncheck.o)
                0x000072c4                __itoa_ncheck
 .text.avr-libc
                0x000072da       0x1e c:/program files (x86)/atmel/studio/7.0/toolchain/avr8/avr8-gnu-toolchain/bin/../lib/gcc/avr/5.4.0/../../../../avr/lib/avrxmega6\libc.a(ltoa_ncheck.o)
                0x000072da                __ltoa_ncheck
 .text.avr-libc
                0x000072f8       0x16 c:/program files (x86)/atmel/studio/7.0/toolchain/avr8/avr8-gnu-toolchain/bin/../lib/gcc/avr/5.4.0/../../../../avr/lib/avrxmega6\libc.a(ultoa.o)
                0x000072f8                ultoa
                0x000072f8                __ultoa
 .text.avr-libc
                0x0000730e       0x44 c:/program files (x86)/atmel/studio/7.0/toolchain/avr8/avr8-gnu-toolchain/bin/../lib/gcc/avr/5.4.0/../../../../avr/lib/avrxmega6\libc.a(ultoa_ncheck.o)
                0x0000730e                __ultoa_ncheck
                0x00007310                __ultoa_common
 .text.avr-libc
                0x00007352       0x16 c:/program files (x86)/atmel/studio/7.0/toolchain/avr8/avr8-gnu-toolchain/bin/../lib/gcc/avr/5.4.0/../../../../avr/lib/avrxmega6\libc.a(utoa.o)
                0x00007352                __utoa
                0x00007352                utoa
 .text.avr-libc
                0x00007368       0x34 c:/program files (x86)/atmel/studio/7.0/toolchain/avr8/avr8-gnu-toolchain/bin/../lib/gcc/avr/5.4.0/../../../../avr/lib/avrxmega6\libc.a(utoa_ncheck.o)
                0x00007368                __utoa_ncheck
                0x0000736a                __utoa_common
 .text.avr-libc
                0x0000739c       0x20 c:/program files (x86)/atmel/studio/7.0/toolchain/avr8/avr8-gnu-toolchain/bin/../lib/gcc/avr/5.4.0/../../../../avr/lib/avrxmega6\libc.a(strrev.o)
                0x0000739c                strrev
                0x000073bc                . = ALIGN (0x2)
 *(.fini9)
 .fini9         0x000073bc        0x0 c:/program files (x86)/atmel/studio/7.0/toolchain/avr8/avr8-gnu-toolchain/bin/../lib/gcc/avr/5.4.0/avrxmega6\libgcc.a(_exit.o)
                0x000073bc                _exit
                0x000073bc                exit
 *(.fini9)
 *(.fini8)
 *(.fini8)
 *(.fini7)
 *(.fini7)
 *(.fini6)
 *(.fini6)
 *(.fini5)
 *(.fini5)
 *(.fini4)
 *(.fini4)
 *(.fini3)
 *(.fini3)
 *(.fini2)
 *(.fini2)
 *(.fini1)
 *(.fini1)
 *(.fini0)
 .fini0         0x000073bc        0x4 c:/program files (x86)/atmel/studio/7.0/toolchain/avr8/avr8-gnu-toolchain/bin/../lib/gcc/avr/5.4.0/avrxmega6\libgcc.a(_exit.o)
 *(.fini0)
                0x000073c0                _etext = .

.data           0x00802000       0xd6 load address 0x000073c0
                0x00802000                PROVIDE (__data_start, .)
 *(.data)
 *(.data*)
 .data.xFreeBytesRemaining
                0x00802000        0x2 Source/lib/freertos/heap_2.o
 .data.xNextTaskUnblockTime
                0x00802002        0x4 Source/lib/freertos/tasks.o
 .data.bts_glob_prec
                0x00802006        0x1 Source/lib/serial/emstream.o
                0x00802006                bts_glob_prec
 *(.gnu.linkonce.d*)
 *(.rodata)
 *(.rodata*)
 .rodata._ZTV7task_md
                0x00802007        0x8 Source/lib/Tasks/task_md.o
                0x00802007                _ZTV7task_md
 .rodata.str1.1
                0x0080200f       0x10 Source/lib/Tasks/task_sensor.o
 .rodata._ZTV11task_sensor
                0x0080201f        0x8 Source/lib/Tasks/task_sensor.o
                0x0080201f                _ZTV11task_sensor
 .rodata._ZTV9task_user
                0x00802027        0x8 Source/lib/Tasks/task_user.o
                0x00802027                _ZTV9task_user
 .rodata.str1.1
                0x0080202f       0x40 Source/main.o
 .rodata._ZTV9frt_queueImE
                0x0080206f       0x24 Source/main.o
                0x0080206f                _ZTV9frt_queueImE
 .rodata.str1.1
                0x00802093        0x5 Source/lib/freertos/tasks.o
 .rodata._ZTV8frt_task
                0x00802098        0x8 Source/lib/frtcpp/frt_task_status.o
                0x00802098                _ZTV8frt_task
 .rodata._ZTV14frt_text_queue
                0x008020a0       0x10 Source/lib/frtcpp/frt_text_queue.o
                0x008020a0                _ZTV14frt_text_queue
 .rodata._ZTV8emstream
                0x008020b0       0x10 Source/lib/serial/emstream.o
                0x008020b0                _ZTV8emstream
 .rodata.str1.1
                0x008020c0        0x6 Source/lib/serial/emstream_float.o
                                  0xa (size before relaxing)
 .rodata._ZTV5rs232
                0x008020c6       0x10 Source/lib/serial/rs232int.o
                0x008020c6                _ZTV5rs232
 *(.gnu.linkonce.r*)
                0x008020d6                . = ALIGN (0x2)
                0x008020d6                _edata = .
                0x008020d6                PROVIDE (__data_end, .)

.bss            0x008020d6     0x211f
                0x008020d6                PROVIDE (__bss_start, .)
 *(.bss)
 *(.bss*)
 .bss.zmotor_on
                0x008020d6        0x1 Source/main.o
                0x008020d6                zmotor_on
 .bss.ymotor_on
                0x008020d7        0x1 Source/main.o
                0x008020d7                ymotor_on
 .bss.xmotor_on
                0x008020d8        0x1 Source/main.o
                0x008020d8                xmotor_on
 .bss.incremental_mode
                0x008020d9        0x1 Source/main.o
                0x008020d9                incremental_mode
 .bss.direct_mode
                0x008020da        0x1 Source/main.o
                0x008020da                direct_mode
 .bss.coordinate_mode
                0x008020db        0x1 Source/main.o
                0x008020db                coordinate_mode
 .bss.configuration_mode
                0x008020dc        0x1 Source/main.o
                0x008020dc                configuration_mode
 .bss.zlocations
                0x008020dd        0xa Source/main.o
                0x008020dd                zlocations
 .bss.ylocations
                0x008020e7        0xa Source/main.o
                0x008020e7                ylocations
 .bss.xlocations
                0x008020f1        0xa Source/main.o
                0x008020f1                xlocations
 .bss.print_ser_queue
                0x008020fb       0x10 Source/main.o
                0x008020fb                print_ser_queue
 .bss.md_z      0x0080210b        0x2 Source/main.o
                0x0080210b                md_z
 .bss.md_y      0x0080210d        0x2 Source/main.o
                0x0080210d                md_y
 .bss.md_x      0x0080210f        0x2 Source/main.o
                0x0080210f                md_x
 .bss.lim_z2    0x00802111        0x2 Source/main.o
                0x00802111                lim_z2
 .bss.lim_z1    0x00802113        0x2 Source/main.o
                0x00802113                lim_z1
 .bss.lim_y2    0x00802115        0x2 Source/main.o
                0x00802115                lim_y2
 .bss.lim_y1    0x00802117        0x2 Source/main.o
                0x00802117                lim_y1
 .bss.lim_x2    0x00802119        0x2 Source/main.o
                0x00802119                lim_x2
 .bss.lim_x1    0x0080211b        0x2 Source/main.o
                0x0080211b                lim_x1
 .bss.sbg01     0x0080211d        0x2 Source/main.o
                0x0080211d                sbg01
 .bss.adc       0x0080211f        0x2 Source/main.o
                0x0080211f                adc
 .bss.gen_max_v
                0x00802121        0x4 Source/main.o
                0x00802121                gen_max_v
 .bss.drawing_mode
                0x00802125        0x1 Source/main.o
                0x00802125                drawing_mode
 .bss.reset     0x00802126        0x1 Source/main.o
                0x00802126                reset
 .bss.ramp_run_span
                0x00802127        0x4 Source/main.o
                0x00802127                ramp_run_span
 .bss.z_max_velocity
                0x0080212b        0xa Source/main.o
                0x0080212b                z_max_velocity
 .bss.y_max_velocity
                0x00802135        0xa Source/main.o
                0x00802135                y_max_velocity
 .bss.x_max_velocity
                0x0080213f        0xa Source/main.o
                0x0080213f                x_max_velocity
 .bss.pause     0x00802149        0x1 Source/main.o
                0x00802149                pause
 .bss.total_nodes
                0x0080214a        0x2 Source/main.o
                0x0080214a                total_nodes
 .bss.next_node
                0x0080214c        0x1 Source/main.o
                0x0080214c                next_node
 .bss.microstep_scaler
                0x0080214d        0x4 Source/main.o
                0x0080214d                microstep_scaler
 .bss.sensor_delay
                0x00802151        0x4 Source/main.o
                0x00802151                sensor_delay
 .bss.initialization_complete
                0x00802155        0x1 Source/main.o
                0x00802155                initialization_complete
 .bss.sensor_sample_number
                0x00802156        0x4 Source/main.o
                0x00802156                sensor_sample_number
 .bss.sensor_reading
                0x0080215a        0x1 Source/main.o
                0x0080215a                sensor_reading
 .bss.heat_flux
                0x0080215b        0x4 Source/main.o
                0x0080215b                heat_flux
 .bss.sensor_complete
                0x0080215f        0x1 Source/main.o
                0x0080215f                sensor_complete
 .bss.zmotor_complete
                0x00802160        0x1 Source/main.o
                0x00802160                zmotor_complete
 .bss.ymotor_complete
                0x00802161        0x1 Source/main.o
                0x00802161                ymotor_complete
 .bss.xmotor_complete
                0x00802162        0x1 Source/main.o
                0x00802162                xmotor_complete
 .bss.xHeapHasBeenInitialised.4146
                0x00802163        0x1 Source/lib/freertos/heap_2.o
 .bss.xEnd      0x00802164        0x4 Source/lib/freertos/heap_2.o
 .bss.xStart    0x00802168        0x4 Source/lib/freertos/heap_2.o
 .bss.xHeap     0x0080216c     0x1fff Source/lib/freertos/heap_2.o
 .bss.uxTaskNumber
                0x0080416b        0x1 Source/lib/freertos/tasks.o
 .bss.xNumOfOverflows
                0x0080416c        0x1 Source/lib/freertos/tasks.o
 .bss.xMissedYield
                0x0080416d        0x1 Source/lib/freertos/tasks.o
 .bss.uxMissedTicks
                0x0080416e        0x1 Source/lib/freertos/tasks.o
 .bss.uxSchedulerSuspended
                0x0080416f        0x1 Source/lib/freertos/tasks.o
 .bss.xSchedulerRunning
                0x00804170        0x1 Source/lib/freertos/tasks.o
 .bss.uxTopReadyPriority
                0x00804171        0x1 Source/lib/freertos/tasks.o
 .bss.uxTopUsedPriority
                0x00804172        0x1 Source/lib/freertos/tasks.o
 .bss.xTickCount
                0x00804173        0x4 Source/lib/freertos/tasks.o
 .bss.uxCurrentNumberOfTasks
                0x00804177        0x1 Source/lib/freertos/tasks.o
 .bss.xIdleTaskHandle
                0x00804178        0x2 Source/lib/freertos/tasks.o
 .bss.xPendingReadyList
                0x0080417a        0xb Source/lib/freertos/tasks.o
 .bss.pxOverflowDelayedTaskList
                0x00804185        0x2 Source/lib/freertos/tasks.o
 .bss.pxDelayedTaskList
                0x00804187        0x2 Source/lib/freertos/tasks.o
 .bss.xDelayedTaskList2
                0x00804189        0xb Source/lib/freertos/tasks.o
 .bss.xDelayedTaskList1
                0x00804194        0xb Source/lib/freertos/tasks.o
 .bss.pxReadyTasksLists
                0x0080419f       0x2c Source/lib/freertos/tasks.o
 .bss.pxCurrentTCB
                0x008041cb        0x2 Source/lib/freertos/tasks.o
                0x008041cb                pxCurrentTCB
 .bss.last_created_task_pointer
                0x008041cd        0x2 Source/lib/frtcpp/frt_task.o
                0x008041cd                last_created_task_pointer
 .bss.rcvF0_write_index
                0x008041cf        0x2 Source/lib/serial/rs232int.o
                0x008041cf                rcvF0_write_index
 .bss.rcvE0_write_index
                0x008041d1        0x2 Source/lib/serial/rs232int.o
                0x008041d1                rcvE0_write_index
 .bss.rcvD1_write_index
                0x008041d3        0x2 Source/lib/serial/rs232int.o
                0x008041d3                rcvD1_write_index
 .bss.rcvD0_write_index
                0x008041d5        0x2 Source/lib/serial/rs232int.o
                0x008041d5                rcvD0_write_index
 .bss.rcvC1_write_index
                0x008041d7        0x2 Source/lib/serial/rs232int.o
                0x008041d7                rcvC1_write_index
 .bss.rcvC0_write_index
                0x008041d9        0x2 Source/lib/serial/rs232int.o
                0x008041d9                rcvC0_write_index
 .bss.rcvF0_read_index
                0x008041db        0x2 Source/lib/serial/rs232int.o
                0x008041db                rcvF0_read_index
 .bss.rcvE0_read_index
                0x008041dd        0x2 Source/lib/serial/rs232int.o
                0x008041dd                rcvE0_read_index
 .bss.rcvD1_read_index
                0x008041df        0x2 Source/lib/serial/rs232int.o
                0x008041df                rcvD1_read_index
 .bss.rcvD0_read_index
                0x008041e1        0x2 Source/lib/serial/rs232int.o
                0x008041e1                rcvD0_read_index
 .bss.rcvC1_read_index
                0x008041e3        0x2 Source/lib/serial/rs232int.o
                0x008041e3                rcvC1_read_index
 .bss.rcvC0_read_index
                0x008041e5        0x2 Source/lib/serial/rs232int.o
                0x008041e5                rcvC0_read_index
 .bss.rcvF0_buffer
                0x008041e7        0x2 Source/lib/serial/rs232int.o
                0x008041e7                rcvF0_buffer
 .bss.rcvE0_buffer
                0x008041e9        0x2 Source/lib/serial/rs232int.o
                0x008041e9                rcvE0_buffer
 .bss.rcvD1_buffer
                0x008041eb        0x2 Source/lib/serial/rs232int.o
                0x008041eb                rcvD1_buffer
 .bss.rcvD0_buffer
                0x008041ed        0x2 Source/lib/serial/rs232int.o
                0x008041ed                rcvD0_buffer
 .bss.rcvC1_buffer
                0x008041ef        0x2 Source/lib/serial/rs232int.o
                0x008041ef                rcvC1_buffer
 .bss.rcvC0_buffer
                0x008041f1        0x2 Source/lib/serial/rs232int.o
                0x008041f1                rcvC0_buffer
 *(COMMON)
 COMMON         0x008041f3        0x2 Source/lib/freertos/port.o
                0x008041f3                portStackTopForTask
                0x008041f5                PROVIDE (__bss_end, .)
                0x000073c0                __data_load_start = LOADADDR (.data)
                0x00007496                __data_load_end = (__data_load_start + SIZEOF (.data))

.noinit         0x008041f5        0x0
                [!provide]                PROVIDE (__noinit_start, .)
 *(.noinit*)
                [!provide]                PROVIDE (__noinit_end, .)
                0x008041f5                _end = .
                [!provide]                PROVIDE (__heap_start, .)

.eeprom         0x00810000        0x0
 *(.eeprom*)
                0x00810000                __eeprom_end = .

.fuse
 *(.fuse)
 *(.lfuse)
 *(.hfuse)
 *(.efuse)

.lock
 *(.lock*)

.signature
 *(.signature*)

.user_signatures
 *(.user_signatures*)

.stab
 *(.stab)

.stabstr
 *(.stabstr)

.stab.excl
 *(.stab.excl)

.stab.exclstr
 *(.stab.exclstr)

.stab.index
 *(.stab.index)

.stab.indexstr
 *(.stab.indexstr)

.comment        0x00000000       0x30
 *(.comment)
 .comment       0x00000000       0x30 Source/lib/DeviceDriver/DM542T.o
                                 0x31 (size before relaxing)
 .comment       0x00000030       0x31 Source/lib/DeviceDriver/LimitSwitch.o
 .comment       0x00000030       0x31 Source/lib/DeviceDriver/SBG01.o
 .comment       0x00000030       0x31 Source/lib/Motion/MotionControl.o
 .comment       0x00000030       0x31 Source/lib/Motion/VelocityControl.o
 .comment       0x00000030       0x31 Source/lib/PeripheralDriver/ADC.o
 .comment       0x00000030       0x31 Source/lib/PeripheralDriver/EventInterrupt.o
 .comment       0x00000030       0x31 Source/lib/PeripheralDriver/InterruptTimer.o
 .comment       0x00000030       0x31 Source/lib/Tasks/task_md.o
 .comment       0x00000030       0x31 Source/lib/Tasks/task_sensor.o
 .comment       0x00000030       0x31 Source/lib/Tasks/task_user.o
 .comment       0x00000030       0x31 Source/main.o
 .comment       0x00000030       0x31 Source/lib/freertos/heap_2.o
 .comment       0x00000030       0x31 Source/lib/freertos/list.o
 .comment       0x00000030       0x31 Source/lib/freertos/port.o
 .comment       0x00000030       0x31 Source/lib/freertos/queue.o
 .comment       0x00000030       0x31 Source/lib/freertos/tasks.o
 .comment       0x00000030       0x31 Source/lib/frtcpp/frt_task.o
 .comment       0x00000030       0x31 Source/lib/frtcpp/frt_task_status.o
 .comment       0x00000030       0x31 Source/lib/frtcpp/frt_text_queue.o
 .comment       0x00000030       0x31 Source/lib/misc/mechutil.o
 .comment       0x00000030       0x31 Source/lib/serial/base232.o
 .comment       0x00000030       0x31 Source/lib/serial/emstream.o
 .comment       0x00000030       0x31 Source/lib/serial/emstream_float.o
 .comment       0x00000030       0x31 Source/lib/serial/emstream_int16_t.o
 .comment       0x00000030       0x31 Source/lib/serial/emstream_int32_t.o
 .comment       0x00000030       0x31 Source/lib/serial/emstream_uint16_t.o
 .comment       0x00000030       0x31 Source/lib/serial/emstream_uint32_t.o
 .comment       0x00000030       0x31 Source/lib/serial/emstream_uint8_t.o
 .comment       0x00000030       0x31 Source/lib/serial/rs232int.o

.note.gnu.avr.deviceinfo
                0x00000000       0x44
 .note.gnu.avr.deviceinfo
                0x00000000       0x44 C:/Program Files (x86)/Atmel/Studio/7.0/Packs/atmel/XMEGAA_DFP/1.1.68/gcc/dev/atxmega256a3bu/avrxmega6/crtatxmega256a3bu.o

.note.gnu.build-id
 *(.note.gnu.build-id)

.debug
 *(.debug)

.line
 *(.line)

.debug_srcinfo
 *(.debug_srcinfo)

.debug_sfnames
 *(.debug_sfnames)

.debug_aranges  0x00000000      0x990
 *(.debug_aranges)
 .debug_aranges
                0x00000000       0x80 Source/lib/DeviceDriver/DM542T.o
 .debug_aranges
                0x00000080       0x38 Source/lib/DeviceDriver/LimitSwitch.o
 .debug_aranges
                0x000000b8       0x48 Source/lib/DeviceDriver/SBG01.o
 .debug_aranges
                0x00000100       0x50 Source/lib/Motion/MotionControl.o
 .debug_aranges
                0x00000150       0x40 Source/lib/Motion/VelocityControl.o
 .debug_aranges
                0x00000190       0x38 Source/lib/PeripheralDriver/ADC.o
 .debug_aranges
                0x000001c8       0x20 Source/lib/PeripheralDriver/EventInterrupt.o
 .debug_aranges
                0x000001e8       0x60 Source/lib/PeripheralDriver/InterruptTimer.o
 .debug_aranges
                0x00000248       0x58 Source/lib/Tasks/task_md.o
 .debug_aranges
                0x000002a0       0x38 Source/lib/Tasks/task_sensor.o
 .debug_aranges
                0x000002d8       0x70 Source/lib/Tasks/task_user.o
 .debug_aranges
                0x00000348      0x128 Source/main.o
 .debug_aranges
                0x00000470       0x38 Source/lib/freertos/heap_2.o
 .debug_aranges
                0x000004a8       0x40 Source/lib/freertos/list.o
 .debug_aranges
                0x000004e8       0x48 Source/lib/freertos/port.o
 .debug_aranges
                0x00000530       0x98 Source/lib/freertos/queue.o
 .debug_aranges
                0x000005c8       0xf0 Source/lib/freertos/tasks.o
 .debug_aranges
                0x000006b8       0x40 Source/lib/frtcpp/frt_task.o
 .debug_aranges
                0x000006f8       0x38 Source/lib/frtcpp/frt_task_status.o
 .debug_aranges
                0x00000730       0x38 Source/lib/frtcpp/frt_text_queue.o
 .debug_aranges
                0x00000768       0x60 Source/lib/misc/mechutil.o
 .debug_aranges
                0x000007c8       0x30 Source/lib/serial/base232.o
 .debug_aranges
                0x000007f8       0x60 Source/lib/serial/emstream.o
 .debug_aranges
                0x00000858       0x28 Source/lib/serial/emstream_float.o
 .debug_aranges
                0x00000880       0x20 Source/lib/serial/emstream_int16_t.o
 .debug_aranges
                0x000008a0       0x20 Source/lib/serial/emstream_int32_t.o
 .debug_aranges
                0x000008c0       0x20 Source/lib/serial/emstream_uint16_t.o
 .debug_aranges
                0x000008e0       0x20 Source/lib/serial/emstream_uint32_t.o
 .debug_aranges
                0x00000900       0x20 Source/lib/serial/emstream_uint8_t.o
 .debug_aranges
                0x00000920       0x70 Source/lib/serial/rs232int.o

.debug_pubnames
 *(.debug_pubnames)

.debug_info     0x00000000    0x1f22b
 *(.debug_info .gnu.linkonce.wi.*)
 .debug_info    0x00000000     0x3379 C:/Program Files (x86)/Atmel/Studio/7.0/Packs/atmel/XMEGAA_DFP/1.1.68/gcc/dev/atxmega256a3bu/avrxmega6/crtatxmega256a3bu.o
 .debug_info    0x00003379     0x1c11 Source/lib/DeviceDriver/DM542T.o
 .debug_info    0x00004f8a      0x555 Source/lib/DeviceDriver/LimitSwitch.o
 .debug_info    0x000054df      0x8cf Source/lib/DeviceDriver/SBG01.o
 .debug_info    0x00005dae      0x40b Source/lib/Motion/MotionControl.o
 .debug_info    0x000061b9     0x13ff Source/lib/Motion/VelocityControl.o
 .debug_info    0x000075b8      0x6c7 Source/lib/PeripheralDriver/ADC.o
 .debug_info    0x00007c7f      0x35a Source/lib/PeripheralDriver/EventInterrupt.o
 .debug_info    0x00007fd9     0x1242 Source/lib/PeripheralDriver/InterruptTimer.o
 .debug_info    0x0000921b     0x3daf Source/lib/Tasks/task_md.o
 .debug_info    0x0000cfca     0x2231 Source/lib/Tasks/task_sensor.o
 .debug_info    0x0000f1fb     0x400c Source/lib/Tasks/task_user.o
 .debug_info    0x00013207     0x4b5b Source/main.o
 .debug_info    0x00017d62      0x30f Source/lib/freertos/heap_2.o
 .debug_info    0x00018071      0x2c5 Source/lib/freertos/list.o
 .debug_info    0x00018336      0x275 Source/lib/freertos/port.o
 .debug_info    0x000185ab      0xdde Source/lib/freertos/queue.o
 .debug_info    0x00019389     0x1301 Source/lib/freertos/tasks.o
 .debug_info    0x0001a68a      0x9eb Source/lib/frtcpp/frt_task.o
 .debug_info    0x0001b075     0x10e6 Source/lib/frtcpp/frt_task_status.o
 .debug_info    0x0001c15b      0x410 Source/lib/frtcpp/frt_text_queue.o
 .debug_info    0x0001c56b      0x29c Source/lib/misc/mechutil.o
 .debug_info    0x0001c807      0x482 Source/lib/serial/base232.o
 .debug_info    0x0001cc89      0xa2f Source/lib/serial/emstream.o
 .debug_info    0x0001d6b8      0x50c Source/lib/serial/emstream_float.o
 .debug_info    0x0001dbc4      0x27d Source/lib/serial/emstream_int16_t.o
 .debug_info    0x0001de41      0x289 Source/lib/serial/emstream_int32_t.o
 .debug_info    0x0001e0ca      0x2b8 Source/lib/serial/emstream_uint16_t.o
 .debug_info    0x0001e382      0x2e0 Source/lib/serial/emstream_uint32_t.o
 .debug_info    0x0001e662      0x2d8 Source/lib/serial/emstream_uint8_t.o
 .debug_info    0x0001e93a      0x8f1 Source/lib/serial/rs232int.o

.debug_abbrev   0x00000000     0x7a74
 *(.debug_abbrev)
 .debug_abbrev  0x00000000     0x30c4 C:/Program Files (x86)/Atmel/Studio/7.0/Packs/atmel/XMEGAA_DFP/1.1.68/gcc/dev/atxmega256a3bu/avrxmega6/crtatxmega256a3bu.o
 .debug_abbrev  0x000030c4      0x286 Source/lib/DeviceDriver/DM542T.o
 .debug_abbrev  0x0000334a      0x204 Source/lib/DeviceDriver/LimitSwitch.o
 .debug_abbrev  0x0000354e      0x2c8 Source/lib/DeviceDriver/SBG01.o
 .debug_abbrev  0x00003816      0x18c Source/lib/Motion/MotionControl.o
 .debug_abbrev  0x000039a2      0x2ad Source/lib/Motion/VelocityControl.o
 .debug_abbrev  0x00003c4f      0x284 Source/lib/PeripheralDriver/ADC.o
 .debug_abbrev  0x00003ed3      0x129 Source/lib/PeripheralDriver/EventInterrupt.o
 .debug_abbrev  0x00003ffc      0x276 Source/lib/PeripheralDriver/InterruptTimer.o
 .debug_abbrev  0x00004272      0x4c4 Source/lib/Tasks/task_md.o
 .debug_abbrev  0x00004736      0x4c1 Source/lib/Tasks/task_sensor.o
 .debug_abbrev  0x00004bf7      0x4a3 Source/lib/Tasks/task_user.o
 .debug_abbrev  0x0000509a      0x67b Source/main.o
 .debug_abbrev  0x00005715      0x1a9 Source/lib/freertos/heap_2.o
 .debug_abbrev  0x000058be       0xf6 Source/lib/freertos/list.o
 .debug_abbrev  0x000059b4      0x16b Source/lib/freertos/port.o
 .debug_abbrev  0x00005b1f      0x1f2 Source/lib/freertos/queue.o
 .debug_abbrev  0x00005d11      0x2c2 Source/lib/freertos/tasks.o
 .debug_abbrev  0x00005fd3      0x301 Source/lib/frtcpp/frt_task.o
 .debug_abbrev  0x000062d4      0x354 Source/lib/frtcpp/frt_task_status.o
 .debug_abbrev  0x00006628      0x1ec Source/lib/frtcpp/frt_text_queue.o
 .debug_abbrev  0x00006814      0x12e Source/lib/misc/mechutil.o
 .debug_abbrev  0x00006942      0x182 Source/lib/serial/base232.o
 .debug_abbrev  0x00006ac4      0x344 Source/lib/serial/emstream.o
 .debug_abbrev  0x00006e08      0x1b3 Source/lib/serial/emstream_float.o
 .debug_abbrev  0x00006fbb      0x183 Source/lib/serial/emstream_int16_t.o
 .debug_abbrev  0x0000713e      0x183 Source/lib/serial/emstream_int32_t.o
 .debug_abbrev  0x000072c1      0x1b7 Source/lib/serial/emstream_uint16_t.o
 .debug_abbrev  0x00007478      0x1b7 Source/lib/serial/emstream_uint32_t.o
 .debug_abbrev  0x0000762f      0x1a6 Source/lib/serial/emstream_uint8_t.o
 .debug_abbrev  0x000077d5      0x29f Source/lib/serial/rs232int.o

.debug_line     0x00000000     0x75ff
 *(.debug_line .debug_line.* .debug_line_end)
 .debug_line    0x00000000      0x39d C:/Program Files (x86)/Atmel/Studio/7.0/Packs/atmel/XMEGAA_DFP/1.1.68/gcc/dev/atxmega256a3bu/avrxmega6/crtatxmega256a3bu.o
 .debug_line    0x0000039d      0x369 Source/lib/DeviceDriver/DM542T.o
 .debug_line    0x00000706      0x208 Source/lib/DeviceDriver/LimitSwitch.o
 .debug_line    0x0000090e      0x20a Source/lib/DeviceDriver/SBG01.o
 .debug_line    0x00000b18      0x185 Source/lib/Motion/MotionControl.o
 .debug_line    0x00000c9d      0x21f Source/lib/Motion/VelocityControl.o
 .debug_line    0x00000ebc      0x1d0 Source/lib/PeripheralDriver/ADC.o
 .debug_line    0x0000108c      0x20f Source/lib/PeripheralDriver/EventInterrupt.o
 .debug_line    0x0000129b      0x376 Source/lib/PeripheralDriver/InterruptTimer.o
 .debug_line    0x00001611      0xa9f Source/lib/Tasks/task_md.o
 .debug_line    0x000020b0      0x848 Source/lib/Tasks/task_sensor.o
 .debug_line    0x000028f8     0x1059 Source/lib/Tasks/task_user.o
 .debug_line    0x00003951      0x99e Source/main.o
 .debug_line    0x000042ef      0x25f Source/lib/freertos/heap_2.o
 .debug_line    0x0000454e      0x17b Source/lib/freertos/list.o
 .debug_line    0x000046c9      0x31d Source/lib/freertos/port.o
 .debug_line    0x000049e6      0x725 Source/lib/freertos/queue.o
 .debug_line    0x0000510b      0x9dc Source/lib/freertos/tasks.o
 .debug_line    0x00005ae7      0x368 Source/lib/frtcpp/frt_task.o
 .debug_line    0x00005e4f      0x39f Source/lib/frtcpp/frt_task_status.o
 .debug_line    0x000061ee      0x17d Source/lib/frtcpp/frt_text_queue.o
 .debug_line    0x0000636b      0x1c9 Source/lib/misc/mechutil.o
 .debug_line    0x00006534      0x249 Source/lib/serial/base232.o
 .debug_line    0x0000677d      0x2b4 Source/lib/serial/emstream.o
 .debug_line    0x00006a31      0x1e4 Source/lib/serial/emstream_float.o
 .debug_line    0x00006c15       0xf7 Source/lib/serial/emstream_int16_t.o
 .debug_line    0x00006d0c       0xf7 Source/lib/serial/emstream_int32_t.o
 .debug_line    0x00006e03      0x10e Source/lib/serial/emstream_uint16_t.o
 .debug_line    0x00006f11      0x10e Source/lib/serial/emstream_uint32_t.o
 .debug_line    0x0000701f      0x185 Source/lib/serial/emstream_uint8_t.o
 .debug_line    0x000071a4      0x45b Source/lib/serial/rs232int.o

.debug_frame    0x00000000     0x1f78
 *(.debug_frame)
 .debug_frame   0x00000000      0x1a4 Source/lib/DeviceDriver/DM542T.o
 .debug_frame   0x000001a4       0x60 Source/lib/DeviceDriver/LimitSwitch.o
 .debug_frame   0x00000204       0xc0 Source/lib/DeviceDriver/SBG01.o
 .debug_frame   0x000002c4       0x90 Source/lib/Motion/MotionControl.o
 .debug_frame   0x00000354       0xa4 Source/lib/Motion/VelocityControl.o
 .debug_frame   0x000003f8       0x78 Source/lib/PeripheralDriver/ADC.o
 .debug_frame   0x00000470       0x30 Source/lib/PeripheralDriver/EventInterrupt.o
 .debug_frame   0x000004a0       0xf0 Source/lib/PeripheralDriver/InterruptTimer.o
 .debug_frame   0x00000590      0x184 Source/lib/Tasks/task_md.o
 .debug_frame   0x00000714       0xdc Source/lib/Tasks/task_sensor.o
 .debug_frame   0x000007f0      0x1d4 Source/lib/Tasks/task_user.o
 .debug_frame   0x000009c4      0x6c8 Source/main.o
 .debug_frame   0x0000108c       0x7c Source/lib/freertos/heap_2.o
 .debug_frame   0x00001108       0x84 Source/lib/freertos/list.o
 .debug_frame   0x0000118c       0x74 Source/lib/freertos/port.o
 .debug_frame   0x00001200      0x20c Source/lib/freertos/queue.o
 .debug_frame   0x0000140c      0x380 Source/lib/freertos/tasks.o
 .debug_frame   0x0000178c       0xbc Source/lib/frtcpp/frt_task.o
 .debug_frame   0x00001848       0xc4 Source/lib/frtcpp/frt_task_status.o
 .debug_frame   0x0000190c       0xbc Source/lib/frtcpp/frt_text_queue.o
 .debug_frame   0x000019c8       0xa4 Source/lib/misc/mechutil.o
 .debug_frame   0x00001a6c       0x50 Source/lib/serial/base232.o
 .debug_frame   0x00001abc       0xc4 Source/lib/serial/emstream.o
 .debug_frame   0x00001b80       0xa4 Source/lib/serial/emstream_float.o
 .debug_frame   0x00001c24       0x40 Source/lib/serial/emstream_int16_t.o
 .debug_frame   0x00001c64       0x40 Source/lib/serial/emstream_int32_t.o
 .debug_frame   0x00001ca4       0x44 Source/lib/serial/emstream_uint16_t.o
 .debug_frame   0x00001ce8       0x50 Source/lib/serial/emstream_uint32_t.o
 .debug_frame   0x00001d38       0x54 Source/lib/serial/emstream_uint8_t.o
 .debug_frame   0x00001d8c      0x1ec Source/lib/serial/rs232int.o

.debug_str      0x00000000     0x83e5
 *(.debug_str)
 .debug_str     0x00000000     0x21e4 C:/Program Files (x86)/Atmel/Studio/7.0/Packs/atmel/XMEGAA_DFP/1.1.68/gcc/dev/atxmega256a3bu/avrxmega6/crtatxmega256a3bu.o
 .debug_str     0x000021e4     0x1001 Source/lib/DeviceDriver/DM542T.o
                               0x10b7 (size before relaxing)
 .debug_str     0x000031e5      0x1f2 Source/lib/DeviceDriver/LimitSwitch.o
                                0x4a8 (size before relaxing)
 .debug_str     0x000033d7      0x2eb Source/lib/DeviceDriver/SBG01.o
                                0x5c9 (size before relaxing)
 .debug_str     0x000036c2       0x5b Source/lib/Motion/MotionControl.o
                                0x458 (size before relaxing)
 .debug_str     0x0000371d       0x72 Source/lib/Motion/VelocityControl.o
                                0xc59 (size before relaxing)
 .debug_str     0x0000378f       0x6d Source/lib/PeripheralDriver/ADC.o
                                0x4c5 (size before relaxing)
 .debug_str     0x000037fc       0x6d Source/lib/PeripheralDriver/EventInterrupt.o
                                0x394 (size before relaxing)
 .debug_str     0x00003869       0x9a Source/lib/PeripheralDriver/InterruptTimer.o
                                0x870 (size before relaxing)
 .debug_str     0x00003903      0xb88 Source/lib/Tasks/task_md.o
                               0x1e1f (size before relaxing)
 .debug_str     0x0000448b      0x456 Source/lib/Tasks/task_sensor.o
                               0x1122 (size before relaxing)
 .debug_str     0x000048e1      0x4ad Source/lib/Tasks/task_user.o
                               0x12cc (size before relaxing)
 .debug_str     0x00004d8e     0x1874 Source/main.o
                               0x35aa (size before relaxing)
 .debug_str     0x00006602      0x270 Source/lib/freertos/heap_2.o
                                0x31d (size before relaxing)
 .debug_str     0x00006872      0x131 Source/lib/freertos/list.o
                                0x2ce (size before relaxing)
 .debug_str     0x000069a3      0x11f Source/lib/freertos/port.o
                                0x2db (size before relaxing)
 .debug_str     0x00006ac2      0x372 Source/lib/freertos/queue.o
                                0x6cd (size before relaxing)
 .debug_str     0x00006e34      0x4ed Source/lib/freertos/tasks.o
                                0x9a4 (size before relaxing)
 .debug_str     0x00007321      0x130 Source/lib/frtcpp/frt_task.o
                                0x511 (size before relaxing)
 .debug_str     0x00007451      0x454 Source/lib/frtcpp/frt_task_status.o
                                0x9b1 (size before relaxing)
 .debug_str     0x000078a5      0x12f Source/lib/frtcpp/frt_text_queue.o
                                0x423 (size before relaxing)
 .debug_str     0x000079d4       0xcf Source/lib/misc/mechutil.o
                                0x2ba (size before relaxing)
 .debug_str     0x00007aa3      0x10e Source/lib/serial/base232.o
                                0x3f6 (size before relaxing)
 .debug_str     0x00007bb1      0x3ed Source/lib/serial/emstream.o
                                0x7aa (size before relaxing)
 .debug_str     0x00007f9e       0x51 Source/lib/serial/emstream_float.o
                                0x2ac (size before relaxing)
 .debug_str     0x00007fef       0x55 Source/lib/serial/emstream_int16_t.o
                                0x276 (size before relaxing)
 .debug_str     0x00008044       0x3f Source/lib/serial/emstream_int32_t.o
                                0x276 (size before relaxing)
 .debug_str     0x00008083       0x4c Source/lib/serial/emstream_uint16_t.o
                                0x288 (size before relaxing)
 .debug_str     0x000080cf       0x42 Source/lib/serial/emstream_uint32_t.o
                                0x28b (size before relaxing)
 .debug_str     0x00008111       0x3a Source/lib/serial/emstream_uint8_t.o
                                0x275 (size before relaxing)
 .debug_str     0x0000814b      0x29a Source/lib/serial/rs232int.o
                                0x6c7 (size before relaxing)

.debug_loc      0x00000000     0x9db7
 *(.debug_loc)
 .debug_loc     0x00000000      0x676 Source/lib/DeviceDriver/DM542T.o
 .debug_loc     0x00000676      0x157 Source/lib/DeviceDriver/LimitSwitch.o
 .debug_loc     0x000007cd      0x276 Source/lib/DeviceDriver/SBG01.o
 .debug_loc     0x00000a43       0xdb Source/lib/Motion/MotionControl.o
 .debug_loc     0x00000b1e      0x1b9 Source/lib/Motion/VelocityControl.o
 .debug_loc     0x00000cd7      0x1b4 Source/lib/PeripheralDriver/ADC.o
 .debug_loc     0x00000e8b      0x2d4 Source/lib/PeripheralDriver/EventInterrupt.o
 .debug_loc     0x0000115f      0x42e Source/lib/PeripheralDriver/InterruptTimer.o
 .debug_loc     0x0000158d      0xd88 Source/lib/Tasks/task_md.o
 .debug_loc     0x00002315      0x8aa Source/lib/Tasks/task_sensor.o
 .debug_loc     0x00002bbf     0x153e Source/lib/Tasks/task_user.o
 .debug_loc     0x000040fd     0x1530 Source/main.o
 .debug_loc     0x0000562d      0x2b1 Source/lib/freertos/heap_2.o
 .debug_loc     0x000058de      0x136 Source/lib/freertos/list.o
 .debug_loc     0x00005a14      0x29b Source/lib/freertos/port.o
 .debug_loc     0x00005caf      0xd6d Source/lib/freertos/queue.o
 .debug_loc     0x00006a1c     0x1159 Source/lib/freertos/tasks.o
 .debug_loc     0x00007b75      0x434 Source/lib/frtcpp/frt_task.o
 .debug_loc     0x00007fa9      0x56e Source/lib/frtcpp/frt_task_status.o
 .debug_loc     0x00008517      0x2fe Source/lib/frtcpp/frt_text_queue.o
 .debug_loc     0x00008815       0xe6 Source/lib/misc/mechutil.o
 .debug_loc     0x000088fb      0x143 Source/lib/serial/base232.o
 .debug_loc     0x00008a3e      0x305 Source/lib/serial/emstream.o
 .debug_loc     0x00008d43      0x400 Source/lib/serial/emstream_float.o
 .debug_loc     0x00009143      0x12c Source/lib/serial/emstream_int16_t.o
 .debug_loc     0x0000926f      0x16a Source/lib/serial/emstream_int32_t.o
 .debug_loc     0x000093d9      0x12f Source/lib/serial/emstream_uint16_t.o
 .debug_loc     0x00009508      0x171 Source/lib/serial/emstream_uint32_t.o
 .debug_loc     0x00009679      0x1cf Source/lib/serial/emstream_uint8_t.o
 .debug_loc     0x00009848      0x56f Source/lib/serial/rs232int.o

.debug_macinfo
 *(.debug_macinfo)

.debug_weaknames
 *(.debug_weaknames)

.debug_funcnames
 *(.debug_funcnames)

.debug_typenames
 *(.debug_typenames)

.debug_varnames
 *(.debug_varnames)

.debug_pubtypes
 *(.debug_pubtypes)

.debug_ranges   0x00000000      0x840
 *(.debug_ranges)
 .debug_ranges  0x00000000       0x70 Source/lib/DeviceDriver/DM542T.o
 .debug_ranges  0x00000070       0x28 Source/lib/DeviceDriver/LimitSwitch.o
 .debug_ranges  0x00000098       0x38 Source/lib/DeviceDriver/SBG01.o
 .debug_ranges  0x000000d0       0x40 Source/lib/Motion/MotionControl.o
 .debug_ranges  0x00000110       0x30 Source/lib/Motion/VelocityControl.o
 .debug_ranges  0x00000140       0x28 Source/lib/PeripheralDriver/ADC.o
 .debug_ranges  0x00000168       0x10 Source/lib/PeripheralDriver/EventInterrupt.o
 .debug_ranges  0x00000178       0x50 Source/lib/PeripheralDriver/InterruptTimer.o
 .debug_ranges  0x000001c8       0x60 Source/lib/Tasks/task_md.o
 .debug_ranges  0x00000228       0x40 Source/lib/Tasks/task_sensor.o
 .debug_ranges  0x00000268       0x60 Source/lib/Tasks/task_user.o
 .debug_ranges  0x000002c8      0x118 Source/main.o
 .debug_ranges  0x000003e0       0x28 Source/lib/freertos/heap_2.o
 .debug_ranges  0x00000408       0x30 Source/lib/freertos/list.o
 .debug_ranges  0x00000438       0x38 Source/lib/freertos/port.o
 .debug_ranges  0x00000470       0x88 Source/lib/freertos/queue.o
 .debug_ranges  0x000004f8      0x110 Source/lib/freertos/tasks.o
 .debug_ranges  0x00000608       0x30 Source/lib/frtcpp/frt_task.o
 .debug_ranges  0x00000638       0x28 Source/lib/frtcpp/frt_task_status.o
 .debug_ranges  0x00000660       0x28 Source/lib/frtcpp/frt_text_queue.o
 .debug_ranges  0x00000688       0x50 Source/lib/misc/mechutil.o
 .debug_ranges  0x000006d8       0x20 Source/lib/serial/base232.o
 .debug_ranges  0x000006f8       0x68 Source/lib/serial/emstream.o
 .debug_ranges  0x00000760       0x18 Source/lib/serial/emstream_float.o
 .debug_ranges  0x00000778       0x10 Source/lib/serial/emstream_int16_t.o
 .debug_ranges  0x00000788       0x10 Source/lib/serial/emstream_int32_t.o
 .debug_ranges  0x00000798       0x10 Source/lib/serial/emstream_uint16_t.o
 .debug_ranges  0x000007a8       0x10 Source/lib/serial/emstream_uint32_t.o
 .debug_ranges  0x000007b8       0x10 Source/lib/serial/emstream_uint8_t.o
 .debug_ranges  0x000007c8       0x78 Source/lib/serial/rs232int.o

.debug_macro
 *(.debug_macro)
OUTPUT(FREERTOS_SHELL.elf elf32-avr)
LOAD linker stubs
